******************************************************************************
             TMS320C2000 Linker PC v22.6.1                     
******************************************************************************
>> Linked Tue Aug 13 11:25:12 2024

OUTPUT FILE NAME:   <hrpwm_ex1_duty_sfo.out>
ENTRY POINT SYMBOL: "code_start"  address: 00000000


MEMORY CONFIGURATION

         name            origin    length      used     unused   attr    fill
----------------------  --------  ---------  --------  --------  ----  --------
  BEGIN                 00000000   00000002  00000002  00000000  RWIX
  BOOT_RSVD             00000002   00000126  00000000  00000126  RWIX
  RAMM0                 00000128   000002d8  00000024  000002b4  RWIX
  RAMM1                 00000400   000003f8  00000200  000001f8  RWIX
  RAMLS0                00008000   00000800  00000800  00000000  RWIX
  RAMLS1                00008800   00000800  00000800  00000000  RWIX
  RAMLS2                00009000   00000800  000001a2  0000065e  RWIX
  RAMLS3                00009800   00000800  00000000  00000800  RWIX
  RAMLS4                0000a000   00000800  00000000  00000800  RWIX
  RAMLS5                0000a800   00000800  00000358  000004a8  RWIX
  RAMLS6_7              0000b000   00001000  00000000  00001000  RWIX
  RAMGS0                0000c000   00001000  00000000  00001000  RWIX
  RAMGS1                0000d000   00001000  00000000  00001000  RWIX
  RAMGS2                0000e000   00001000  00000000  00001000  RWIX
  RAMGS3                0000f000   00000ff8  00000000  00000ff8  RWIX
  FLASH_BANK0_SEC0      00080002   00000ffe  00000000  00000ffe  RWIX
  FLASH_BANK0_SEC1      00081000   00001000  00000000  00001000  RWIX
  FLASH_BANK0_SEC2      00082000   00001000  00000000  00001000  RWIX
  FLASH_BANK0_SEC3      00083000   00001000  00000000  00001000  RWIX
  FLASH_BANK0_SEC4      00084000   00001000  00000000  00001000  RWIX
  FLASH_BANK0_SEC5      00085000   00001000  00000000  00001000  RWIX
  FLASH_BANK0_SEC6      00086000   00001000  00000000  00001000  RWIX
  FLASH_BANK0_SEC7      00087000   00001000  00000000  00001000  RWIX
  FLASH_BANK0_SEC8      00088000   00001000  00000000  00001000  RWIX
  FLASH_BANK0_SEC9      00089000   00001000  00000000  00001000  RWIX
  FLASH_BANK0_SEC10     0008a000   00001000  00000000  00001000  RWIX
  FLASH_BANK0_SEC11     0008b000   00001000  00000000  00001000  RWIX
  FLASH_BANK0_SEC12     0008c000   00001000  00000000  00001000  RWIX
  FLASH_BANK0_SEC13     0008d000   00001000  00000000  00001000  RWIX
  FLASH_BANK0_SEC14     0008e000   00001000  00000000  00001000  RWIX
  FLASH_BANK0_SEC15     0008f000   00001000  00000000  00001000  RWIX
  FLASH_BANK1_SEC0      00090000   00001000  00000000  00001000  RWIX
  FLASH_BANK1_SEC1      00091000   00001000  00000000  00001000  RWIX
  FLASH_BANK1_SEC2      00092000   00001000  00000000  00001000  RWIX
  FLASH_BANK1_SEC3      00093000   00001000  00000000  00001000  RWIX
  FLASH_BANK1_SEC4      00094000   00001000  00000000  00001000  RWIX
  FLASH_BANK1_SEC5      00095000   00001000  00000000  00001000  RWIX
  FLASH_BANK1_SEC6      00096000   00001000  00000000  00001000  RWIX
  FLASH_BANK1_SEC7      00097000   00001000  00000000  00001000  RWIX
  FLASH_BANK1_SEC8      00098000   00001000  00000000  00001000  RWIX
  FLASH_BANK1_SEC9      00099000   00001000  00000000  00001000  RWIX
  FLASH_BANK1_SEC10     0009a000   00001000  00000000  00001000  RWIX
  FLASH_BANK1_SEC11     0009b000   00001000  00000000  00001000  RWIX
  FLASH_BANK1_SEC12     0009c000   00001000  00000000  00001000  RWIX
  FLASH_BANK1_SEC13     0009d000   00001000  00000000  00001000  RWIX
  FLASH_BANK1_SEC14     0009e000   00001000  00000000  00001000  RWIX
  FLASH_BANK1_SEC15     0009f000   00001000  00000000  00001000  RWIX
  FLASH_BANK2_SEC0      000a0000   00001000  00000000  00001000  RWIX
  FLASH_BANK2_SEC1      000a1000   00001000  00000000  00001000  RWIX
  FLASH_BANK2_SEC2      000a2000   00001000  00000000  00001000  RWIX
  FLASH_BANK2_SEC3      000a3000   00001000  00000000  00001000  RWIX
  FLASH_BANK2_SEC4      000a4000   00001000  00000000  00001000  RWIX
  FLASH_BANK2_SEC5      000a5000   00001000  00000000  00001000  RWIX
  FLASH_BANK2_SEC6      000a6000   00001000  00000000  00001000  RWIX
  FLASH_BANK2_SEC7      000a7000   00001000  00000000  00001000  RWIX
  FLASH_BANK2_SEC8      000a8000   00001000  00000000  00001000  RWIX
  FLASH_BANK2_SEC9      000a9000   00001000  00000000  00001000  RWIX
  FLASH_BANK2_SEC10     000aa000   00001000  00000000  00001000  RWIX
  FLASH_BANK2_SEC11     000ab000   00001000  00000000  00001000  RWIX
  FLASH_BANK2_SEC12     000ac000   00001000  00000000  00001000  RWIX
  FLASH_BANK2_SEC13     000ad000   00001000  00000000  00001000  RWIX
  FLASH_BANK2_SEC14     000ae000   00001000  00000000  00001000  RWIX
  FLASH_BANK2_SEC15     000af000   00000ff0  00000000  00000ff0  RWIX
  SECURE_ROM            003f2000   00006000  00000000  00006000  RWIX
  BOOTROM               003f8000   00007fc0  00000000  00007fc0  RWIX
  RESET                 003fffc0   00000002  00000000  00000002  RWIX


SECTION ALLOCATION MAP

 output                                  attributes/
section   page    origin      length       input sections
--------  ----  ----------  ----------   ----------------
codestart 
*          0    00000000    00000002     
                  00000000    00000002     f28003x_codestartbranch.obj (codestart)

.TI.ramfunc 
*          0    00000128    00000004     
                  00000128    00000004     driverlib.lib : sysctl.obj (.TI.ramfunc)

.cinit     0    0000012c    00000020     
                  0000012c    0000000d     (.cinit..data.load) [load image, compression = lzss]
                  00000139    00000001     --HOLE-- [fill = 0]
                  0000013a    00000006     (__TI_handler_table)
                  00000140    00000004     (.cinit..bss.load) [load image, compression = zero_init]
                  00000144    00000008     (__TI_cinit_table)

.reset     0    003fffc0    00000000     DSECT

.stack     0    00000400    00000200     UNINITIALIZED
                  00000400    00000200     --HOLE--

.bss       0    0000a811    00000010     UNINITIALIZED
                  0000a811    00000009     SFO_v8_fpu_lib_build_c28_driverlib_eabi.lib : SFO_v8_fpu_lib_build_c28_driverlib.obj (.bss:MEP_SF)
                  0000a81a    00000005                                                 : SFO_v8_fpu_lib_build_c28_driverlib.obj (.bss)
                  0000a81f    00000002     hrpwm_ex1_duty_sfo.obj (.bss)

.init_array 
*          0    00000128    00000000     UNINITIALIZED

.data      0    0000a800    00000011     UNINITIALIZED
                  0000a800    00000006     rts2800_fpu32_eabi.lib : exit.c.obj (.data)
                  0000a806    00000004     hrpwm_ex1_duty_sfo.obj (.data:ePWM)
                  0000a80a    00000002     rts2800_fpu32_eabi.lib : _lock.c.obj (.data:_lock)
                  0000a80c    00000002                            : _lock.c.obj (.data:_unlock)
                  0000a80e    00000002     hrpwm_ex1_duty_sfo.obj (.data)
                  0000a810    00000001     SFO_v8_fpu_lib_build_c28_driverlib_eabi.lib : SFO_v8_fpu_lib_build_c28_driverlib.obj (.data)

.const     0    0000a822    00000337     
                  0000a822    000000cd     board.obj (.const:.string)
                  0000a8ef    00000001     --HOLE-- [fill = 0]
                  0000a8f0    0000009a     driverlib.lib : sysctl.obj (.const:.string)
                  0000a98a    00000098                   : epwm.obj (.const:.string)
                  0000aa22    00000098                   : gpio.obj (.const:.string)
                  0000aaba    00000059     device.obj (.const:.string)
                  0000ab13    00000001     --HOLE-- [fill = 0]
                  0000ab14    00000045     hrpwm_ex1_duty_sfo.obj (.const:.string)

.text.1    0    00008000    00000800     
                  00008000    000001f1     SFO_v8_fpu_lib_build_c28_driverlib_eabi.lib : SFO_v8_fpu_lib_build_c28_driverlib.obj (.text)
                  000081f1    00000123     driverlib.lib : sysctl.obj (.text:SysCtl_setClock)
                  00008314    000000fe                   : sysctl.obj (.text:SysCtl_isPLLValid)
                  00008412    000000ed     board.obj (.text:EPWM_init)
                  000084ff    000000ce     device.obj (.text:Device_enableAllPeripherals)
                  000085cd    00000088     rts2800_fpu32_eabi.lib : fs_div28.asm.obj (.text)
                  00008655    00000073     driverlib.lib : sysctl.obj (.text:DCC_setCounterSeeds)
                  000086c8    0000006c     hrpwm_ex1_duty_sfo.obj (.text:main)
                  00008734    0000006a     driverlib.lib : gpio.obj (.text:GPIO_setAnalogMode)
                  0000879e    00000052                   : gpio.obj (.text:GPIO_setPadConfig)
                  000087f0    00000010     device.obj (.text:Device_initGPIO)

.text.2    0    00008800    00000800     
                  00008800    00000065     driverlib.lib : sysctl.obj (.text:SysCtl_getClock)
                  00008865    00000049                   : sysctl.obj (.text:SysCtl_selectOscSource)
                  000088ae    00000046                   : sysctl.obj (.text:SysCtl_selectXTAL)
                  000088f4    00000045                   : sysctl.obj (.text:SysCtl_pollX1Counter)
                  00008939    00000040     board.obj (.text:EPWM_setActionQualifierAction)
                  00008979    0000003e     device.obj (.text:Device_init)
                  000089b7    0000003e     board.obj (.text:EPWM_setCounterCompareShadowLoadMode)
                  000089f5    0000003d     driverlib.lib : interrupt.obj (.text:Interrupt_initModule)
                  00008a32    00000037     board.obj (.text:EPWM_setFallingEdgeDeadBandDelayInput)
                  00008a69    00000037     driverlib.lib : gpio.obj (.text:GPIO_setPinConfig)
                  00008aa0    00000037                   : gpio.obj (.text:GPIO_setQualificationMode)
                  00008ad7    00000030     rts2800_fpu32_eabi.lib : copy_decompress_lzss.c.obj (.text:decompress:lzss)
                  00008b07    0000002c     board.obj (.text:EPWM_setDeadBandDelayMode)
                  00008b33    0000002b     board.obj (.text:EPWM_isBaseValid)
                  00008b5e    0000002b     driverlib.lib : epwm.obj (.text:EPWM_isBaseValid)
                  00008b89    0000002b     rts2800_fpu32_eabi.lib : autoinit.c.obj (.text:__TI_auto_init_nobinit_nopinit)
                  00008bb4    0000002a     hrpwm_ex1_duty_sfo.obj (.text:HRPWM_setCounterCompareValue)
                  00008bde    0000002a     board.obj (.text:XBAR_setInputPin)
                  00008c08    00000029     rts2800_fpu32_eabi.lib : exit.c.obj (.text)
                  00008c31    00000028     board.obj (.text:HRPWM_setHiResCounterCompareValueOnly)
                  00008c59    00000025     driverlib.lib : sysctl.obj (.text:SysCtl_selectXTALSingleEnded)
                  00008c7e    00000024                   : sysctl.obj (.text:DCC_enableSingleShotMode)
                  00008ca2    00000024     board.obj (.text:EPWM_setDeadBandDelayPolarity)
                  00008cc6    00000022     board.obj (.text:EPWM_setCounterCompareValue)
                  00008ce8    00000022     board.obj (.text:HRPWM_setMEPEdgeSelect)
                  00008d0a    00000021     board.obj (.text:EPWM_enableGlobalLoadRegisters)
                  00008d2b    0000001f     board.obj (.text:EPWM_setRisingEdgeDelayCountShadowLoadMode)
                  00008d4a    0000001f     board.obj (.text:HRPWM_setPhaseShift)
                  00008d69    0000001e     driverlib.lib : sysctl.obj (.text:DCC_setCounter0ClkSource)
                  00008d87    0000001e                   : sysctl.obj (.text:DCC_setCounter1ClkSource)
                  00008da5    0000001e                   : interrupt.obj (.text:Interrupt_initVectorTable)
                  00008dc3    0000001e     board.obj (.text:PinMux_init)
                  00008de1    0000001d     board.obj (.text:EPWM_setFallingEdgeDelayCount)
                  00008dfe    0000001d     board.obj (.text:EPWM_setRisingEdgeDelayCount)
                  00008e1b    0000001d     rts2800_fpu32_eabi.lib : memcpy.c.obj (.text)
                  00008e38    0000001c     board.obj (.text:EPWM_setClockPrescaler)
                  00008e54    0000001b     board.obj (.text:HRPWM_isBaseValid)
                  00008e6f    0000001b     hrpwm_ex1_duty_sfo.obj (.text:HRPWM_isBaseValid)
                  00008e8a    0000001b     board.obj (.text:XBAR_isBaseValid)
                  00008ea5    0000001a     driverlib.lib : sysctl.obj (.text:SysCtl_getLowSpeedClock)
                  00008ebf    00000019                   : sysctl.obj (.text:SysCtl_setPLLSysClk)
                  00008ed8    00000018     board.obj (.text:EPWM_disableFallingEdgeDelayCountShadowLoadMode)
                  00008ef0    00000018     board.obj (.text:EPWM_disableRisingEdgeDelayCountShadowLoadMode)
                  00008f08    00000018     hrpwm_ex1_duty_sfo.obj (.text:SysCtl_disablePeripheral)
                  00008f20    00000017     device.obj (.text:SysCtl_enablePeripheral)
                  00008f37    00000017     driverlib.lib : sysctl.obj (.text:SysCtl_enablePeripheral)
                  00008f4e    00000017     hrpwm_ex1_duty_sfo.obj (.text:SysCtl_enablePeripheral)
                  00008f65    00000017     rts2800_fpu32_eabi.lib : boot28.asm.obj (.text)
                  00008f7c    00000016     driverlib.lib : sysctl.obj (.text:DCC_disableDoneSignal)
                  00008f92    00000016                   : epwm.obj (.text:EPWM_setEmulationMode)
                  00008fa8    00000016                   : interrupt.obj (.text:Interrupt_defaultHandler)
                  00008fbe    00000015                   : sysctl.obj (.text:DCC_clearDoneFlag)
                  00008fd3    00000015                   : sysctl.obj (.text:DCC_clearErrorFlag)
                  00008fe8    00000015                   : sysctl.obj (.text:DCC_disableErrorSignal)
                  00008ffd    00000003     hrpwm_ex1_duty_sfo.obj (.text:error)

.text.3    0    00009000    000001a2     
                  00009000    00000015     driverlib.lib : sysctl.obj (.text:DCC_isBaseValid)
                  00009015    00000015     device.obj (.text:GPIO_unlockPortConfig)
                  0000902a    00000015     board.obj (.text:HRPWM_disablePhaseShiftLoad)
                  0000903f    00000015     board.obj (.text:HRPWM_enableAutoConversion)
                  00009054    00000014     driverlib.lib : sysctl.obj (.text:DCC_disableModule)
                  00009068    00000014                   : sysctl.obj (.text:DCC_enableModule)
                  0000907c    00000014     board.obj (.text:EPWM_setTimeBaseCounterMode)
                  00009090    00000014     board.obj (.text:EPWM_setTimeBasePeriod)
                  000090a4    00000014     driverlib.lib : gpio.obj (.text:GPIO_isPinValid)
                  000090b8    00000012     board.obj (.text:EPWM_setTimeBaseCounter)
                  000090ca    00000012     board.obj (.text:SysCtl_setSyncOutputConfig)
                  000090dc    0000000d     driverlib.lib : interrupt.obj (.text:Interrupt_disableGlobal)
                  000090e9    0000000d     device.obj (.text:SysCtl_setLowSpeedClock)
                  000090f6    0000000d     rts2800_fpu32_eabi.lib : copy_zero_init.c.obj (.text:decompress:ZI:__TI_zero_init_nomemset)
                  00009103    0000000c     board.obj (.text:SysCtl_enableExtADCSOCSource)
                  0000910f    0000000c     rts2800_fpu32_eabi.lib : args_main.c.obj (.text)
                  0000911b    0000000b     board.obj (.text:Board_init)
                  00009126    0000000b     device.obj (.text:SysCtl_disableWatchdog)
                  00009131    0000000b     driverlib.lib : sysctl.obj (.text:SysCtl_isMCDClockFailureDetected)
                  0000913c    0000000a                   : interrupt.obj (.text:Interrupt_illegalOperationHandler)
                  00009146    0000000a                   : interrupt.obj (.text:Interrupt_nmiHandler)
                  00009150    0000000a     board.obj (.text:SYNC_init)
                  0000915a    00000009     rts2800_fpu32_eabi.lib : _lock.c.obj (.text)
                  00009163    00000008                            : copy_decompress_none.c.obj (.text:decompress:none)
                  0000916b    00000008     f28003x_codestartbranch.obj (.text)
                  00009173    00000007     device.obj (.text:ASysCtl_lockVREG)
                  0000917a    00000007     driverlib.lib : sysctl.obj (.text:SysCtl_resetMCD)
                  00009181    00000007     device.obj (.text:__error__)
                  00009188    00000007     board.obj (.text:myINPUTXBARINPUT0_init)
                  0000918f    00000007     board.obj (.text:myINPUTXBARINPUT1_init)
                  00009196    00000005     board.obj (.text:INPUTXBAR_init)
                  0000919b    00000004     device.obj (.text:SysCtl_deviceCal)
                  0000919f    00000002     rts2800_fpu32_eabi.lib : pre_init.c.obj (.text)
                  000091a1    00000001                            : startup.c.obj (.text)

MODULE SUMMARY

       Module                                   code   ro data   rw data
       ------                                   ----   -------   -------
    .\
       hrpwm_ex1_duty_sfo.obj                   227    69        8      
    +--+----------------------------------------+------+---------+---------+
       Total:                                   227    69        8      
                                                                        
    .\device\
       device.obj                               370    89        0      
       f28003x_codestartbranch.obj              10     0         0      
    +--+----------------------------------------+------+---------+---------+
       Total:                                   380    89        0      
                                                                        
    .\syscfg\
       board.obj                                1174   205       0      
    +--+----------------------------------------+------+---------+---------+
       Total:                                   1174   205       0      
                                                                        
    C:/ti/c2000/C2000Ware_5_02_00_00/driverlib/f28003x/driverlib/ccs/Debug/driverlib.lib
       sysctl.obj                               1348   154       0      
       gpio.obj                                 318    152       0      
       epwm.obj                                 65     152       0      
       interrupt.obj                            146    0         0      
    +--+----------------------------------------+------+---------+---------+
       Total:                                   1877   458       0      
                                                                        
    C:\ti\c2000\C2000Ware_5_02_00_00\libraries\calibration\hrpwm\f28003x\lib\SFO_v8_fpu_lib_build_c28_driverlib_eabi.lib
       SFO_v8_fpu_lib_build_c28_driverlib.obj   497    0         15     
    +--+----------------------------------------+------+---------+---------+
       Total:                                   497    0         15     
                                                                        
    C:\ti\ccs1260\ccs\tools\compiler\ti-cgt-c2000_22.6.1.LTS\lib\rts2800_fpu32_eabi.lib
       fs_div28.asm.obj                         136    0         0      
       copy_decompress_lzss.c.obj               48     0         0      
       exit.c.obj                               41     0         6      
       autoinit.c.obj                           43     0         0      
       memcpy.c.obj                             29     0         0      
       boot28.asm.obj                           23     0         0      
       _lock.c.obj                              9      0         4      
       copy_zero_init.c.obj                     13     0         0      
       args_main.c.obj                          12     0         0      
       copy_decompress_none.c.obj               8      0         0      
       pre_init.c.obj                           2      0         0      
       startup.c.obj                            1      0         0      
    +--+----------------------------------------+------+---------+---------+
       Total:                                   365    0         10     
                                                                        
       Stack:                                   0      0         512    
       Linker Generated:                        0      31        0      
    +--+----------------------------------------+------+---------+---------+
       Grand Total:                             4520   852       545    


LINKER GENERATED COPY TABLES

__TI_cinit_table @ 00000144 records: 2, size/record: 4, table size: 8
	.data: load addr=0000012c, load size=0000000d bytes, run addr=0000a800, run size=00000011 bytes, compression=lzss
	.bss: load addr=00000140, load size=00000004 bytes, run addr=0000a811, run size=00000010 bytes, compression=zero_init


LINKER GENERATED HANDLER TABLE

__TI_handler_table @ 0000013a records: 3, size/record: 2, table size: 6
	index: 0, handler: __TI_zero_init
	index: 1, handler: __TI_decompress_lzss
	index: 2, handler: __TI_decompress_none


GLOBAL DATA SYMBOLS: SORTED BY DATA PAGE

address     data page           name
--------    ----------------    ----
00000400      10 (00000400)     __stack

0000a800     2a0 (0000a800)     __TI_enable_exit_profile_output
0000a802     2a0 (0000a800)     __TI_cleanup_ptr
0000a804     2a0 (0000a800)     __TI_dtors_ptr
0000a806     2a0 (0000a800)     ePWM
0000a80a     2a0 (0000a800)     _lock
0000a80c     2a0 (0000a800)     _unlock
0000a80e     2a0 (0000a800)     dutyFine
0000a811     2a0 (0000a800)     MEP_SF
0000a81a     2a0 (0000a800)     SFO_CAL
0000a81f     2a0 (0000a800)     status
0000a820     2a0 (0000a800)     MEP_ScaleFactor


GLOBAL SYMBOLS: SORTED ALPHABETICALLY BY Name 

page  address   name                             
----  -------   ----                             
0     0000911b  Board_init                       
0     00008c08  C$$EXIT                          
0     000084ff  Device_enableAllPeripherals      
0     00008979  Device_init                      
0     000087f0  Device_initGPIO                  
0     00008412  EPWM_init                        
0     00008f92  EPWM_setEmulationMode            
0     00008734  GPIO_setAnalogMode               
0     0000879e  GPIO_setPadConfig                
0     00008a69  GPIO_setPinConfig                
0     00008aa0  GPIO_setQualificationMode        
0     00009196  INPUTXBAR_init                   
0     00008fa8  Interrupt_defaultHandler         
0     0000913c  Interrupt_illegalOperationHandler
0     000089f5  Interrupt_initModule             
0     00008da5  Interrupt_initVectorTable        
0     00009146  Interrupt_nmiHandler             
0     0000a811  MEP_SF                           
0     0000a820  MEP_ScaleFactor                  
0     00008dc3  PinMux_init                      
0     00008000  SFO                              
0     0000a81a  SFO_CAL                          
0     00009150  SYNC_init                        
0     00000128  SysCtl_delay                     
0     00008800  SysCtl_getClock                  
0     00008ea5  SysCtl_getLowSpeedClock          
0     00008314  SysCtl_isPLLValid                
0     00008865  SysCtl_selectOscSource           
0     000088ae  SysCtl_selectXTAL                
0     00008c59  SysCtl_selectXTALSingleEnded     
0     000081f1  SysCtl_setClock                  
0     00000144  __TI_CINIT_Base                  
0     0000014c  __TI_CINIT_Limit                 
0     0000014c  __TI_CINIT_Warm                  
0     0000013a  __TI_Handler_Table_Base          
0     00000140  __TI_Handler_Table_Limit         
0     00000600  __TI_STACK_END                   
abs   00000200  __TI_STACK_SIZE                  
0     00008b89  __TI_auto_init_nobinit_nopinit   
0     0000a802  __TI_cleanup_ptr                 
0     00008ad7  __TI_decompress_lzss             
0     00009163  __TI_decompress_none             
0     0000a804  __TI_dtors_ptr                   
0     0000a800  __TI_enable_exit_profile_output  
abs   ffffffff  __TI_pprof_out_hndl              
abs   ffffffff  __TI_prof_data_size              
abs   ffffffff  __TI_prof_data_start             
0     000090f6  __TI_zero_init_nomemset          
0     000085cd  __c28xabi_divf                   
n/a   UNDEFED   __c_args__                       
0     00009181  __error__                        
0     00000400  __stack                          
0     0000910f  _args_main                       
0     00008f65  _c_int00                         
0     0000a80a  _lock                            
0     00009162  _nop                             
0     0000915e  _register_lock                   
0     0000915a  _register_unlock                 
0     000091a1  _system_post_cinit               
0     0000919f  _system_pre_init                 
0     0000a80c  _unlock                          
0     00008c08  abort                            
0     00000000  code_start                       
0     0000a80e  dutyFine                         
0     0000a806  ePWM                             
0     00008ffd  error                            
0     00008c0a  exit                             
0     000086c8  main                             
0     00008e1b  memcpy                           
0     00009188  myINPUTXBARINPUT0_init           
0     0000918f  myINPUTXBARINPUT1_init           
0     0000a81f  status                           


GLOBAL SYMBOLS: SORTED BY Symbol Address 

page  address   name                             
----  -------   ----                             
0     00000000  code_start                       
0     00000128  SysCtl_delay                     
0     0000013a  __TI_Handler_Table_Base          
0     00000140  __TI_Handler_Table_Limit         
0     00000144  __TI_CINIT_Base                  
0     0000014c  __TI_CINIT_Limit                 
0     0000014c  __TI_CINIT_Warm                  
0     00000400  __stack                          
0     00000600  __TI_STACK_END                   
0     00008000  SFO                              
0     000081f1  SysCtl_setClock                  
0     00008314  SysCtl_isPLLValid                
0     00008412  EPWM_init                        
0     000084ff  Device_enableAllPeripherals      
0     000085cd  __c28xabi_divf                   
0     000086c8  main                             
0     00008734  GPIO_setAnalogMode               
0     0000879e  GPIO_setPadConfig                
0     000087f0  Device_initGPIO                  
0     00008800  SysCtl_getClock                  
0     00008865  SysCtl_selectOscSource           
0     000088ae  SysCtl_selectXTAL                
0     00008979  Device_init                      
0     000089f5  Interrupt_initModule             
0     00008a69  GPIO_setPinConfig                
0     00008aa0  GPIO_setQualificationMode        
0     00008ad7  __TI_decompress_lzss             
0     00008b89  __TI_auto_init_nobinit_nopinit   
0     00008c08  C$$EXIT                          
0     00008c08  abort                            
0     00008c0a  exit                             
0     00008c59  SysCtl_selectXTALSingleEnded     
0     00008da5  Interrupt_initVectorTable        
0     00008dc3  PinMux_init                      
0     00008e1b  memcpy                           
0     00008ea5  SysCtl_getLowSpeedClock          
0     00008f65  _c_int00                         
0     00008f92  EPWM_setEmulationMode            
0     00008fa8  Interrupt_defaultHandler         
0     00008ffd  error                            
0     000090f6  __TI_zero_init_nomemset          
0     0000910f  _args_main                       
0     0000911b  Board_init                       
0     0000913c  Interrupt_illegalOperationHandler
0     00009146  Interrupt_nmiHandler             
0     00009150  SYNC_init                        
0     0000915a  _register_unlock                 
0     0000915e  _register_lock                   
0     00009162  _nop                             
0     00009163  __TI_decompress_none             
0     00009181  __error__                        
0     00009188  myINPUTXBARINPUT0_init           
0     0000918f  myINPUTXBARINPUT1_init           
0     00009196  INPUTXBAR_init                   
0     0000919f  _system_pre_init                 
0     000091a1  _system_post_cinit               
0     0000a800  __TI_enable_exit_profile_output  
0     0000a802  __TI_cleanup_ptr                 
0     0000a804  __TI_dtors_ptr                   
0     0000a806  ePWM                             
0     0000a80a  _lock                            
0     0000a80c  _unlock                          
0     0000a80e  dutyFine                         
0     0000a811  MEP_SF                           
0     0000a81a  SFO_CAL                          
0     0000a81f  status                           
0     0000a820  MEP_ScaleFactor                  
abs   00000200  __TI_STACK_SIZE                  
abs   ffffffff  __TI_pprof_out_hndl              
abs   ffffffff  __TI_prof_data_size              
abs   ffffffff  __TI_prof_data_start             
n/a   UNDEFED   __c_args__                       

[72 symbols]
