******************************************************************************
             TMS320C2000 Linker Unix v22.6.1                   
******************************************************************************
>> Linked Thu Apr 30 15:03:52 2026

OUTPUT FILE NAME:   <Test_pour_carte_principale_4_inducteurs.out>
ENTRY POINT SYMBOL: "code_start"  address: 00000000


MEMORY CONFIGURATION

         name            origin    length      used     unused   attr    fill
----------------------  --------  ---------  --------  --------  ----  --------
  BEGIN                 00000000   00000002  00000002  00000000  RWIX
  BOOT_RSVD             00000002   00000126  00000000  00000126  RWIX
  RAMM0                 00000128   000002d8  00000044  00000294  RWIX
  RAMM1                 00000400   000003f8  00000200  000001f8  RWIX
  RAMLS0                00008000   00000800  00000800  00000000  RWIX
  RAMLS1                00008800   00000800  00000800  00000000  RWIX
  RAMLS2                00009000   00000800  00000800  00000000  RWIX
  RAMLS3                00009800   00000800  00000800  00000000  RWIX
  RAMLS4                0000a000   00000800  000002e0  00000520  RWIX
  RAMLS5                0000a800   00000800  00000522  000002de  RWIX
  RAMLS6_7              0000b000   00001000  00000000  00001000  RWIX
  RAMGS0                0000c000   00001000  00000000  00001000  RWIX
  RAMGS1                0000d000   00001000  00000000  00001000  RWIX
  RAMGS2                0000e000   00001000  00000000  00001000  RWIX
  RAMGS3                0000f000   00000ff8  00000000  00000ff8  RWIX
  FLASH_BANK0_SEC0      00080002   00000ffe  00000000  00000ffe  RWIX
  FLASH_BANK0_SEC1      00081000   00001000  00000000  00001000  RWIX
  FLASH_BANK0_SEC2      00082000   00001000  00000000  00001000  RWIX
  FLASH_BANK0_SEC3      00083000   00001000  00000000  00001000  RWIX
  FLASH_BANK0_SEC4      00084000   00001000  00000000  00001000  RWIX
  FLASH_BANK0_SEC5      00085000   00001000  00000000  00001000  RWIX
  FLASH_BANK0_SEC6      00086000   00001000  00000000  00001000  RWIX
  FLASH_BANK0_SEC7      00087000   00001000  00000000  00001000  RWIX
  FLASH_BANK0_SEC8      00088000   00001000  00000000  00001000  RWIX
  FLASH_BANK0_SEC9      00089000   00001000  00000000  00001000  RWIX
  FLASH_BANK0_SEC10     0008a000   00001000  00000000  00001000  RWIX
  FLASH_BANK0_SEC11     0008b000   00001000  00000000  00001000  RWIX
  FLASH_BANK0_SEC12     0008c000   00001000  00000000  00001000  RWIX
  FLASH_BANK0_SEC13     0008d000   00001000  00000000  00001000  RWIX
  FLASH_BANK0_SEC14     0008e000   00001000  00000000  00001000  RWIX
  FLASH_BANK0_SEC15     0008f000   00001000  00000000  00001000  RWIX
  FLASH_BANK1_SEC0      00090000   00001000  00000000  00001000  RWIX
  FLASH_BANK1_SEC1      00091000   00001000  00000000  00001000  RWIX
  FLASH_BANK1_SEC2      00092000   00001000  00000000  00001000  RWIX
  FLASH_BANK1_SEC3      00093000   00001000  00000000  00001000  RWIX
  FLASH_BANK1_SEC4      00094000   00001000  00000000  00001000  RWIX
  FLASH_BANK1_SEC5      00095000   00001000  00000000  00001000  RWIX
  FLASH_BANK1_SEC6      00096000   00001000  00000000  00001000  RWIX
  FLASH_BANK1_SEC7      00097000   00001000  00000000  00001000  RWIX
  FLASH_BANK1_SEC8      00098000   00001000  00000000  00001000  RWIX
  FLASH_BANK1_SEC9      00099000   00001000  00000000  00001000  RWIX
  FLASH_BANK1_SEC10     0009a000   00001000  00000000  00001000  RWIX
  FLASH_BANK1_SEC11     0009b000   00001000  00000000  00001000  RWIX
  FLASH_BANK1_SEC12     0009c000   00001000  00000000  00001000  RWIX
  FLASH_BANK1_SEC13     0009d000   00001000  00000000  00001000  RWIX
  FLASH_BANK1_SEC14     0009e000   00001000  00000000  00001000  RWIX
  FLASH_BANK1_SEC15     0009f000   00001000  00000000  00001000  RWIX
  FLASH_BANK2_SEC0      000a0000   00001000  00000000  00001000  RWIX
  FLASH_BANK2_SEC1      000a1000   00001000  00000000  00001000  RWIX
  FLASH_BANK2_SEC2      000a2000   00001000  00000000  00001000  RWIX
  FLASH_BANK2_SEC3      000a3000   00001000  00000000  00001000  RWIX
  FLASH_BANK2_SEC4      000a4000   00001000  00000000  00001000  RWIX
  FLASH_BANK2_SEC5      000a5000   00001000  00000000  00001000  RWIX
  FLASH_BANK2_SEC6      000a6000   00001000  00000000  00001000  RWIX
  FLASH_BANK2_SEC7      000a7000   00001000  00000000  00001000  RWIX
  FLASH_BANK2_SEC8      000a8000   00001000  00000000  00001000  RWIX
  FLASH_BANK2_SEC9      000a9000   00001000  00000000  00001000  RWIX
  FLASH_BANK2_SEC10     000aa000   00001000  00000000  00001000  RWIX
  FLASH_BANK2_SEC11     000ab000   00001000  00000000  00001000  RWIX
  FLASH_BANK2_SEC12     000ac000   00001000  00000000  00001000  RWIX
  FLASH_BANK2_SEC13     000ad000   00001000  00000000  00001000  RWIX
  FLASH_BANK2_SEC14     000ae000   00001000  00000000  00001000  RWIX
  FLASH_BANK2_SEC15     000af000   00000ff0  00000000  00000ff0  RWIX
  SECURE_ROM            003f2000   00006000  00000000  00006000  RWIX
  BOOTROM               003f8000   00007fc0  00000000  00007fc0  RWIX
  RESET                 003fffc0   00000002  00000000  00000002  RWIX


SECTION ALLOCATION MAP

 output                                  attributes/
section   page    origin      length       input sections
--------  ----  ----------  ----------   ----------------
codestart 
*          0    00000000    00000002     
                  00000000    00000002     f28003x_codestartbranch.obj (codestart)

.TI.ramfunc 
*          0    00000128    00000004     
                  00000128    00000004     driverlib.lib : sysctl.obj (.TI.ramfunc)

.cinit     0    0000012c    00000040     
                  0000012c    0000002d     (.cinit..data.load) [load image, compression = lzss]
                  00000159    00000001     --HOLE-- [fill = 0]
                  0000015a    00000006     (__TI_handler_table)
                  00000160    00000004     (.cinit..bss.load) [load image, compression = zero_init]
                  00000164    00000008     (__TI_cinit_table)

.reset     0    003fffc0    00000000     DSECT

.stack     0    00000400    00000200     UNINITIALIZED
                  00000400    00000200     --HOLE--

.bss       0    0000a8e4    00000098     UNINITIALIZED
                  0000a8e4    00000040     Test_regulation_courant.obj (.bss:rxBuffer)
                  0000a924    00000040     Test_regulation_courant.obj (.bss:txBuffer)
                  0000a964    0000000a     Test_regulation_courant.obj (.bss)
                  0000a96e    00000009     SFO_v8_fpu_lib_build_c28_driverlib_eabi.lib : SFO_v8_fpu_lib_build_c28_driverlib.obj (.bss:MEP_SF)
                  0000a977    00000005                                                 : SFO_v8_fpu_lib_build_c28_driverlib.obj (.bss)

.init_array 
*          0    00000128    00000000     UNINITIALIZED

.data      0    0000a800    000000e4     UNINITIALIZED
                  0000a800    000000d0     Test_regulation_courant.obj (.data)
                  0000a8d0    00000008     Test_regulation_courant.obj (.data:duty_table)
                  0000a8d8    00000006     rts2800_fpu32_eabi.lib : exit.c.obj (.data)
                  0000a8de    00000002                            : _lock.c.obj (.data:_lock)
                  0000a8e0    00000002                            : _lock.c.obj (.data:_unlock)
                  0000a8e2    00000001     SFO_v8_fpu_lib_build_c28_driverlib_eabi.lib : SFO_v8_fpu_lib_build_c28_driverlib.obj (.data)
                  0000a8e3    00000001     rts2800_fpu32_eabi.lib : errno.c.obj (.data)

.const     0    0000a97c    000003a6     
                  0000a97c    0000009a     driverlib.lib : sysctl.obj (.const:.string)
                  0000aa16    00000098                   : epwm.obj (.const:.string)
                  0000aaae    00000098                   : gpio.obj (.const:.string)
                  0000ab46    00000097                   : sci.obj (.const:.string)
                  0000abdd    00000001     --HOLE-- [fill = 0]
                  0000abde    00000050                   : cputimer.obj (.const:.string)
                  0000ac2e    0000004b                   : adc.obj (.const:.string)
                  0000ac79    00000001     --HOLE-- [fill = 0]
                  0000ac7a    00000046     Test_regulation_courant.obj (.const:.string)
                  0000acc0    00000045     board.obj (.const:.string)
                  0000ad05    00000001     --HOLE-- [fill = 0]
                  0000ad06    00000008     Test_regulation_courant.obj (.const:duty_cycle_table)
                  0000ad0e    00000008     Test_regulation_courant.obj (.const:ePWM)
                  0000ad16    00000004     rts2800_fpu32_eabi.lib : e_powf.c.obj (.const:bp)
                  0000ad1a    00000004                            : e_powf.c.obj (.const:dp_h)
                  0000ad1e    00000004                            : e_powf.c.obj (.const:dp_l)

.text.1    0    00008000    00000800     
                  00008000    000004e6     Test_regulation_courant.obj (.text:adcA1ISR)
                  000084e6    000001f1     SFO_v8_fpu_lib_build_c28_driverlib_eabi.lib : SFO_v8_fpu_lib_build_c28_driverlib.obj (.text)
                  000086d7    00000123     driverlib.lib : sysctl.obj (.text:SysCtl_setClock)
                  000087fa    00000006     board.obj (.text:myINPUTXBARINPUT0_init)

.text.2    0    00008800    00000800     
                  00008800    0000038c     rts2800_fpu32_eabi.lib : e_powf.c.obj (.text)
                  00008b8c    00000337     board.obj (.text:EPWM_init)
                  00008ec3    000000fe     driverlib.lib : sysctl.obj (.text:SysCtl_isPLLValid)
                  00008fc1    0000003e                   : sci.obj (.text:SCI_setConfig)
                  00008fff    00000001     rts2800_fpu32_eabi.lib : startup.c.obj (.text)

.text.3    0    00009000    00000800     
                  00009000    00000183     board.obj (.text:PinMux_init)
                  00009183    000000e1     Test_regulation_courant.obj (.text:init)
                  00009264    000000d3     device.obj (.text:Device_enableAllPeripherals)
                  00009337    00000095     FunctionHeader2.obj (.text:SendFloatAsText)
                  000093cc    00000088     rts2800_fpu32_eabi.lib : fs_div28.asm.obj (.text)
                  00009454    00000085     board.obj (.text:myADC0_init)
                  000094d9    00000081     board.obj (.text:myADC1_init)
                  0000955a    0000007e     Test_regulation_courant.obj (.text:INT_mySCI0_RX_ISR)
                  000095d8    00000076     board.obj (.text:mySCI0_init)
                  0000964e    00000073     driverlib.lib : sysctl.obj (.text:DCC_setCounterSeeds)
                  000096c1    0000006a                   : gpio.obj (.text:GPIO_setAnalogMode)
                  0000972b    00000067     Test_regulation_courant.obj (.text:INT_mySCI0_TX_ISR)
                  00009792    00000065     driverlib.lib : sysctl.obj (.text:SysCtl_getClock)
                  000097f7    00000009     board.obj (.text:myINPUTXBARINPUT2_init)

.text.4    0    00009800    00000800     
                  00009800    0000005d     FunctionHeader2.obj (.text:ftoa)
                  0000985d    00000058     board.obj (.text:GPIO_init)
                  000098b5    00000058     rts2800_fpu32_eabi.lib : s_scalbnf.c.obj (.text)
                  0000990d    00000052     driverlib.lib : gpio.obj (.text:GPIO_setPadConfig)
                  0000995f    0000004b     device.obj (.text:Device_init)
                  000099aa    00000049     driverlib.lib : sysctl.obj (.text:SysCtl_selectOscSource)
                  000099f3    00000046                   : sysctl.obj (.text:SysCtl_selectXTAL)
                  00009a39    00000045                   : sci.obj (.text:SCI_clearInterruptStatus)
                  00009a7e    00000045                   : sci.obj (.text:SCI_disableInterrupt)
                  00009ac3    00000045                   : sysctl.obj (.text:SysCtl_pollX1Counter)
                  00009b08    00000044                   : sci.obj (.text:SCI_enableInterrupt)
                  00009b4c    0000003d                   : interrupt.obj (.text:Interrupt_initModule)
                  00009b89    00000039     FunctionHeader2.obj (.text:PI_current_regulator)
                  00009bc2    00000038     FunctionHeader2.obj (.text:ConvertIntToStr)
                  00009bfa    00000037     driverlib.lib : gpio.obj (.text:GPIO_setControllerCore)
                  00009c31    00000037                   : gpio.obj (.text:GPIO_setInterruptPin)
                  00009c68    00000037                   : gpio.obj (.text:GPIO_setPinConfig)
                  00009c9f    00000037                   : gpio.obj (.text:GPIO_setQualificationMode)
                  00009cd6    00000037                   : interrupt.obj (.text:Interrupt_enable)
                  00009d0d    00000034     board.obj (.text:myCPUTIMER0_init)
                  00009d41    00000033     board.obj (.text:EPWM_setActionQualifierAction)
                  00009d74    00000031     driverlib.lib : gpio.obj (.text:GPIO_setDirectionMode)
                  00009da5    00000030     rts2800_fpu32_eabi.lib : copy_decompress_lzss.c.obj (.text:decompress:lzss)
                  00009dd5    0000002d     board.obj (.text:INTERRUPT_init)
                  00009e02    0000002b     driverlib.lib : epwm.obj (.text:EPWM_isBaseValid)
                  00009e2d    0000002b     rts2800_fpu32_eabi.lib : autoinit.c.obj (.text:__TI_auto_init_nobinit_nopinit)
                  00009e58    0000002a     driverlib.lib : gpio.obj (.text:XBAR_setInputPin)
                  00009e82    00000029     rts2800_fpu32_eabi.lib : exit.c.obj (.text)
                  00009eab    00000028     driverlib.lib : adc.obj (.text:ADC_setOffsetTrimAll)
                  00009ed3    00000027                   : adc.obj (.text:ADC_setVREF)
                  00009efa    00000027     rts2800_fpu32_eabi.lib : e_sqrtf.c.obj (.text)
                  00009f21    00000025     driverlib.lib : sysctl.obj (.text:SysCtl_selectXTALSingleEnded)
                  00009f46    00000024                   : sysctl.obj (.text:DCC_enableSingleShotMode)
                  00009f6a    0000001f     board.obj (.text:Board_init)
                  00009f89    0000001e     driverlib.lib : sysctl.obj (.text:DCC_setCounter0ClkSource)
                  00009fa7    0000001e                   : sysctl.obj (.text:DCC_setCounter1ClkSource)
                  00009fc5    0000001e                   : interrupt.obj (.text:Interrupt_initVectorTable)
                  00009fe3    0000001d     rts2800_fpu32_eabi.lib : memcpy.c.obj (.text)

.text.5    0    0000a000    000002e0     
                  0000a000    0000001b     driverlib.lib : gpio.obj (.text:XBAR_isBaseValid)
                  0000a01b    0000001a                   : sysctl.obj (.text:SysCtl_getLowSpeedClock)
                  0000a035    00000019                   : sysctl.obj (.text:SysCtl_setPLLSysClk)
                  0000a04e    00000018                   : sci.obj (.text:SCI_disableModule)
                  0000a066    00000018                   : sci.obj (.text:SCI_performSoftwareReset)
                  0000a07e    00000017                   : adc.obj (.text:ADC_isBaseValid)
                  0000a095    00000017                   : cputimer.obj (.text:CPUTimer_isBaseValid)
                  0000a0ac    00000017                   : sysctl.obj (.text:SysCtl_enablePeripheral)
                  0000a0c3    00000017     rts2800_fpu32_eabi.lib : boot28.asm.obj (.text)
                  0000a0da    00000016     driverlib.lib : sysctl.obj (.text:DCC_disableDoneSignal)
                  0000a0f0    00000016                   : epwm.obj (.text:EPWM_setEmulationMode)
                  0000a106    00000016                   : interrupt.obj (.text:Interrupt_defaultHandler)
                  0000a11c    00000015                   : sysctl.obj (.text:DCC_clearDoneFlag)
                  0000a131    00000015                   : sysctl.obj (.text:DCC_clearErrorFlag)
                  0000a146    00000015                   : sysctl.obj (.text:DCC_disableErrorSignal)
                  0000a15b    00000015                   : sysctl.obj (.text:DCC_isBaseValid)
                  0000a170    00000015     FunctionHeader2.obj (.text:reverse)
                  0000a185    00000014     driverlib.lib : sysctl.obj (.text:DCC_disableModule)
                  0000a199    00000014                   : sysctl.obj (.text:DCC_enableModule)
                  0000a1ad    00000014                   : gpio.obj (.text:GPIO_isPinValid)
                  0000a1c1    00000014     Test_regulation_courant.obj (.text:INT_Push_Button_Start_XINT_ISR)
                  0000a1d5    00000013     driverlib.lib : cputimer.obj (.text:CPUTimer_setEmulationMode)
                  0000a1e8    00000013                   : sci.obj (.text:SCI_enableModule)
                  0000a1fb    00000013                   : sci.obj (.text:SCI_isBaseValid)
                  0000a20e    00000011     board.obj (.text:SYNC_init)
                  0000a21f    00000011     rts2800_fpu32_eabi.lib : s_copysignf.c.obj (.text)
                  0000a230    00000010     device.obj (.text:Device_initGPIO)
                  0000a240    00000010     board.obj (.text:Push_Button_Start_XINT_init)
                  0000a250    0000000d     board.obj (.text:ASYSCTL_init)
                  0000a25d    0000000d     driverlib.lib : interrupt.obj (.text:Interrupt_disableGlobal)
                  0000a26a    0000000d                   : interrupt.obj (.text:Interrupt_enableGlobal)
                  0000a277    0000000d     rts2800_fpu32_eabi.lib : copy_zero_init.c.obj (.text:decompress:ZI:__TI_zero_init_nomemset)
                  0000a284    0000000c                            : args_main.c.obj (.text)
                  0000a290    0000000b     driverlib.lib : sysctl.obj (.text:SysCtl_isMCDClockFailureDetected)
                  0000a29b    0000000a                   : interrupt.obj (.text:Interrupt_illegalOperationHandler)
                  0000a2a5    0000000a                   : interrupt.obj (.text:Interrupt_nmiHandler)
                  0000a2af    00000009     rts2800_fpu32_eabi.lib : _lock.c.obj (.text)
                  0000a2b8    00000008                            : copy_decompress_none.c.obj (.text:decompress:none)
                  0000a2c0    00000008     f28003x_codestartbranch.obj (.text)
                  0000a2c8    00000007     driverlib.lib : sysctl.obj (.text:SysCtl_resetMCD)
                  0000a2cf    00000006     board.obj (.text:myINPUTXBARINPUT1_init)
                  0000a2d5    00000003     device.obj (.text:__error__)
                  0000a2d8    00000003     Test_regulation_courant.obj (.text:error)
                  0000a2db    00000003     Test_regulation_courant.obj (.text:main)
                  0000a2de    00000002     rts2800_fpu32_eabi.lib : pre_init.c.obj (.text)

MODULE SUMMARY

       Module                                   code   ro data   rw data
       ------                                   ----   -------   -------
    ./
       Test_regulation_courant.obj              1734   86        354    
       FunctionHeader2.obj                      376    0         0      
    +--+----------------------------------------+------+---------+---------+
       Total:                                   2110   86        354    
                                                                        
    ./device/
       device.obj                               305    0         0      
       f28003x_codestartbranch.obj              10     0         0      
    +--+----------------------------------------+------+---------+---------+
       Total:                                   315    0         0      
                                                                        
    ./syscfg/
       board.obj                                1924   69        0      
    +--+----------------------------------------+------+---------+---------+
       Total:                                   1924   69        0      
                                                                        
    /home/can/ti/C2000Ware_5_02_00_00/driverlib/f28003x/driverlib/ccs/Debug/driverlib.lib
       sysctl.obj                               1348   154       0      
       gpio.obj                                 546    152       0      
       sci.obj                                  354    151       0      
       epwm.obj                                 65     152       0      
       interrupt.obj                            214    0         0      
       adc.obj                                  102    75        0      
       cputimer.obj                             42     80        0      
    +--+----------------------------------------+------+---------+---------+
       Total:                                   2671   764       0      
                                                                        
    /home/can/ti/C2000Ware_5_02_00_00/libraries/calibration/hrpwm/f28003x/lib/SFO_v8_fpu_lib_build_c28_driverlib_eabi.lib
       SFO_v8_fpu_lib_build_c28_driverlib.obj   497    0         15     
    +--+----------------------------------------+------+---------+---------+
       Total:                                   497    0         15     
                                                                        
    /home/can/ti/ccs1260/ccs/tools/compiler/ti-cgt-c2000_22.6.1.LTS/lib/rts2800_fpu32_eabi.lib
       e_powf.c.obj                             908    12        0      
       fs_div28.asm.obj                         136    0         0      
       s_scalbnf.c.obj                          88     0         0      
       copy_decompress_lzss.c.obj               48     0         0      
       exit.c.obj                               41     0         6      
       autoinit.c.obj                           43     0         0      
       e_sqrtf.c.obj                            39     0         0      
       memcpy.c.obj                             29     0         0      
       boot28.asm.obj                           23     0         0      
       s_copysignf.c.obj                        17     0         0      
       _lock.c.obj                              9      0         4      
       copy_zero_init.c.obj                     13     0         0      
       args_main.c.obj                          12     0         0      
       copy_decompress_none.c.obj               8      0         0      
       pre_init.c.obj                           2      0         0      
       errno.c.obj                              0      0         1      
       startup.c.obj                            1      0         0      
    +--+----------------------------------------+------+---------+---------+
       Total:                                   1417   12        11     
                                                                        
       Stack:                                   0      0         512    
       Linker Generated:                        0      63        0      
    +--+----------------------------------------+------+---------+---------+
       Grand Total:                             8934   994       892    


LINKER GENERATED COPY TABLES

__TI_cinit_table @ 00000164 records: 2, size/record: 4, table size: 8
	.data: load addr=0000012c, load size=0000002d bytes, run addr=0000a800, run size=000000e4 bytes, compression=lzss
	.bss: load addr=00000160, load size=00000004 bytes, run addr=0000a8e4, run size=00000098 bytes, compression=zero_init


LINKER GENERATED HANDLER TABLE

__TI_handler_table @ 0000015a records: 3, size/record: 2, table size: 6
	index: 0, handler: __TI_zero_init
	index: 1, handler: __TI_decompress_lzss
	index: 2, handler: __TI_decompress_none


GLOBAL DATA SYMBOLS: SORTED BY DATA PAGE

address     data page           name
--------    ----------------    ----
00000400      10 (00000400)     __stack

0000a800     2a0 (0000a800)     Offset_stop
0000a801     2a0 (0000a800)     dt_mean
0000a802     2a0 (0000a800)     takeOff
0000a803     2a0 (0000a800)     takeOff2
0000a804     2a0 (0000a800)     phase1
0000a805     2a0 (0000a800)     i
0000a806     2a0 (0000a800)     ButtonS2
0000a807     2a0 (0000a800)     Ext_Int_Flag
0000a808     2a0 (0000a800)     state_PIN
0000a809     2a0 (0000a800)     count_ext_int
0000a80a     2a0 (0000a800)     UartCounter
0000a80b     2a0 (0000a800)     txIndex
0000a80c     2a0 (0000a800)     txLength
0000a80d     2a0 (0000a800)     rxIndex
0000a80f     2a0 (0000a800)     state
0000a810     2a0 (0000a800)     PosRegFlag1
0000a811     2a0 (0000a800)     PosRegFlag3
0000a812     2a0 (0000a800)     Offset_count
0000a814     2a0 (0000a800)     Offset_ADC1
0000a816     2a0 (0000a800)     Offset_ADC2
0000a818     2a0 (0000a800)     Offset_ADC3
0000a81a     2a0 (0000a800)     Offset_ADC4
0000a81c     2a0 (0000a800)     Position1
0000a81e     2a0 (0000a800)     Position2
0000a820     2a0 (0000a800)     Position3
0000a822     2a0 (0000a800)     Position4
0000a824     2a0 (0000a800)     Current1
0000a826     2a0 (0000a800)     Current2
0000a828     2a0 (0000a800)     Current3
0000a82a     2a0 (0000a800)     Current4
0000a82c     2a0 (0000a800)     dutyCycle1
0000a82e     2a0 (0000a800)     dutyCycle2
0000a830     2a0 (0000a800)     dutyCycle3
0000a832     2a0 (0000a800)     dutyCycle4
0000a834     2a0 (0000a800)     uc1
0000a836     2a0 (0000a800)     uc2
0000a838     2a0 (0000a800)     uc3
0000a83a     2a0 (0000a800)     uc4
0000a83c     2a0 (0000a800)     mean1
0000a83e     2a0 (0000a800)     mean2

0000a840     2a1 (0000a840)     mean3
0000a842     2a1 (0000a840)     mean4
0000a844     2a1 (0000a840)     I
0000a846     2a1 (0000a840)     Kw
0000a848     2a1 (0000a840)     Kd
0000a84a     2a1 (0000a840)     Kddot
0000a84c     2a1 (0000a840)     Kr
0000a84e     2a1 (0000a840)     Kr_sans_int
0000a850     2a1 (0000a840)     i_store
0000a852     2a1 (0000a840)     ic1
0000a854     2a1 (0000a840)     ue1
0000a856     2a1 (0000a840)     integral_i1
0000a858     2a1 (0000a840)     fc1
0000a85a     2a1 (0000a840)     v1
0000a85c     2a1 (0000a840)     ep1
0000a85e     2a1 (0000a840)     xr1
0000a860     2a1 (0000a840)     fce1
0000a862     2a1 (0000a840)     sum_vp1
0000a864     2a1 (0000a840)     fc1_prim
0000a866     2a1 (0000a840)     Position_c1
0000a868     2a1 (0000a840)     Position_c1_dec
0000a86a     2a1 (0000a840)     ic2
0000a86c     2a1 (0000a840)     ue2
0000a86e     2a1 (0000a840)     integral_i2
0000a870     2a1 (0000a840)     fc2
0000a872     2a1 (0000a840)     v2
0000a874     2a1 (0000a840)     ep2
0000a876     2a1 (0000a840)     xr2
0000a878     2a1 (0000a840)     fce2
0000a87a     2a1 (0000a840)     sum_vp2
0000a87c     2a1 (0000a840)     fc2_prim
0000a87e     2a1 (0000a840)     Position_c2

0000a880     2a2 (0000a880)     Position_c2_dec
0000a882     2a2 (0000a880)     ic3
0000a884     2a2 (0000a880)     ue3
0000a886     2a2 (0000a880)     integral_i3
0000a888     2a2 (0000a880)     fc3
0000a88a     2a2 (0000a880)     v3
0000a88c     2a2 (0000a880)     ep3
0000a88e     2a2 (0000a880)     xr3
0000a890     2a2 (0000a880)     fce3
0000a892     2a2 (0000a880)     sum_vp3
0000a894     2a2 (0000a880)     fc3_prim
0000a896     2a2 (0000a880)     Position_c3_dec
0000a898     2a2 (0000a880)     Position2_c3
0000a89a     2a2 (0000a880)     ic4
0000a89c     2a2 (0000a880)     ue4
0000a89e     2a2 (0000a880)     integral_i4
0000a8a0     2a2 (0000a880)     fc4
0000a8a2     2a2 (0000a880)     v4
0000a8a4     2a2 (0000a880)     ep4
0000a8a6     2a2 (0000a880)     xr4
0000a8a8     2a2 (0000a880)     fce4
0000a8aa     2a2 (0000a880)     sum_vp4
0000a8ac     2a2 (0000a880)     fc4_prim
0000a8ae     2a2 (0000a880)     Position_c4_dec
0000a8b0     2a2 (0000a880)     Position2_c4
0000a8b2     2a2 (0000a880)     fc1f
0000a8b4     2a2 (0000a880)     fc2f
0000a8b6     2a2 (0000a880)     fc3f
0000a8b8     2a2 (0000a880)     fc4f
0000a8ba     2a2 (0000a880)     dutyFine
0000a8bc     2a2 (0000a880)     count
0000a8be     2a2 (0000a880)     compCount

0000a8c0     2a3 (0000a8c0)     Pos1_filt
0000a8c2     2a3 (0000a8c0)     Pos2_filt
0000a8c4     2a3 (0000a8c0)     Pos3_filt
0000a8c6     2a3 (0000a8c0)     Pos4_filt
0000a8c8     2a3 (0000a8c0)     Cur1_filt
0000a8ca     2a3 (0000a8c0)     Cur2_filt
0000a8cc     2a3 (0000a8c0)     Cur3_filt
0000a8ce     2a3 (0000a8c0)     Cur4_filt
0000a8d0     2a3 (0000a8c0)     duty_table
0000a8d8     2a3 (0000a8c0)     __TI_enable_exit_profile_output
0000a8da     2a3 (0000a8c0)     __TI_cleanup_ptr
0000a8dc     2a3 (0000a8c0)     __TI_dtors_ptr
0000a8de     2a3 (0000a8c0)     _lock
0000a8e0     2a3 (0000a8c0)     _unlock
0000a8e3     2a3 (0000a8c0)     errno
0000a8e4     2a3 (0000a8c0)     rxBuffer

0000a924     2a4 (0000a900)     txBuffer

0000a964     2a5 (0000a940)     MEP_ScaleFactor
0000a965     2a5 (0000a940)     ADC_pos_1
0000a966     2a5 (0000a940)     ADC_pos_2
0000a967     2a5 (0000a940)     ADC_pos_3
0000a968     2a5 (0000a940)     ADC_pos_4
0000a969     2a5 (0000a940)     ADC_cur_1
0000a96a     2a5 (0000a940)     ADC_cur_2
0000a96b     2a5 (0000a940)     ADC_cur_3
0000a96c     2a5 (0000a940)     ADC_cur_4
0000a96d     2a5 (0000a940)     status
0000a96e     2a5 (0000a940)     MEP_SF
0000a977     2a5 (0000a940)     SFO_CAL

0000ad06     2b4 (0000ad00)     duty_cycle_table
0000ad0e     2b4 (0000ad00)     ePWM


GLOBAL SYMBOLS: SORTED ALPHABETICALLY BY Name 

page  address   name                             
----  -------   ----                             
0     0000a969  ADC_cur_1                        
0     0000a96a  ADC_cur_2                        
0     0000a96b  ADC_cur_3                        
0     0000a96c  ADC_cur_4                        
0     0000a965  ADC_pos_1                        
0     0000a966  ADC_pos_2                        
0     0000a967  ADC_pos_3                        
0     0000a968  ADC_pos_4                        
0     00009eab  ADC_setOffsetTrimAll             
0     00009ed3  ADC_setVREF                      
0     0000a250  ASYSCTL_init                     
0     00009f6a  Board_init                       
0     0000a806  ButtonS2                         
0     00009e82  C$$EXIT                          
0     00009d0d  CPUTIMER_init                    
0     0000a1d5  CPUTimer_setEmulationMode        
0     00009bc2  ConvertIntToStr                  
0     0000a8c8  Cur1_filt                        
0     0000a8ca  Cur2_filt                        
0     0000a8cc  Cur3_filt                        
0     0000a8ce  Cur4_filt                        
0     0000a824  Current1                         
0     0000a826  Current2                         
0     0000a828  Current3                         
0     0000a82a  Current4                         
0     00009264  Device_enableAllPeripherals      
0     0000995f  Device_init                      
0     0000a230  Device_initGPIO                  
0     00008b8c  EPWM_init                        
0     0000a0f0  EPWM_setEmulationMode            
0     0000a807  Ext_Int_Flag                     
0     0000985d  GPIO_init                        
0     000096c1  GPIO_setAnalogMode               
0     00009bfa  GPIO_setControllerCore           
0     00009d74  GPIO_setDirectionMode            
0     00009c31  GPIO_setInterruptPin             
0     0000990d  GPIO_setPadConfig                
0     00009c68  GPIO_setPinConfig                
0     00009c9f  GPIO_setQualificationMode        
0     0000a844  I                                
0     00009dd5  INTERRUPT_init                   
0     0000a1c1  INT_Push_Button_Start_XINT_ISR   
0     0000955a  INT_mySCI0_RX_ISR                
0     0000972b  INT_mySCI0_TX_ISR                
0     0000a106  Interrupt_defaultHandler         
0     00009cd6  Interrupt_enable                 
0     0000a29b  Interrupt_illegalOperationHandler
0     00009b4c  Interrupt_initModule             
0     00009fc5  Interrupt_initVectorTable        
0     0000a2a5  Interrupt_nmiHandler             
0     0000a848  Kd                               
0     0000a84a  Kddot                            
0     0000a84c  Kr                               
0     0000a84e  Kr_sans_int                      
0     0000a846  Kw                               
0     0000a96e  MEP_SF                           
0     0000a964  MEP_ScaleFactor                  
0     0000a814  Offset_ADC1                      
0     0000a816  Offset_ADC2                      
0     0000a818  Offset_ADC3                      
0     0000a81a  Offset_ADC4                      
0     0000a812  Offset_count                     
0     0000a800  Offset_stop                      
0     00009b89  PI_current_regulator             
0     00009000  PinMux_init                      
0     0000a8c0  Pos1_filt                        
0     0000a8c2  Pos2_filt                        
0     0000a8c4  Pos3_filt                        
0     0000a8c6  Pos4_filt                        
0     0000a810  PosRegFlag1                      
0     0000a811  PosRegFlag3                      
0     0000a81c  Position1                        
0     0000a81e  Position2                        
0     0000a898  Position2_c3                     
0     0000a8b0  Position2_c4                     
0     0000a820  Position3                        
0     0000a822  Position4                        
0     0000a866  Position_c1                      
0     0000a868  Position_c1_dec                  
0     0000a87e  Position_c2                      
0     0000a880  Position_c2_dec                  
0     0000a896  Position_c3_dec                  
0     0000a8ae  Position_c4_dec                  
0     0000a240  Push_Button_Start_XINT_init      
0     00009a39  SCI_clearInterruptStatus         
0     00009a7e  SCI_disableInterrupt             
0     00009b08  SCI_enableInterrupt              
0     000095d8  SCI_init                         
0     00008fc1  SCI_setConfig                    
0     000084e6  SFO                              
0     0000a977  SFO_CAL                          
0     0000a20e  SYNC_init                        
0     00009337  SendFloatAsText                  
0     00000128  SysCtl_delay                     
0     00009792  SysCtl_getClock                  
0     0000a01b  SysCtl_getLowSpeedClock          
0     00008ec3  SysCtl_isPLLValid                
0     000099aa  SysCtl_selectOscSource           
0     000099f3  SysCtl_selectXTAL                
0     00009f21  SysCtl_selectXTALSingleEnded     
0     000086d7  SysCtl_setClock                  
0     0000a80a  UartCounter                      
0     0000a240  XINT_init                        
0     00000164  __TI_CINIT_Base                  
0     0000016c  __TI_CINIT_Limit                 
0     0000016c  __TI_CINIT_Warm                  
0     0000015a  __TI_Handler_Table_Base          
0     00000160  __TI_Handler_Table_Limit         
0     00000600  __TI_STACK_END                   
abs   00000200  __TI_STACK_SIZE                  
0     00009e2d  __TI_auto_init_nobinit_nopinit   
0     0000a8da  __TI_cleanup_ptr                 
0     00009da5  __TI_decompress_lzss             
0     0000a2b8  __TI_decompress_none             
0     0000a8dc  __TI_dtors_ptr                   
0     0000a8d8  __TI_enable_exit_profile_output  
abs   ffffffff  __TI_pprof_out_hndl              
abs   ffffffff  __TI_prof_data_size              
abs   ffffffff  __TI_prof_data_start             
0     0000a277  __TI_zero_init_nomemset          
0     000093cc  __c28xabi_divf                   
n/a   UNDEFED   __c_args__                       
0     0000a2d5  __error__                        
0     00000400  __stack                          
0     0000a284  _args_main                       
0     0000a0c3  _c_int00                         
0     0000a8de  _lock                            
0     0000a2b7  _nop                             
0     0000a2b3  _register_lock                   
0     0000a2af  _register_unlock                 
0     00008fff  _system_post_cinit               
0     0000a2de  _system_pre_init                 
0     0000a8e0  _unlock                          
0     00009e82  abort                            
0     00008000  adcA1ISR                         
0     00000000  code_start                       
0     0000a8be  compCount                        
0     0000a21f  copysignf                        
0     0000a8bc  count                            
0     0000a809  count_ext_int                    
0     0000a801  dt_mean                          
0     0000a82c  dutyCycle1                       
0     0000a82e  dutyCycle2                       
0     0000a830  dutyCycle3                       
0     0000a832  dutyCycle4                       
0     0000a8ba  dutyFine                         
0     0000ad06  duty_cycle_table                 
0     0000a8d0  duty_table                       
0     0000ad0e  ePWM                             
0     0000a85c  ep1                              
0     0000a874  ep2                              
0     0000a88c  ep3                              
0     0000a8a4  ep4                              
0     0000a8e3  errno                            
0     0000a2d8  error                            
0     00009e84  exit                             
0     0000a858  fc1                              
0     0000a864  fc1_prim                         
0     0000a8b2  fc1f                             
0     0000a870  fc2                              
0     0000a87c  fc2_prim                         
0     0000a8b4  fc2f                             
0     0000a888  fc3                              
0     0000a894  fc3_prim                         
0     0000a8b6  fc3f                             
0     0000a8a0  fc4                              
0     0000a8ac  fc4_prim                         
0     0000a8b8  fc4f                             
0     0000a860  fce1                             
0     0000a878  fce2                             
0     0000a890  fce3                             
0     0000a8a8  fce4                             
0     00009800  ftoa                             
0     0000a805  i                                
0     0000a850  i_store                          
0     0000a852  ic1                              
0     0000a86a  ic2                              
0     0000a882  ic3                              
0     0000a89a  ic4                              
0     00009183  init                             
0     0000a856  integral_i1                      
0     0000a86e  integral_i2                      
0     0000a886  integral_i3                      
0     0000a89e  integral_i4                      
0     000098b5  ldexpf                           
0     0000a2db  main                             
0     0000a83c  mean1                            
0     0000a83e  mean2                            
0     0000a840  mean3                            
0     0000a842  mean4                            
0     00009fe3  memcpy                           
0     00009454  myADC0_init                      
0     000094d9  myADC1_init                      
0     00009d0d  myCPUTIMER0_init                 
0     000087fa  myINPUTXBARINPUT0_init           
0     0000a2cf  myINPUTXBARINPUT1_init           
0     000097f7  myINPUTXBARINPUT2_init           
0     000095d8  mySCI0_init                      
0     0000a804  phase1                           
0     00008800  powf                             
0     0000a170  reverse                          
0     0000a8e4  rxBuffer                         
0     0000a80d  rxIndex                          
0     000098b5  scalbnf                          
0     00009efa  sqrtf                            
0     0000a80f  state                            
0     0000a808  state_PIN                        
0     0000a96d  status                           
0     0000a862  sum_vp1                          
0     0000a87a  sum_vp2                          
0     0000a892  sum_vp3                          
0     0000a8aa  sum_vp4                          
0     0000a802  takeOff                          
0     0000a803  takeOff2                         
0     0000a924  txBuffer                         
0     0000a80b  txIndex                          
0     0000a80c  txLength                         
0     0000a834  uc1                              
0     0000a836  uc2                              
0     0000a838  uc3                              
0     0000a83a  uc4                              
0     0000a854  ue1                              
0     0000a86c  ue2                              
0     0000a884  ue3                              
0     0000a89c  ue4                              
0     0000a85a  v1                               
0     0000a872  v2                               
0     0000a88a  v3                               
0     0000a8a2  v4                               
0     0000a85e  xr1                              
0     0000a876  xr2                              
0     0000a88e  xr3                              
0     0000a8a6  xr4                              


GLOBAL SYMBOLS: SORTED BY Symbol Address 

page  address   name                             
----  -------   ----                             
0     00000000  code_start                       
0     00000128  SysCtl_delay                     
0     0000015a  __TI_Handler_Table_Base          
0     00000160  __TI_Handler_Table_Limit         
0     00000164  __TI_CINIT_Base                  
0     0000016c  __TI_CINIT_Limit                 
0     0000016c  __TI_CINIT_Warm                  
0     00000400  __stack                          
0     00000600  __TI_STACK_END                   
0     00008000  adcA1ISR                         
0     000084e6  SFO                              
0     000086d7  SysCtl_setClock                  
0     000087fa  myINPUTXBARINPUT0_init           
0     00008800  powf                             
0     00008b8c  EPWM_init                        
0     00008ec3  SysCtl_isPLLValid                
0     00008fc1  SCI_setConfig                    
0     00008fff  _system_post_cinit               
0     00009000  PinMux_init                      
0     00009183  init                             
0     00009264  Device_enableAllPeripherals      
0     00009337  SendFloatAsText                  
0     000093cc  __c28xabi_divf                   
0     00009454  myADC0_init                      
0     000094d9  myADC1_init                      
0     0000955a  INT_mySCI0_RX_ISR                
0     000095d8  SCI_init                         
0     000095d8  mySCI0_init                      
0     000096c1  GPIO_setAnalogMode               
0     0000972b  INT_mySCI0_TX_ISR                
0     00009792  SysCtl_getClock                  
0     000097f7  myINPUTXBARINPUT2_init           
0     00009800  ftoa                             
0     0000985d  GPIO_init                        
0     000098b5  ldexpf                           
0     000098b5  scalbnf                          
0     0000990d  GPIO_setPadConfig                
0     0000995f  Device_init                      
0     000099aa  SysCtl_selectOscSource           
0     000099f3  SysCtl_selectXTAL                
0     00009a39  SCI_clearInterruptStatus         
0     00009a7e  SCI_disableInterrupt             
0     00009b08  SCI_enableInterrupt              
0     00009b4c  Interrupt_initModule             
0     00009b89  PI_current_regulator             
0     00009bc2  ConvertIntToStr                  
0     00009bfa  GPIO_setControllerCore           
0     00009c31  GPIO_setInterruptPin             
0     00009c68  GPIO_setPinConfig                
0     00009c9f  GPIO_setQualificationMode        
0     00009cd6  Interrupt_enable                 
0     00009d0d  CPUTIMER_init                    
0     00009d0d  myCPUTIMER0_init                 
0     00009d74  GPIO_setDirectionMode            
0     00009da5  __TI_decompress_lzss             
0     00009dd5  INTERRUPT_init                   
0     00009e2d  __TI_auto_init_nobinit_nopinit   
0     00009e82  C$$EXIT                          
0     00009e82  abort                            
0     00009e84  exit                             
0     00009eab  ADC_setOffsetTrimAll             
0     00009ed3  ADC_setVREF                      
0     00009efa  sqrtf                            
0     00009f21  SysCtl_selectXTALSingleEnded     
0     00009f6a  Board_init                       
0     00009fc5  Interrupt_initVectorTable        
0     00009fe3  memcpy                           
0     0000a01b  SysCtl_getLowSpeedClock          
0     0000a0c3  _c_int00                         
0     0000a0f0  EPWM_setEmulationMode            
0     0000a106  Interrupt_defaultHandler         
0     0000a170  reverse                          
0     0000a1c1  INT_Push_Button_Start_XINT_ISR   
0     0000a1d5  CPUTimer_setEmulationMode        
0     0000a20e  SYNC_init                        
0     0000a21f  copysignf                        
0     0000a230  Device_initGPIO                  
0     0000a240  Push_Button_Start_XINT_init      
0     0000a240  XINT_init                        
0     0000a250  ASYSCTL_init                     
0     0000a277  __TI_zero_init_nomemset          
0     0000a284  _args_main                       
0     0000a29b  Interrupt_illegalOperationHandler
0     0000a2a5  Interrupt_nmiHandler             
0     0000a2af  _register_unlock                 
0     0000a2b3  _register_lock                   
0     0000a2b7  _nop                             
0     0000a2b8  __TI_decompress_none             
0     0000a2cf  myINPUTXBARINPUT1_init           
0     0000a2d5  __error__                        
0     0000a2d8  error                            
0     0000a2db  main                             
0     0000a2de  _system_pre_init                 
0     0000a800  Offset_stop                      
0     0000a801  dt_mean                          
0     0000a802  takeOff                          
0     0000a803  takeOff2                         
0     0000a804  phase1                           
0     0000a805  i                                
0     0000a806  ButtonS2                         
0     0000a807  Ext_Int_Flag                     
0     0000a808  state_PIN                        
0     0000a809  count_ext_int                    
0     0000a80a  UartCounter                      
0     0000a80b  txIndex                          
0     0000a80c  txLength                         
0     0000a80d  rxIndex                          
0     0000a80f  state                            
0     0000a810  PosRegFlag1                      
0     0000a811  PosRegFlag3                      
0     0000a812  Offset_count                     
0     0000a814  Offset_ADC1                      
0     0000a816  Offset_ADC2                      
0     0000a818  Offset_ADC3                      
0     0000a81a  Offset_ADC4                      
0     0000a81c  Position1                        
0     0000a81e  Position2                        
0     0000a820  Position3                        
0     0000a822  Position4                        
0     0000a824  Current1                         
0     0000a826  Current2                         
0     0000a828  Current3                         
0     0000a82a  Current4                         
0     0000a82c  dutyCycle1                       
0     0000a82e  dutyCycle2                       
0     0000a830  dutyCycle3                       
0     0000a832  dutyCycle4                       
0     0000a834  uc1                              
0     0000a836  uc2                              
0     0000a838  uc3                              
0     0000a83a  uc4                              
0     0000a83c  mean1                            
0     0000a83e  mean2                            
0     0000a840  mean3                            
0     0000a842  mean4                            
0     0000a844  I                                
0     0000a846  Kw                               
0     0000a848  Kd                               
0     0000a84a  Kddot                            
0     0000a84c  Kr                               
0     0000a84e  Kr_sans_int                      
0     0000a850  i_store                          
0     0000a852  ic1                              
0     0000a854  ue1                              
0     0000a856  integral_i1                      
0     0000a858  fc1                              
0     0000a85a  v1                               
0     0000a85c  ep1                              
0     0000a85e  xr1                              
0     0000a860  fce1                             
0     0000a862  sum_vp1                          
0     0000a864  fc1_prim                         
0     0000a866  Position_c1                      
0     0000a868  Position_c1_dec                  
0     0000a86a  ic2                              
0     0000a86c  ue2                              
0     0000a86e  integral_i2                      
0     0000a870  fc2                              
0     0000a872  v2                               
0     0000a874  ep2                              
0     0000a876  xr2                              
0     0000a878  fce2                             
0     0000a87a  sum_vp2                          
0     0000a87c  fc2_prim                         
0     0000a87e  Position_c2                      
0     0000a880  Position_c2_dec                  
0     0000a882  ic3                              
0     0000a884  ue3                              
0     0000a886  integral_i3                      
0     0000a888  fc3                              
0     0000a88a  v3                               
0     0000a88c  ep3                              
0     0000a88e  xr3                              
0     0000a890  fce3                             
0     0000a892  sum_vp3                          
0     0000a894  fc3_prim                         
0     0000a896  Position_c3_dec                  
0     0000a898  Position2_c3                     
0     0000a89a  ic4                              
0     0000a89c  ue4                              
0     0000a89e  integral_i4                      
0     0000a8a0  fc4                              
0     0000a8a2  v4                               
0     0000a8a4  ep4                              
0     0000a8a6  xr4                              
0     0000a8a8  fce4                             
0     0000a8aa  sum_vp4                          
0     0000a8ac  fc4_prim                         
0     0000a8ae  Position_c4_dec                  
0     0000a8b0  Position2_c4                     
0     0000a8b2  fc1f                             
0     0000a8b4  fc2f                             
0     0000a8b6  fc3f                             
0     0000a8b8  fc4f                             
0     0000a8ba  dutyFine                         
0     0000a8bc  count                            
0     0000a8be  compCount                        
0     0000a8c0  Pos1_filt                        
0     0000a8c2  Pos2_filt                        
0     0000a8c4  Pos3_filt                        
0     0000a8c6  Pos4_filt                        
0     0000a8c8  Cur1_filt                        
0     0000a8ca  Cur2_filt                        
0     0000a8cc  Cur3_filt                        
0     0000a8ce  Cur4_filt                        
0     0000a8d0  duty_table                       
0     0000a8d8  __TI_enable_exit_profile_output  
0     0000a8da  __TI_cleanup_ptr                 
0     0000a8dc  __TI_dtors_ptr                   
0     0000a8de  _lock                            
0     0000a8e0  _unlock                          
0     0000a8e3  errno                            
0     0000a8e4  rxBuffer                         
0     0000a924  txBuffer                         
0     0000a964  MEP_ScaleFactor                  
0     0000a965  ADC_pos_1                        
0     0000a966  ADC_pos_2                        
0     0000a967  ADC_pos_3                        
0     0000a968  ADC_pos_4                        
0     0000a969  ADC_cur_1                        
0     0000a96a  ADC_cur_2                        
0     0000a96b  ADC_cur_3                        
0     0000a96c  ADC_cur_4                        
0     0000a96d  status                           
0     0000a96e  MEP_SF                           
0     0000a977  SFO_CAL                          
0     0000ad06  duty_cycle_table                 
0     0000ad0e  ePWM                             
abs   00000200  __TI_STACK_SIZE                  
abs   ffffffff  __TI_pprof_out_hndl              
abs   ffffffff  __TI_prof_data_size              
abs   ffffffff  __TI_prof_data_start             
n/a   UNDEFED   __c_args__                       

[233 symbols]
