<?xml version="1.0" encoding="ISO-8859-1" ?>
<link_info>
   <banner>TMS320C2000 Linker PC v22.6.1.LTS</banner>
   <copyright>Copyright (c) 1996-2018 Texas Instruments Incorporated</copyright>
   <link_time>0x6a12c2fc</link_time>
   <link_errors>0x0</link_errors>
   <output_file>Test_pour_carte_principale_4_inducteurs.out</output_file>
   <entry_point>
      <name>code_start</name>
      <address>0x0</address>
   </entry_point>
   <input_file_list>
      <input_file id="fl-2">
         <path>.\</path>
         <kind>object</kind>
         <file>FunctionHeader2.obj</file>
         <name>FunctionHeader2.obj</name>
      </input_file>
      <input_file id="fl-3">
         <path>.\</path>
         <kind>object</kind>
         <file>MesurePosition.obj</file>
         <name>MesurePosition.obj</name>
      </input_file>
      <input_file id="fl-4">
         <path>.\syscfg\</path>
         <kind>object</kind>
         <file>board.obj</file>
         <name>board.obj</name>
      </input_file>
      <input_file id="fl-5">
         <path>.\syscfg\</path>
         <kind>object</kind>
         <file>c2000ware_libraries.obj</file>
         <name>c2000ware_libraries.obj</name>
      </input_file>
      <input_file id="fl-6">
         <path>.\device\</path>
         <kind>object</kind>
         <file>device.obj</file>
         <name>device.obj</name>
      </input_file>
      <input_file id="fl-7">
         <path>.\device\</path>
         <kind>object</kind>
         <file>f28003x_codestartbranch.obj</file>
         <name>f28003x_codestartbranch.obj</name>
      </input_file>
      <input_file id="fl-e">
         <kind>object</kind>
         <file>&lt;internal&gt;</file>
         <name>&lt;internal&gt;</name>
      </input_file>
      <input_file id="fl-12">
         <path>C:\ti\c2000\C2000Ware_5_02_00_00\libraries\calibration\hrpwm\f28003x\lib\</path>
         <kind>archive</kind>
         <file>SFO_v8_fpu_lib_build_c28_driverlib_eabi.lib</file>
         <name>SFO_v8_fpu_lib_build_c28_driverlib.obj</name>
      </input_file>
      <input_file id="fl-13">
         <path>C:\ti\c2000\C2000Ware_5_02_00_00\driverlib\f28003x\driverlib\ccs\Debug\</path>
         <kind>archive</kind>
         <file>driverlib.lib</file>
         <name>adc.obj</name>
      </input_file>
      <input_file id="fl-14">
         <path>C:\ti\c2000\C2000Ware_5_02_00_00\driverlib\f28003x\driverlib\ccs\Debug\</path>
         <kind>archive</kind>
         <file>driverlib.lib</file>
         <name>cputimer.obj</name>
      </input_file>
      <input_file id="fl-15">
         <path>C:\ti\c2000\C2000Ware_5_02_00_00\driverlib\f28003x\driverlib\ccs\Debug\</path>
         <kind>archive</kind>
         <file>driverlib.lib</file>
         <name>dcc.obj</name>
      </input_file>
      <input_file id="fl-16">
         <path>C:\ti\c2000\C2000Ware_5_02_00_00\driverlib\f28003x\driverlib\ccs\Debug\</path>
         <kind>archive</kind>
         <file>driverlib.lib</file>
         <name>epwm.obj</name>
      </input_file>
      <input_file id="fl-17">
         <path>C:\ti\c2000\C2000Ware_5_02_00_00\driverlib\f28003x\driverlib\ccs\Debug\</path>
         <kind>archive</kind>
         <file>driverlib.lib</file>
         <name>gpio.obj</name>
      </input_file>
      <input_file id="fl-18">
         <path>C:\ti\c2000\C2000Ware_5_02_00_00\driverlib\f28003x\driverlib\ccs\Debug\</path>
         <kind>archive</kind>
         <file>driverlib.lib</file>
         <name>interrupt.obj</name>
      </input_file>
      <input_file id="fl-19">
         <path>C:\ti\c2000\C2000Ware_5_02_00_00\driverlib\f28003x\driverlib\ccs\Debug\</path>
         <kind>archive</kind>
         <file>driverlib.lib</file>
         <name>sci.obj</name>
      </input_file>
      <input_file id="fl-1a">
         <path>C:\ti\c2000\C2000Ware_5_02_00_00\driverlib\f28003x\driverlib\ccs\Debug\</path>
         <kind>archive</kind>
         <file>driverlib.lib</file>
         <name>sysctl.obj</name>
      </input_file>
      <input_file id="fl-26">
         <path>C:\ti\ccs1260\ccs\tools\compiler\ti-cgt-c2000_22.6.1.LTS\lib\</path>
         <kind>archive</kind>
         <file>rts2800_fpu32_eabi.lib</file>
         <name>e_powf.c.obj</name>
      </input_file>
      <input_file id="fl-27">
         <path>C:\ti\ccs1260\ccs\tools\compiler\ti-cgt-c2000_22.6.1.LTS\lib\</path>
         <kind>archive</kind>
         <file>rts2800_fpu32_eabi.lib</file>
         <name>e_sqrtf.c.obj</name>
      </input_file>
      <input_file id="fl-28">
         <path>C:\ti\ccs1260\ccs\tools\compiler\ti-cgt-c2000_22.6.1.LTS\lib\</path>
         <kind>archive</kind>
         <file>rts2800_fpu32_eabi.lib</file>
         <name>s_scalbnf.c.obj</name>
      </input_file>
      <input_file id="fl-29">
         <path>C:\ti\ccs1260\ccs\tools\compiler\ti-cgt-c2000_22.6.1.LTS\lib\</path>
         <kind>archive</kind>
         <file>rts2800_fpu32_eabi.lib</file>
         <name>s_copysignf.c.obj</name>
      </input_file>
      <input_file id="fl-2a">
         <path>C:\ti\ccs1260\ccs\tools\compiler\ti-cgt-c2000_22.6.1.LTS\lib\</path>
         <kind>archive</kind>
         <file>rts2800_fpu32_eabi.lib</file>
         <name>boot28.asm.obj</name>
      </input_file>
      <input_file id="fl-2b">
         <path>C:\ti\ccs1260\ccs\tools\compiler\ti-cgt-c2000_22.6.1.LTS\lib\</path>
         <kind>archive</kind>
         <file>rts2800_fpu32_eabi.lib</file>
         <name>fs_div28.asm.obj</name>
      </input_file>
      <input_file id="fl-2c">
         <path>C:\ti\ccs1260\ccs\tools\compiler\ti-cgt-c2000_22.6.1.LTS\lib\</path>
         <kind>archive</kind>
         <file>rts2800_fpu32_eabi.lib</file>
         <name>ll_cmp28.asm.obj</name>
      </input_file>
      <input_file id="fl-2d">
         <path>C:\ti\ccs1260\ccs\tools\compiler\ti-cgt-c2000_22.6.1.LTS\lib\</path>
         <kind>archive</kind>
         <file>rts2800_fpu32_eabi.lib</file>
         <name>pre_init.c.obj</name>
      </input_file>
      <input_file id="fl-2e">
         <path>C:\ti\ccs1260\ccs\tools\compiler\ti-cgt-c2000_22.6.1.LTS\lib\</path>
         <kind>archive</kind>
         <file>rts2800_fpu32_eabi.lib</file>
         <name>autoinit.c.obj</name>
      </input_file>
      <input_file id="fl-2f">
         <path>C:\ti\ccs1260\ccs\tools\compiler\ti-cgt-c2000_22.6.1.LTS\lib\</path>
         <kind>archive</kind>
         <file>rts2800_fpu32_eabi.lib</file>
         <name>copy_zero_init.c.obj</name>
      </input_file>
      <input_file id="fl-30">
         <path>C:\ti\ccs1260\ccs\tools\compiler\ti-cgt-c2000_22.6.1.LTS\lib\</path>
         <kind>archive</kind>
         <file>rts2800_fpu32_eabi.lib</file>
         <name>copy_decompress_none.c.obj</name>
      </input_file>
      <input_file id="fl-31">
         <path>C:\ti\ccs1260\ccs\tools\compiler\ti-cgt-c2000_22.6.1.LTS\lib\</path>
         <kind>archive</kind>
         <file>rts2800_fpu32_eabi.lib</file>
         <name>copy_decompress_lzss.c.obj</name>
      </input_file>
      <input_file id="fl-32">
         <path>C:\ti\ccs1260\ccs\tools\compiler\ti-cgt-c2000_22.6.1.LTS\lib\</path>
         <kind>archive</kind>
         <file>rts2800_fpu32_eabi.lib</file>
         <name>exit.c.obj</name>
      </input_file>
      <input_file id="fl-33">
         <path>C:\ti\ccs1260\ccs\tools\compiler\ti-cgt-c2000_22.6.1.LTS\lib\</path>
         <kind>archive</kind>
         <file>rts2800_fpu32_eabi.lib</file>
         <name>_lock.c.obj</name>
      </input_file>
      <input_file id="fl-34">
         <path>C:\ti\ccs1260\ccs\tools\compiler\ti-cgt-c2000_22.6.1.LTS\lib\</path>
         <kind>archive</kind>
         <file>rts2800_fpu32_eabi.lib</file>
         <name>args_main.c.obj</name>
      </input_file>
      <input_file id="fl-35">
         <path>C:\ti\ccs1260\ccs\tools\compiler\ti-cgt-c2000_22.6.1.LTS\lib\</path>
         <kind>archive</kind>
         <file>rts2800_fpu32_eabi.lib</file>
         <name>memset.c.obj</name>
      </input_file>
      <input_file id="fl-36">
         <path>C:\ti\ccs1260\ccs\tools\compiler\ti-cgt-c2000_22.6.1.LTS\lib\</path>
         <kind>archive</kind>
         <file>rts2800_fpu32_eabi.lib</file>
         <name>errno.c.obj</name>
      </input_file>
      <input_file id="fl-37">
         <path>C:\ti\ccs1260\ccs\tools\compiler\ti-cgt-c2000_22.6.1.LTS\lib\</path>
         <kind>archive</kind>
         <file>rts2800_fpu32_eabi.lib</file>
         <name>cpy_tbl.c.obj</name>
      </input_file>
      <input_file id="fl-38">
         <path>C:\ti\ccs1260\ccs\tools\compiler\ti-cgt-c2000_22.6.1.LTS\lib\</path>
         <kind>archive</kind>
         <file>rts2800_fpu32_eabi.lib</file>
         <name>memcpy.c.obj</name>
      </input_file>
      <input_file id="fl-39">
         <path>C:\ti\ccs1260\ccs\tools\compiler\ti-cgt-c2000_22.6.1.LTS\lib\</path>
         <kind>archive</kind>
         <file>rts2800_fpu32_eabi.lib</file>
         <name>startup.c.obj</name>
      </input_file>
   </input_file_list>
   <object_component_list>
      <object_component id="oc-26">
         <name>codestart</name>
         <load_address>0x0</load_address>
         <run_address>0x0</run_address>
         <size>0x2</size>
         <input_file_ref idref="fl-7"/>
      </object_component>
      <object_component id="oc-2c8">
         <name>.TI.ramfunc</name>
         <load_address>0x128</load_address>
         <run_address>0x128</run_address>
         <size>0x4</size>
         <input_file_ref idref="fl-1a"/>
      </object_component>
      <object_component id="oc-129">
         <name>.text</name>
         <load_address>0x8000</load_address>
         <run_address>0x8000</run_address>
         <size>0x38c</size>
         <input_file_ref idref="fl-26"/>
      </object_component>
      <object_component id="oc-29f">
         <name>.text:EPWM_init</name>
         <load_address>0x838c</load_address>
         <run_address>0x838c</run_address>
         <size>0x337</size>
         <input_file_ref idref="fl-4"/>
      </object_component>
      <object_component id="oc-23e">
         <name>.text:SysCtl_setClock</name>
         <load_address>0x86c3</load_address>
         <run_address>0x86c3</run_address>
         <size>0x123</size>
         <input_file_ref idref="fl-1a"/>
      </object_component>
      <object_component id="oc-24a">
         <name>.text:SysCtl_getLowSpeedClock</name>
         <load_address>0x87e6</load_address>
         <run_address>0x87e6</run_address>
         <size>0x1a</size>
         <input_file_ref idref="fl-1a"/>
      </object_component>
      <object_component id="oc-2b">
         <name>.text:adcA1ISR</name>
         <load_address>0x8800</load_address>
         <run_address>0x8800</run_address>
         <size>0x26e</size>
         <input_file_ref idref="fl-3"/>
      </object_component>
      <object_component id="oc-20c">
         <name>.text</name>
         <load_address>0x8a6e</load_address>
         <run_address>0x8a6e</run_address>
         <size>0x1f1</size>
         <input_file_ref idref="fl-12"/>
      </object_component>
      <object_component id="oc-269">
         <name>.text:PinMux_init</name>
         <load_address>0x8c5f</load_address>
         <run_address>0x8c5f</run_address>
         <size>0x183</size>
         <input_file_ref idref="fl-4"/>
      </object_component>
      <object_component id="oc-2d5">
         <name>.text:SysCtl_isPLLValid</name>
         <load_address>0x8de2</load_address>
         <run_address>0x8de2</run_address>
         <size>0xfe</size>
         <input_file_ref idref="fl-1a"/>
      </object_component>
      <object_component id="oc-1c3">
         <name>.text:init</name>
         <load_address>0x8ee0</load_address>
         <run_address>0x8ee0</run_address>
         <size>0xe1</size>
         <input_file_ref idref="fl-3"/>
      </object_component>
      <object_component id="oc-32b">
         <name>.text:SCI_setConfig</name>
         <load_address>0x8fc1</load_address>
         <run_address>0x8fc1</run_address>
         <size>0x3e</size>
         <input_file_ref idref="fl-19"/>
      </object_component>
      <object_component id="oc-1ae">
         <name>.text</name>
         <load_address>0x8fff</load_address>
         <run_address>0x8fff</run_address>
         <size>0x1</size>
         <input_file_ref idref="fl-39"/>
      </object_component>
      <object_component id="oc-250">
         <name>.text:Device_enableAllPeripherals</name>
         <load_address>0x9000</load_address>
         <run_address>0x9000</run_address>
         <size>0xd3</size>
         <input_file_ref idref="fl-6"/>
      </object_component>
      <object_component id="oc-84">
         <name>.text:SendFloatAsText</name>
         <load_address>0x90d3</load_address>
         <run_address>0x90d3</run_address>
         <size>0x95</size>
         <input_file_ref idref="fl-2"/>
      </object_component>
      <object_component id="oc-189">
         <name>.text</name>
         <load_address>0x9168</load_address>
         <run_address>0x9168</run_address>
         <size>0x88</size>
         <input_file_ref idref="fl-2b"/>
      </object_component>
      <object_component id="oc-28d">
         <name>.text:myADC0_init</name>
         <load_address>0x91f0</load_address>
         <run_address>0x91f0</run_address>
         <size>0x85</size>
         <input_file_ref idref="fl-4"/>
      </object_component>
      <object_component id="oc-293">
         <name>.text:myADC1_init</name>
         <load_address>0x9275</load_address>
         <run_address>0x9275</run_address>
         <size>0x81</size>
         <input_file_ref idref="fl-4"/>
      </object_component>
      <object_component id="oc-3d">
         <name>.text:INT_mySCI0_RX_ISR</name>
         <load_address>0x92f6</load_address>
         <run_address>0x92f6</run_address>
         <size>0x7e</size>
         <input_file_ref idref="fl-3"/>
      </object_component>
      <object_component id="oc-2ab">
         <name>.text:mySCI0_init</name>
         <load_address>0x9374</load_address>
         <run_address>0x9374</run_address>
         <size>0x76</size>
         <input_file_ref idref="fl-4"/>
      </object_component>
      <object_component id="oc-378">
         <name>.text:DCC_setCounterSeeds</name>
         <load_address>0x93ea</load_address>
         <run_address>0x93ea</run_address>
         <size>0x73</size>
         <input_file_ref idref="fl-1a"/>
      </object_component>
      <object_component id="oc-256">
         <name>.text:GPIO_setAnalogMode</name>
         <load_address>0x945d</load_address>
         <run_address>0x945d</run_address>
         <size>0x6a</size>
         <input_file_ref idref="fl-17"/>
      </object_component>
      <object_component id="oc-37">
         <name>.text:INT_mySCI0_TX_ISR</name>
         <load_address>0x94c7</load_address>
         <run_address>0x94c7</run_address>
         <size>0x67</size>
         <input_file_ref idref="fl-3"/>
      </object_component>
      <object_component id="oc-244">
         <name>.text:SysCtl_getClock</name>
         <load_address>0x952e</load_address>
         <run_address>0x952e</run_address>
         <size>0x65</size>
         <input_file_ref idref="fl-1a"/>
      </object_component>
      <object_component id="oc-c9">
         <name>.text:ftoa</name>
         <load_address>0x9593</load_address>
         <run_address>0x9593</run_address>
         <size>0x5d</size>
         <input_file_ref idref="fl-2"/>
      </object_component>
      <object_component id="oc-2a5">
         <name>.text:GPIO_init</name>
         <load_address>0x95f0</load_address>
         <run_address>0x95f0</run_address>
         <size>0x58</size>
         <input_file_ref idref="fl-4"/>
      </object_component>
      <object_component id="oc-19d">
         <name>.text</name>
         <load_address>0x9648</load_address>
         <run_address>0x9648</run_address>
         <size>0x58</size>
         <input_file_ref idref="fl-28"/>
      </object_component>
      <object_component id="oc-2f0">
         <name>.text:GPIO_setPadConfig</name>
         <load_address>0x96a0</load_address>
         <run_address>0x96a0</run_address>
         <size>0x52</size>
         <input_file_ref idref="fl-17"/>
      </object_component>
      <object_component id="oc-1fa">
         <name>.text:Device_init</name>
         <load_address>0x96f2</load_address>
         <run_address>0x96f2</run_address>
         <size>0x4b</size>
         <input_file_ref idref="fl-6"/>
      </object_component>
      <object_component id="oc-2c9">
         <name>.text:SysCtl_selectOscSource</name>
         <load_address>0x973d</load_address>
         <run_address>0x973d</run_address>
         <size>0x49</size>
         <input_file_ref idref="fl-1a"/>
      </object_component>
      <object_component id="oc-33a">
         <name>.text:SysCtl_selectXTAL</name>
         <load_address>0x9786</load_address>
         <run_address>0x9786</run_address>
         <size>0x46</size>
         <input_file_ref idref="fl-1a"/>
      </object_component>
      <object_component id="oc-299">
         <name>.text:myCPUTIMER0_init</name>
         <load_address>0x97cc</load_address>
         <run_address>0x97cc</run_address>
         <size>0x34</size>
         <input_file_ref idref="fl-4"/>
      </object_component>
      <object_component id="oc-9d">
         <name>.text:SCI_clearInterruptStatus</name>
         <load_address>0x9800</load_address>
         <run_address>0x9800</run_address>
         <size>0x45</size>
         <input_file_ref idref="fl-19"/>
      </object_component>
      <object_component id="oc-97">
         <name>.text:SCI_disableInterrupt</name>
         <load_address>0x9845</load_address>
         <run_address>0x9845</run_address>
         <size>0x45</size>
         <input_file_ref idref="fl-19"/>
      </object_component>
      <object_component id="oc-3d3">
         <name>.text:SysCtl_pollX1Counter</name>
         <load_address>0x988a</load_address>
         <run_address>0x988a</run_address>
         <size>0x45</size>
         <input_file_ref idref="fl-1a"/>
      </object_component>
      <object_component id="oc-cf">
         <name>.text:SCI_enableInterrupt</name>
         <load_address>0x98cf</load_address>
         <run_address>0x98cf</run_address>
         <size>0x44</size>
         <input_file_ref idref="fl-19"/>
      </object_component>
      <object_component id="oc-206">
         <name>.text:Interrupt_initModule</name>
         <load_address>0x9913</load_address>
         <run_address>0x9913</run_address>
         <size>0x3d</size>
         <input_file_ref idref="fl-18"/>
      </object_component>
      <object_component id="oc-123">
         <name>.text:ConvertIntToStr</name>
         <load_address>0x9950</load_address>
         <run_address>0x9950</run_address>
         <size>0x38</size>
         <input_file_ref idref="fl-2"/>
      </object_component>
      <object_component id="oc-324">
         <name>.text:GPIO_setControllerCore</name>
         <load_address>0x9988</load_address>
         <run_address>0x9988</run_address>
         <size>0x37</size>
         <input_file_ref idref="fl-17"/>
      </object_component>
      <object_component id="oc-332">
         <name>.text:GPIO_setInterruptPin</name>
         <load_address>0x99bf</load_address>
         <run_address>0x99bf</run_address>
         <size>0x37</size>
         <input_file_ref idref="fl-17"/>
      </object_component>
      <object_component id="oc-2ea">
         <name>.text:GPIO_setPinConfig</name>
         <load_address>0x99f6</load_address>
         <run_address>0x99f6</run_address>
         <size>0x37</size>
         <input_file_ref idref="fl-17"/>
      </object_component>
      <object_component id="oc-2f6">
         <name>.text:GPIO_setQualificationMode</name>
         <load_address>0x9a2d</load_address>
         <run_address>0x9a2d</run_address>
         <size>0x37</size>
         <input_file_ref idref="fl-17"/>
      </object_component>
      <object_component id="oc-8c">
         <name>.text:Interrupt_enable</name>
         <load_address>0x9a64</load_address>
         <run_address>0x9a64</run_address>
         <size>0x37</size>
         <input_file_ref idref="fl-18"/>
      </object_component>
      <object_component id="oc-317">
         <name>.text:EPWM_setActionQualifierAction</name>
         <load_address>0x9a9b</load_address>
         <run_address>0x9a9b</run_address>
         <size>0x33</size>
         <input_file_ref idref="fl-4"/>
      </object_component>
      <object_component id="oc-31e">
         <name>.text:GPIO_setDirectionMode</name>
         <load_address>0x9ace</load_address>
         <run_address>0x9ace</run_address>
         <size>0x31</size>
         <input_file_ref idref="fl-17"/>
      </object_component>
      <object_component id="oc-19">
         <name>.text:decompress:lzss</name>
         <load_address>0x9aff</load_address>
         <run_address>0x9aff</run_address>
         <size>0x30</size>
         <input_file_ref idref="fl-31"/>
      </object_component>
      <object_component id="oc-31">
         <name>.text:INTERRUPT_init</name>
         <load_address>0x9b2f</load_address>
         <run_address>0x9b2f</run_address>
         <size>0x2d</size>
         <input_file_ref idref="fl-4"/>
      </object_component>
      <object_component id="oc-3b2">
         <name>.text:EPWM_isBaseValid</name>
         <load_address>0x9b5c</load_address>
         <run_address>0x9b5c</run_address>
         <size>0x2b</size>
         <input_file_ref idref="fl-16"/>
      </object_component>
      <object_component id="oc-142">
         <name>.text:__TI_auto_init_nobinit_nopinit</name>
         <load_address>0x9b87</load_address>
         <run_address>0x9b87</run_address>
         <size>0x2b</size>
         <input_file_ref idref="fl-2e"/>
      </object_component>
      <object_component id="oc-3cc">
         <name>.text:XBAR_setInputPin</name>
         <load_address>0x9bb2</load_address>
         <run_address>0x9bb2</run_address>
         <size>0x2a</size>
         <input_file_ref idref="fl-17"/>
      </object_component>
      <object_component id="oc-11c">
         <name>.text</name>
         <load_address>0x9bdc</load_address>
         <run_address>0x9bdc</run_address>
         <size>0x29</size>
         <input_file_ref idref="fl-32"/>
      </object_component>
      <object_component id="oc-3a1">
         <name>.text:ADC_setOffsetTrimAll</name>
         <load_address>0x9c05</load_address>
         <run_address>0x9c05</run_address>
         <size>0x28</size>
         <input_file_ref idref="fl-13"/>
      </object_component>
      <object_component id="oc-302">
         <name>.text:ADC_setVREF</name>
         <load_address>0x9c2d</load_address>
         <run_address>0x9c2d</run_address>
         <size>0x27</size>
         <input_file_ref idref="fl-13"/>
      </object_component>
      <object_component id="oc-18e">
         <name>.text</name>
         <load_address>0x9c54</load_address>
         <run_address>0x9c54</run_address>
         <size>0x27</size>
         <input_file_ref idref="fl-27"/>
      </object_component>
      <object_component id="oc-340">
         <name>.text:SysCtl_selectXTALSingleEnded</name>
         <load_address>0x9c7b</load_address>
         <run_address>0x9c7b</run_address>
         <size>0x25</size>
         <input_file_ref idref="fl-1a"/>
      </object_component>
      <object_component id="oc-37e">
         <name>.text:DCC_enableSingleShotMode</name>
         <load_address>0x9ca0</load_address>
         <run_address>0x9ca0</run_address>
         <size>0x24</size>
         <input_file_ref idref="fl-1a"/>
      </object_component>
      <object_component id="oc-218">
         <name>.text:Board_init</name>
         <load_address>0x9cc4</load_address>
         <run_address>0x9cc4</run_address>
         <size>0x1f</size>
         <input_file_ref idref="fl-4"/>
      </object_component>
      <object_component id="oc-36c">
         <name>.text:DCC_setCounter0ClkSource</name>
         <load_address>0x9ce3</load_address>
         <run_address>0x9ce3</run_address>
         <size>0x1e</size>
         <input_file_ref idref="fl-1a"/>
      </object_component>
      <object_component id="oc-372">
         <name>.text:DCC_setCounter1ClkSource</name>
         <load_address>0x9d01</load_address>
         <run_address>0x9d01</run_address>
         <size>0x1e</size>
         <input_file_ref idref="fl-1a"/>
      </object_component>
      <object_component id="oc-4e">
         <name>.text:Interrupt_initVectorTable</name>
         <load_address>0x9d1f</load_address>
         <run_address>0x9d1f</run_address>
         <size>0x1e</size>
         <input_file_ref idref="fl-18"/>
      </object_component>
      <object_component id="oc-64">
         <name>.text</name>
         <load_address>0x9d3d</load_address>
         <run_address>0x9d3d</run_address>
         <size>0x1d</size>
         <input_file_ref idref="fl-38"/>
      </object_component>
      <object_component id="oc-402">
         <name>.text:XBAR_isBaseValid</name>
         <load_address>0x9d5a</load_address>
         <run_address>0x9d5a</run_address>
         <size>0x1b</size>
         <input_file_ref idref="fl-17"/>
      </object_component>
      <object_component id="oc-2cf">
         <name>.text:SysCtl_setPLLSysClk</name>
         <load_address>0x9d75</load_address>
         <run_address>0x9d75</run_address>
         <size>0x19</size>
         <input_file_ref idref="fl-1a"/>
      </object_component>
      <object_component id="oc-3bf">
         <name>.text:SCI_disableModule</name>
         <load_address>0x9d8e</load_address>
         <run_address>0x9d8e</run_address>
         <size>0x18</size>
         <input_file_ref idref="fl-19"/>
      </object_component>
      <object_component id="oc-fb">
         <name>.text:SCI_performSoftwareReset</name>
         <load_address>0x9da6</load_address>
         <run_address>0x9da6</run_address>
         <size>0x18</size>
         <input_file_ref idref="fl-19"/>
      </object_component>
      <object_component id="oc-39a">
         <name>.text:ADC_isBaseValid</name>
         <load_address>0x9dbe</load_address>
         <run_address>0x9dbe</run_address>
         <size>0x17</size>
         <input_file_ref idref="fl-13"/>
      </object_component>
      <object_component id="oc-3a9">
         <name>.text:CPUTimer_isBaseValid</name>
         <load_address>0x9dd5</load_address>
         <run_address>0x9dd5</run_address>
         <size>0x17</size>
         <input_file_ref idref="fl-14"/>
      </object_component>
      <object_component id="oc-348">
         <name>.text:SysCtl_enablePeripheral</name>
         <load_address>0x9dec</load_address>
         <run_address>0x9dec</run_address>
         <size>0x17</size>
         <input_file_ref idref="fl-1a"/>
      </object_component>
      <object_component id="oc-bf">
         <name>.text</name>
         <load_address>0x9e03</load_address>
         <run_address>0x9e03</run_address>
         <size>0x17</size>
         <input_file_ref idref="fl-2a"/>
      </object_component>
      <object_component id="oc-366">
         <name>.text:DCC_disableDoneSignal</name>
         <load_address>0x9e1a</load_address>
         <run_address>0x9e1a</run_address>
         <size>0x16</size>
         <input_file_ref idref="fl-1a"/>
      </object_component>
      <object_component id="oc-311">
         <name>.text:EPWM_setEmulationMode</name>
         <load_address>0x9e30</load_address>
         <run_address>0x9e30</run_address>
         <size>0x16</size>
         <input_file_ref idref="fl-16"/>
      </object_component>
      <object_component id="oc-49">
         <name>.text:Interrupt_defaultHandler</name>
         <load_address>0x9e46</load_address>
         <run_address>0x9e46</run_address>
         <size>0x16</size>
         <input_file_ref idref="fl-18"/>
      </object_component>
      <object_component id="oc-354">
         <name>.text:DCC_clearDoneFlag</name>
         <load_address>0x9e5c</load_address>
         <run_address>0x9e5c</run_address>
         <size>0x15</size>
         <input_file_ref idref="fl-1a"/>
      </object_component>
      <object_component id="oc-34e">
         <name>.text:DCC_clearErrorFlag</name>
         <load_address>0x9e71</load_address>
         <run_address>0x9e71</run_address>
         <size>0x15</size>
         <input_file_ref idref="fl-1a"/>
      </object_component>
      <object_component id="oc-360">
         <name>.text:DCC_disableErrorSignal</name>
         <load_address>0x9e86</load_address>
         <run_address>0x9e86</run_address>
         <size>0x15</size>
         <input_file_ref idref="fl-1a"/>
      </object_component>
      <object_component id="oc-3e2">
         <name>.text:DCC_isBaseValid</name>
         <load_address>0x9e9b</load_address>
         <run_address>0x9e9b</run_address>
         <size>0x15</size>
         <input_file_ref idref="fl-1a"/>
      </object_component>
      <object_component id="oc-182">
         <name>.text:reverse</name>
         <load_address>0x9eb0</load_address>
         <run_address>0x9eb0</run_address>
         <size>0x15</size>
         <input_file_ref idref="fl-2"/>
      </object_component>
      <object_component id="oc-35a">
         <name>.text:DCC_disableModule</name>
         <load_address>0x9ec5</load_address>
         <run_address>0x9ec5</run_address>
         <size>0x14</size>
         <input_file_ref idref="fl-1a"/>
      </object_component>
      <object_component id="oc-384">
         <name>.text:DCC_enableModule</name>
         <load_address>0x9ed9</load_address>
         <run_address>0x9ed9</run_address>
         <size>0x14</size>
         <input_file_ref idref="fl-1a"/>
      </object_component>
      <object_component id="oc-392">
         <name>.text:GPIO_isPinValid</name>
         <load_address>0x9eed</load_address>
         <run_address>0x9eed</run_address>
         <size>0x14</size>
         <input_file_ref idref="fl-17"/>
      </object_component>
      <object_component id="oc-43">
         <name>.text:INT_Push_Button_Start_XINT_ISR</name>
         <load_address>0x9f01</load_address>
         <run_address>0x9f01</run_address>
         <size>0x14</size>
         <input_file_ref idref="fl-3"/>
      </object_component>
      <object_component id="oc-30a">
         <name>.text:CPUTimer_setEmulationMode</name>
         <load_address>0x9f15</load_address>
         <run_address>0x9f15</run_address>
         <size>0x13</size>
         <input_file_ref idref="fl-14"/>
      </object_component>
      <object_component id="oc-3c5">
         <name>.text:SCI_enableModule</name>
         <load_address>0x9f28</load_address>
         <run_address>0x9f28</run_address>
         <size>0x13</size>
         <input_file_ref idref="fl-19"/>
      </object_component>
      <object_component id="oc-ec">
         <name>.text:SCI_isBaseValid</name>
         <load_address>0x9f3b</load_address>
         <run_address>0x9f3b</run_address>
         <size>0x13</size>
         <input_file_ref idref="fl-19"/>
      </object_component>
      <object_component id="oc-281">
         <name>.text:SYNC_init</name>
         <load_address>0x9f4e</load_address>
         <run_address>0x9f4e</run_address>
         <size>0x11</size>
         <input_file_ref idref="fl-4"/>
      </object_component>
      <object_component id="oc-1e5">
         <name>.text</name>
         <load_address>0x9f5f</load_address>
         <run_address>0x9f5f</run_address>
         <size>0x11</size>
         <input_file_ref idref="fl-29"/>
      </object_component>
      <object_component id="oc-200">
         <name>.text:Device_initGPIO</name>
         <load_address>0x9f70</load_address>
         <run_address>0x9f70</run_address>
         <size>0x10</size>
         <input_file_ref idref="fl-6"/>
      </object_component>
      <object_component id="oc-2b1">
         <name>.text:Push_Button_Start_XINT_init</name>
         <load_address>0x9f80</load_address>
         <run_address>0x9f80</run_address>
         <size>0x10</size>
         <input_file_ref idref="fl-4"/>
      </object_component>
      <object_component id="oc-287">
         <name>.text:ASYSCTL_init</name>
         <load_address>0x9f90</load_address>
         <run_address>0x9f90</run_address>
         <size>0xd</size>
         <input_file_ref idref="fl-4"/>
      </object_component>
      <object_component id="oc-da">
         <name>.text:Interrupt_disableGlobal</name>
         <load_address>0x9f9d</load_address>
         <run_address>0x9f9d</run_address>
         <size>0xd</size>
         <input_file_ref idref="fl-18"/>
      </object_component>
      <object_component id="oc-e0">
         <name>.text:Interrupt_enableGlobal</name>
         <load_address>0x9faa</load_address>
         <run_address>0x9faa</run_address>
         <size>0xd</size>
         <input_file_ref idref="fl-18"/>
      </object_component>
      <object_component id="oc-6c">
         <name>.text:decompress:ZI:__TI_zero_init_nomemset</name>
         <load_address>0x9fb7</load_address>
         <run_address>0x9fb7</run_address>
         <size>0xd</size>
         <input_file_ref idref="fl-2f"/>
      </object_component>
      <object_component id="oc-116">
         <name>.text</name>
         <load_address>0x9fc4</load_address>
         <run_address>0x9fc4</run_address>
         <size>0xc</size>
         <input_file_ref idref="fl-34"/>
      </object_component>
      <object_component id="oc-2c2">
         <name>.text:SysCtl_isMCDClockFailureDetected</name>
         <load_address>0x9fd0</load_address>
         <run_address>0x9fd0</run_address>
         <size>0xb</size>
         <input_file_ref idref="fl-1a"/>
      </object_component>
      <object_component id="oc-55">
         <name>.text:Interrupt_illegalOperationHandler</name>
         <load_address>0x9fdb</load_address>
         <run_address>0x9fdb</run_address>
         <size>0xa</size>
         <input_file_ref idref="fl-18"/>
      </object_component>
      <object_component id="oc-5b">
         <name>.text:Interrupt_nmiHandler</name>
         <load_address>0x9fe5</load_address>
         <run_address>0x9fe5</run_address>
         <size>0xa</size>
         <input_file_ref idref="fl-18"/>
      </object_component>
      <object_component id="oc-27b">
         <name>.text:myINPUTXBARINPUT2_init</name>
         <load_address>0x9fef</load_address>
         <run_address>0x9fef</run_address>
         <size>0x9</size>
         <input_file_ref idref="fl-4"/>
      </object_component>
      <object_component id="oc-1f">
         <name>.text:decompress:none</name>
         <load_address>0x9ff8</load_address>
         <run_address>0x9ff8</run_address>
         <size>0x8</size>
         <input_file_ref idref="fl-30"/>
      </object_component>
      <object_component id="oc-1cf">
         <name>.text</name>
         <load_address>0xa000</load_address>
         <run_address>0xa000</run_address>
         <size>0x9</size>
         <input_file_ref idref="fl-33"/>
      </object_component>
      <object_component id="oc-78">
         <name>.text</name>
         <load_address>0xa009</load_address>
         <run_address>0xa009</run_address>
         <size>0x8</size>
         <input_file_ref idref="fl-7"/>
      </object_component>
      <object_component id="oc-3d9">
         <name>.text:SysCtl_resetMCD</name>
         <load_address>0xa011</load_address>
         <run_address>0xa011</run_address>
         <size>0x7</size>
         <input_file_ref idref="fl-1a"/>
      </object_component>
      <object_component id="oc-26f">
         <name>.text:myINPUTXBARINPUT0_init</name>
         <load_address>0xa018</load_address>
         <run_address>0xa018</run_address>
         <size>0x6</size>
         <input_file_ref idref="fl-4"/>
      </object_component>
      <object_component id="oc-275">
         <name>.text:myINPUTXBARINPUT1_init</name>
         <load_address>0xa01e</load_address>
         <run_address>0xa01e</run_address>
         <size>0x6</size>
         <input_file_ref idref="fl-4"/>
      </object_component>
      <object_component id="oc-f3">
         <name>.text:__error__</name>
         <load_address>0xa024</load_address>
         <run_address>0xa024</run_address>
         <size>0x3</size>
         <input_file_ref idref="fl-6"/>
      </object_component>
      <object_component id="oc-212">
         <name>.text:error</name>
         <load_address>0xa027</load_address>
         <run_address>0xa027</run_address>
         <size>0x3</size>
         <input_file_ref idref="fl-3"/>
      </object_component>
      <object_component id="oc-172">
         <name>.text:main</name>
         <load_address>0xa02a</load_address>
         <run_address>0xa02a</run_address>
         <size>0x3</size>
         <input_file_ref idref="fl-3"/>
      </object_component>
      <object_component id="oc-10f">
         <name>.text</name>
         <load_address>0xa02d</load_address>
         <run_address>0xa02d</run_address>
         <size>0x2</size>
         <input_file_ref idref="fl-2d"/>
      </object_component>
      <object_component id="oc-43c">
         <name>.cinit..data.load</name>
         <load_address>0x12c</load_address>
         <run_address>0x12c</run_address>
         <size>0x2b</size>
      </object_component>
      <object_component id="oc-439">
         <name>__TI_handler_table</name>
         <load_address>0x158</load_address>
         <run_address>0x158</run_address>
         <size>0x6</size>
      </object_component>
      <object_component id="oc-43b">
         <name>.cinit..bss.load</name>
         <load_address>0x15e</load_address>
         <run_address>0x15e</run_address>
         <size>0x4</size>
      </object_component>
      <object_component id="oc-43a">
         <name>__TI_cinit_table</name>
         <load_address>0x162</load_address>
         <run_address>0x162</run_address>
         <size>0x8</size>
      </object_component>
      <object_component id="oc-61">
         <name>.stack</name>
         <uninitialized>true</uninitialized>
         <run_address>0x400</run_address>
         <size>0x0</size>
         <input_file_ref idref="fl-2a"/>
      </object_component>
      <object_component id="oc-43d">
         <name>.stack</name>
         <uninitialized>true</uninitialized>
         <run_address>0x400</run_address>
         <size>0x0</size>
      </object_component>
      <object_component id="oc-7e">
         <name>.bss</name>
         <uninitialized>true</uninitialized>
         <run_address>0xa95c</run_address>
         <size>0xa</size>
         <input_file_ref idref="fl-3"/>
      </object_component>
      <object_component id="oc-94">
         <name>.bss:txBuffer</name>
         <uninitialized>true</uninitialized>
         <run_address>0xa91c</run_address>
         <size>0x40</size>
         <input_file_ref idref="fl-3"/>
      </object_component>
      <object_component id="oc-a4">
         <name>.bss:rxBuffer</name>
         <uninitialized>true</uninitialized>
         <run_address>0xa8dc</run_address>
         <size>0x40</size>
         <input_file_ref idref="fl-3"/>
      </object_component>
      <object_component id="oc-25f">
         <name>.bss</name>
         <uninitialized>true</uninitialized>
         <run_address>0xa96f</run_address>
         <size>0x5</size>
         <input_file_ref idref="fl-12"/>
      </object_component>
      <object_component id="oc-263">
         <name>.bss:MEP_SF</name>
         <uninitialized>true</uninitialized>
         <run_address>0xa966</run_address>
         <size>0x9</size>
         <input_file_ref idref="fl-12"/>
      </object_component>
      <object_component id="oc-2c1">
         <name>.const:.string</name>
         <load_address>0xa974</load_address>
         <run_address>0xa974</run_address>
         <size>0x9a</size>
         <input_file_ref idref="fl-1a"/>
      </object_component>
      <object_component id="oc-3b8">
         <name>.const:.string</name>
         <load_address>0xaa0e</load_address>
         <run_address>0xaa0e</run_address>
         <size>0x98</size>
         <input_file_ref idref="fl-16"/>
      </object_component>
      <object_component id="oc-2e0">
         <name>.const:.string</name>
         <load_address>0xaaa6</load_address>
         <run_address>0xaaa6</run_address>
         <size>0x98</size>
         <input_file_ref idref="fl-17"/>
      </object_component>
      <object_component id="oc-f2">
         <name>.const:.string</name>
         <load_address>0xab3e</load_address>
         <run_address>0xab3e</run_address>
         <size>0x97</size>
         <input_file_ref idref="fl-19"/>
      </object_component>
      <object_component id="oc-3af">
         <name>.const:.string</name>
         <load_address>0xabd6</load_address>
         <run_address>0xabd6</run_address>
         <size>0x50</size>
         <input_file_ref idref="fl-14"/>
      </object_component>
      <object_component id="oc-3a0">
         <name>.const:.string</name>
         <load_address>0xac26</load_address>
         <run_address>0xac26</run_address>
         <size>0x4b</size>
         <input_file_ref idref="fl-13"/>
      </object_component>
      <object_component id="oc-224">
         <name>.const:.string</name>
         <load_address>0xac72</load_address>
         <run_address>0xac72</run_address>
         <size>0x45</size>
         <input_file_ref idref="fl-3"/>
      </object_component>
      <object_component id="oc-3bb">
         <name>.const:.string</name>
         <load_address>0xacb8</load_address>
         <run_address>0xacb8</run_address>
         <size>0x44</size>
         <input_file_ref idref="fl-4"/>
      </object_component>
      <object_component id="oc-221">
         <name>.const:duty_cycle_table</name>
         <load_address>0xacfc</load_address>
         <run_address>0xacfc</run_address>
         <size>0x8</size>
         <input_file_ref idref="fl-3"/>
      </object_component>
      <object_component id="oc-21e">
         <name>.const:ePWM</name>
         <load_address>0xad04</load_address>
         <run_address>0xad04</run_address>
         <size>0x8</size>
         <input_file_ref idref="fl-3"/>
      </object_component>
      <object_component id="oc-194">
         <name>.const:bp</name>
         <load_address>0xad0c</load_address>
         <run_address>0xad0c</run_address>
         <size>0x4</size>
         <input_file_ref idref="fl-26"/>
      </object_component>
      <object_component id="oc-19a">
         <name>.const:dp_h</name>
         <load_address>0xad10</load_address>
         <run_address>0xad10</run_address>
         <size>0x4</size>
         <input_file_ref idref="fl-26"/>
      </object_component>
      <object_component id="oc-197">
         <name>.const:dp_l</name>
         <load_address>0xad14</load_address>
         <run_address>0xad14</run_address>
         <size>0x4</size>
         <input_file_ref idref="fl-26"/>
      </object_component>
      <object_component id="oc-81">
         <name>.data</name>
         <load_address>0xa800</load_address>
         <run_address>0xa800</run_address>
         <size>0xd0</size>
         <input_file_ref idref="fl-3"/>
      </object_component>
      <object_component id="oc-262">
         <name>.data</name>
         <load_address>0xa8da</load_address>
         <run_address>0xa8da</run_address>
         <size>0x1</size>
         <input_file_ref idref="fl-12"/>
      </object_component>
      <object_component id="oc-17a">
         <name>.data</name>
         <load_address>0xa8d0</load_address>
         <run_address>0xa8d0</run_address>
         <size>0x6</size>
         <input_file_ref idref="fl-32"/>
      </object_component>
      <object_component id="oc-17d">
         <name>.data:_lock</name>
         <load_address>0xa8d6</load_address>
         <run_address>0xa8d6</run_address>
         <size>0x2</size>
         <input_file_ref idref="fl-33"/>
      </object_component>
      <object_component id="oc-226">
         <name>.data:_unlock</name>
         <load_address>0xa8d8</load_address>
         <run_address>0xa8d8</run_address>
         <size>0x2</size>
         <input_file_ref idref="fl-33"/>
      </object_component>
      <object_component id="oc-1a3">
         <name>.data</name>
         <load_address>0xa8db</load_address>
         <run_address>0xa8db</run_address>
         <size>0x1</size>
         <input_file_ref idref="fl-36"/>
      </object_component>
      <object_component id="oc-d6">
         <name>.debug_types</name>
         <load_address>0x0</load_address>
         <run_address>0x0</run_address>
         <size>0x794</size>
         <input_file_ref idref="fl-2"/>
      </object_component>
      <object_component id="oc-8b">
         <name>.debug_types</name>
         <load_address>0x794</load_address>
         <run_address>0x794</run_address>
         <size>0xee7</size>
         <input_file_ref idref="fl-3"/>
      </object_component>
      <object_component id="oc-93">
         <name>.debug_types</name>
         <load_address>0x167b</load_address>
         <run_address>0x167b</run_address>
         <size>0x213a</size>
         <input_file_ref idref="fl-4"/>
      </object_component>
      <object_component id="oc-138">
         <name>.debug_types</name>
         <load_address>0x37b5</load_address>
         <run_address>0x37b5</run_address>
         <size>0x49f</size>
         <input_file_ref idref="fl-6"/>
      </object_component>
      <object_component id="oc-267">
         <name>.debug_types</name>
         <load_address>0x3c54</load_address>
         <run_address>0x3c54</run_address>
         <size>0xce</size>
         <input_file_ref idref="fl-12"/>
      </object_component>
      <object_component id="oc-3a8">
         <name>.debug_types</name>
         <load_address>0x3d22</load_address>
         <run_address>0x3d22</run_address>
         <size>0x17c</size>
         <input_file_ref idref="fl-13"/>
      </object_component>
      <object_component id="oc-3b1">
         <name>.debug_types</name>
         <load_address>0x0</load_address>
         <run_address>0x0</run_address>
         <size>0x0</size>
         <input_file_ref idref="fl-14"/>
      </object_component>
      <object_component id="oc-3ba">
         <name>.debug_types</name>
         <load_address>0x3e9e</load_address>
         <run_address>0x3e9e</run_address>
         <size>0x19d</size>
         <input_file_ref idref="fl-16"/>
      </object_component>
      <object_component id="oc-2e2">
         <name>.debug_types</name>
         <load_address>0x403b</load_address>
         <run_address>0x403b</run_address>
         <size>0x5a</size>
         <input_file_ref idref="fl-17"/>
      </object_component>
      <object_component id="oc-aa">
         <name>.debug_types</name>
         <load_address>0x0</load_address>
         <run_address>0x0</run_address>
         <size>0x0</size>
         <input_file_ref idref="fl-18"/>
      </object_component>
      <object_component id="oc-fa">
         <name>.debug_types</name>
         <load_address>0x4095</load_address>
         <run_address>0x4095</run_address>
         <size>0xb8</size>
         <input_file_ref idref="fl-19"/>
      </object_component>
      <object_component id="oc-2dc">
         <name>.debug_types</name>
         <load_address>0x414d</load_address>
         <run_address>0x414d</run_address>
         <size>0x768</size>
         <input_file_ref idref="fl-1a"/>
      </object_component>
      <object_component id="oc-1a7">
         <name>.debug_types</name>
         <load_address>0x48b5</load_address>
         <run_address>0x48b5</run_address>
         <size>0x32</size>
         <input_file_ref idref="fl-26"/>
      </object_component>
      <object_component id="oc-1de">
         <name>.debug_types</name>
         <load_address>0x0</load_address>
         <run_address>0x0</run_address>
         <size>0x0</size>
         <input_file_ref idref="fl-27"/>
      </object_component>
      <object_component id="oc-1ec">
         <name>.debug_types</name>
         <load_address>0x0</load_address>
         <run_address>0x0</run_address>
         <size>0x0</size>
         <input_file_ref idref="fl-28"/>
      </object_component>
      <object_component id="oc-231">
         <name>.debug_types</name>
         <load_address>0x0</load_address>
         <run_address>0x0</run_address>
         <size>0x0</size>
         <input_file_ref idref="fl-29"/>
      </object_component>
      <object_component id="oc-141">
         <name>.debug_types</name>
         <load_address>0x0</load_address>
         <run_address>0x0</run_address>
         <size>0x0</size>
         <input_file_ref idref="fl-2d"/>
      </object_component>
      <object_component id="oc-1b5">
         <name>.debug_types</name>
         <load_address>0x48e7</load_address>
         <run_address>0x48e7</run_address>
         <size>0x45f</size>
         <input_file_ref idref="fl-2e"/>
      </object_component>
      <object_component id="oc-b7">
         <name>.debug_types</name>
         <load_address>0x4d46</load_address>
         <run_address>0x4d46</run_address>
         <size>0x1f3</size>
         <input_file_ref idref="fl-2f"/>
      </object_component>
      <object_component id="oc-6b">
         <name>.debug_types</name>
         <load_address>0x0</load_address>
         <run_address>0x0</run_address>
         <size>0x0</size>
         <input_file_ref idref="fl-30"/>
      </object_component>
      <object_component id="oc-63">
         <name>.debug_types</name>
         <load_address>0x4f39</load_address>
         <run_address>0x4f39</run_address>
         <size>0x191</size>
         <input_file_ref idref="fl-31"/>
      </object_component>
      <object_component id="oc-181">
         <name>.debug_types</name>
         <load_address>0x50ca</load_address>
         <run_address>0x50ca</run_address>
         <size>0x90</size>
         <input_file_ref idref="fl-32"/>
      </object_component>
      <object_component id="oc-1d7">
         <name>.debug_types</name>
         <load_address>0x515a</load_address>
         <run_address>0x515a</run_address>
         <size>0x2f</size>
         <input_file_ref idref="fl-33"/>
      </object_component>
      <object_component id="oc-179">
         <name>.debug_types</name>
         <load_address>0x5189</load_address>
         <run_address>0x5189</run_address>
         <size>0xe1</size>
         <input_file_ref idref="fl-34"/>
      </object_component>
      <object_component id="oc-1ef">
         <name>.debug_types</name>
         <load_address>0x0</load_address>
         <run_address>0x0</run_address>
         <size>0x0</size>
         <input_file_ref idref="fl-36"/>
      </object_component>
      <object_component id="oc-b2">
         <name>.debug_types</name>
         <load_address>0x526a</load_address>
         <run_address>0x526a</run_address>
         <size>0xb8</size>
         <input_file_ref idref="fl-38"/>
      </object_component>
      <object_component id="oc-1f4">
         <name>.debug_types</name>
         <load_address>0x0</load_address>
         <run_address>0x0</run_address>
         <size>0x0</size>
         <input_file_ref idref="fl-39"/>
      </object_component>
      <object_component id="oc-185">
         <name>.debug_info</name>
         <load_address>0x0</load_address>
         <run_address>0x0</run_address>
         <size>0x19b</size>
         <input_file_ref idref="fl-2"/>
      </object_component>
      <object_component id="oc-126">
         <name>.debug_info</name>
         <load_address>0x19b</load_address>
         <run_address>0x19b</run_address>
         <size>0x1b9</size>
         <input_file_ref idref="fl-2"/>
      </object_component>
      <object_component id="oc-cc">
         <name>.debug_info</name>
         <load_address>0x354</load_address>
         <run_address>0x354</run_address>
         <size>0x1f0</size>
         <input_file_ref idref="fl-2"/>
      </object_component>
      <object_component id="oc-85">
         <name>.debug_info</name>
         <load_address>0x544</load_address>
         <run_address>0x544</run_address>
         <size>0x21b</size>
         <input_file_ref idref="fl-2"/>
      </object_component>
      <object_component id="oc-7f">
         <name>.debug_info</name>
         <load_address>0x75f</load_address>
         <run_address>0x75f</run_address>
         <size>0x270</size>
         <input_file_ref idref="fl-3"/>
      </object_component>
      <object_component id="oc-82">
         <name>.debug_info</name>
         <load_address>0x9cf</load_address>
         <run_address>0x9cf</run_address>
         <size>0xfdc</size>
         <input_file_ref idref="fl-3"/>
      </object_component>
      <object_component id="oc-222">
         <name>.debug_info</name>
         <load_address>0x19ab</load_address>
         <run_address>0x19ab</run_address>
         <size>0x122</size>
         <input_file_ref idref="fl-3"/>
      </object_component>
      <object_component id="oc-21f">
         <name>.debug_info</name>
         <load_address>0x1acd</load_address>
         <run_address>0x1acd</run_address>
         <size>0x10a</size>
         <input_file_ref idref="fl-3"/>
      </object_component>
      <object_component id="oc-95">
         <name>.debug_info</name>
         <load_address>0x1bd7</load_address>
         <run_address>0x1bd7</run_address>
         <size>0x112</size>
         <input_file_ref idref="fl-3"/>
      </object_component>
      <object_component id="oc-a5">
         <name>.debug_info</name>
         <load_address>0x1ce9</load_address>
         <run_address>0x1ce9</run_address>
         <size>0x112</size>
         <input_file_ref idref="fl-3"/>
      </object_component>
      <object_component id="oc-213">
         <name>.debug_info</name>
         <load_address>0x1dfb</load_address>
         <run_address>0x1dfb</run_address>
         <size>0x131</size>
         <input_file_ref idref="fl-3"/>
      </object_component>
      <object_component id="oc-1c4">
         <name>.debug_info</name>
         <load_address>0x1f2c</load_address>
         <run_address>0x1f2c</run_address>
         <size>0x250</size>
         <input_file_ref idref="fl-3"/>
      </object_component>
      <object_component id="oc-173">
         <name>.debug_info</name>
         <load_address>0x217c</load_address>
         <run_address>0x217c</run_address>
         <size>0x132</size>
         <input_file_ref idref="fl-3"/>
      </object_component>
      <object_component id="oc-2c">
         <name>.debug_info</name>
         <load_address>0x22ae</load_address>
         <run_address>0x22ae</run_address>
         <size>0x14c</size>
         <input_file_ref idref="fl-3"/>
      </object_component>
      <object_component id="oc-38">
         <name>.debug_info</name>
         <load_address>0x23fa</load_address>
         <run_address>0x23fa</run_address>
         <size>0x191</size>
         <input_file_ref idref="fl-3"/>
      </object_component>
      <object_component id="oc-3e">
         <name>.debug_info</name>
         <load_address>0x258b</load_address>
         <run_address>0x258b</run_address>
         <size>0x181</size>
         <input_file_ref idref="fl-3"/>
      </object_component>
      <object_component id="oc-44">
         <name>.debug_info</name>
         <load_address>0x270c</load_address>
         <run_address>0x270c</run_address>
         <size>0x163</size>
         <input_file_ref idref="fl-3"/>
      </object_component>
      <object_component id="oc-2ae">
         <name>.debug_info</name>
         <load_address>0x286f</load_address>
         <run_address>0x286f</run_address>
         <size>0x164</size>
         <input_file_ref idref="fl-4"/>
      </object_component>
      <object_component id="oc-27f">
         <name>.debug_info</name>
         <load_address>0x29d3</load_address>
         <run_address>0x29d3</run_address>
         <size>0x149</size>
         <input_file_ref idref="fl-4"/>
      </object_component>
      <object_component id="oc-278">
         <name>.debug_info</name>
         <load_address>0x2b1c</load_address>
         <run_address>0x2b1c</run_address>
         <size>0x149</size>
         <input_file_ref idref="fl-4"/>
      </object_component>
      <object_component id="oc-272">
         <name>.debug_info</name>
         <load_address>0x2c65</load_address>
         <run_address>0x2c65</run_address>
         <size>0x149</size>
         <input_file_ref idref="fl-4"/>
      </object_component>
      <object_component id="oc-29d">
         <name>.debug_info</name>
         <load_address>0x2dae</load_address>
         <run_address>0x2dae</run_address>
         <size>0x1ac</size>
         <input_file_ref idref="fl-4"/>
      </object_component>
      <object_component id="oc-296">
         <name>.debug_info</name>
         <load_address>0x2f5a</load_address>
         <run_address>0x2f5a</run_address>
         <size>0x156</size>
         <input_file_ref idref="fl-4"/>
      </object_component>
      <object_component id="oc-291">
         <name>.debug_info</name>
         <load_address>0x30b0</load_address>
         <run_address>0x30b0</run_address>
         <size>0x156</size>
         <input_file_ref idref="fl-4"/>
      </object_component>
      <object_component id="oc-2b5">
         <name>.debug_info</name>
         <load_address>0x3206</load_address>
         <run_address>0x3206</run_address>
         <size>0x16d</size>
         <input_file_ref idref="fl-4"/>
      </object_component>
      <object_component id="oc-284">
         <name>.debug_info</name>
         <load_address>0x3373</load_address>
         <run_address>0x3373</run_address>
         <size>0x12f</size>
         <input_file_ref idref="fl-4"/>
      </object_component>
      <object_component id="oc-26d">
         <name>.debug_info</name>
         <load_address>0x34a2</load_address>
         <run_address>0x34a2</run_address>
         <size>0x93d</size>
         <input_file_ref idref="fl-4"/>
      </object_component>
      <object_component id="oc-35">
         <name>.debug_info</name>
         <load_address>0x3ddf</load_address>
         <run_address>0x3ddf</run_address>
         <size>0x191</size>
         <input_file_ref idref="fl-4"/>
      </object_component>
      <object_component id="oc-2a9">
         <name>.debug_info</name>
         <load_address>0x3f70</load_address>
         <run_address>0x3f70</run_address>
         <size>0x350</size>
         <input_file_ref idref="fl-4"/>
      </object_component>
      <object_component id="oc-31b">
         <name>.debug_info</name>
         <load_address>0x42c0</load_address>
         <run_address>0x42c0</run_address>
         <size>0x22f</size>
         <input_file_ref idref="fl-4"/>
      </object_component>
      <object_component id="oc-2a2">
         <name>.debug_info</name>
         <load_address>0x44ef</load_address>
         <run_address>0x44ef</run_address>
         <size>0x82b</size>
         <input_file_ref idref="fl-4"/>
      </object_component>
      <object_component id="oc-28b">
         <name>.debug_info</name>
         <load_address>0x4d1a</load_address>
         <run_address>0x4d1a</run_address>
         <size>0x135</size>
         <input_file_ref idref="fl-4"/>
      </object_component>
      <object_component id="oc-21c">
         <name>.debug_info</name>
         <load_address>0x4e4f</load_address>
         <run_address>0x4e4f</run_address>
         <size>0x251</size>
         <input_file_ref idref="fl-4"/>
      </object_component>
      <object_component id="oc-f7">
         <name>.debug_info</name>
         <load_address>0x50a0</load_address>
         <run_address>0x50a0</run_address>
         <size>0x15b</size>
         <input_file_ref idref="fl-6"/>
      </object_component>
      <object_component id="oc-202">
         <name>.debug_info</name>
         <load_address>0x51fb</load_address>
         <run_address>0x51fb</run_address>
         <size>0x141</size>
         <input_file_ref idref="fl-6"/>
      </object_component>
      <object_component id="oc-252">
         <name>.debug_info</name>
         <load_address>0x533c</load_address>
         <run_address>0x533c</run_address>
         <size>0x159</size>
         <input_file_ref idref="fl-6"/>
      </object_component>
      <object_component id="oc-1fc">
         <name>.debug_info</name>
         <load_address>0x5495</load_address>
         <run_address>0x5495</run_address>
         <size>0x1f4</size>
         <input_file_ref idref="fl-6"/>
      </object_component>
      <object_component id="oc-29">
         <name>.debug_info</name>
         <load_address>0x5689</load_address>
         <run_address>0x5689</run_address>
         <size>0x134</size>
         <input_file_ref idref="fl-7"/>
      </object_component>
      <object_component id="oc-7a">
         <name>.debug_info</name>
         <load_address>0x57bd</load_address>
         <run_address>0x57bd</run_address>
         <size>0x135</size>
         <input_file_ref idref="fl-7"/>
      </object_component>
      <object_component id="oc-260">
         <name>.debug_info</name>
         <load_address>0x58f2</load_address>
         <run_address>0x58f2</run_address>
         <size>0x123</size>
         <input_file_ref idref="fl-12"/>
      </object_component>
      <object_component id="oc-264">
         <name>.debug_info</name>
         <load_address>0x5a15</load_address>
         <run_address>0x5a15</run_address>
         <size>0x121</size>
         <input_file_ref idref="fl-12"/>
      </object_component>
      <object_component id="oc-210">
         <name>.debug_info</name>
         <load_address>0x5b36</load_address>
         <run_address>0x5b36</run_address>
         <size>0x23b</size>
         <input_file_ref idref="fl-12"/>
      </object_component>
      <object_component id="oc-39c">
         <name>.debug_info</name>
         <load_address>0x5d71</load_address>
         <run_address>0x5d71</run_address>
         <size>0x1cc</size>
         <input_file_ref idref="fl-13"/>
      </object_component>
      <object_component id="oc-304">
         <name>.debug_info</name>
         <load_address>0x5f3d</load_address>
         <run_address>0x5f3d</run_address>
         <size>0x24c</size>
         <input_file_ref idref="fl-13"/>
      </object_component>
      <object_component id="oc-3a5">
         <name>.debug_info</name>
         <load_address>0x6189</load_address>
         <run_address>0x6189</run_address>
         <size>0x22f</size>
         <input_file_ref idref="fl-13"/>
      </object_component>
      <object_component id="oc-3ac">
         <name>.debug_info</name>
         <load_address>0x63b8</load_address>
         <run_address>0x63b8</run_address>
         <size>0x1de</size>
         <input_file_ref idref="fl-14"/>
      </object_component>
      <object_component id="oc-30e">
         <name>.debug_info</name>
         <load_address>0x6596</load_address>
         <run_address>0x6596</run_address>
         <size>0x22a</size>
         <input_file_ref idref="fl-14"/>
      </object_component>
      <object_component id="oc-3b6">
         <name>.debug_info</name>
         <load_address>0x67c0</load_address>
         <run_address>0x67c0</run_address>
         <size>0x1d0</size>
         <input_file_ref idref="fl-16"/>
      </object_component>
      <object_component id="oc-314">
         <name>.debug_info</name>
         <load_address>0x6990</load_address>
         <run_address>0x6990</run_address>
         <size>0x228</size>
         <input_file_ref idref="fl-16"/>
      </object_component>
      <object_component id="oc-406">
         <name>.debug_info</name>
         <load_address>0x6bb8</load_address>
         <run_address>0x6bb8</run_address>
         <size>0x1d0</size>
         <input_file_ref idref="fl-17"/>
      </object_component>
      <object_component id="oc-3cf">
         <name>.debug_info</name>
         <load_address>0x6d88</load_address>
         <run_address>0x6d88</run_address>
         <size>0x23e</size>
         <input_file_ref idref="fl-17"/>
      </object_component>
      <object_component id="oc-394">
         <name>.debug_info</name>
         <load_address>0x6fc6</load_address>
         <run_address>0x6fc6</run_address>
         <size>0x1ca</size>
         <input_file_ref idref="fl-17"/>
      </object_component>
      <object_component id="oc-321">
         <name>.debug_info</name>
         <load_address>0x7190</load_address>
         <run_address>0x7190</run_address>
         <size>0x242</size>
         <input_file_ref idref="fl-17"/>
      </object_component>
      <object_component id="oc-336">
         <name>.debug_info</name>
         <load_address>0x73d2</load_address>
         <run_address>0x73d2</run_address>
         <size>0x243</size>
         <input_file_ref idref="fl-17"/>
      </object_component>
      <object_component id="oc-2f2">
         <name>.debug_info</name>
         <load_address>0x7615</load_address>
         <run_address>0x7615</run_address>
         <size>0x22b</size>
         <input_file_ref idref="fl-17"/>
      </object_component>
      <object_component id="oc-2f8">
         <name>.debug_info</name>
         <load_address>0x7840</load_address>
         <run_address>0x7840</run_address>
         <size>0x273</size>
         <input_file_ref idref="fl-17"/>
      </object_component>
      <object_component id="oc-328">
         <name>.debug_info</name>
         <load_address>0x7ab3</load_address>
         <run_address>0x7ab3</run_address>
         <size>0x25b</size>
         <input_file_ref idref="fl-17"/>
      </object_component>
      <object_component id="oc-259">
         <name>.debug_info</name>
         <load_address>0x7d0e</load_address>
         <run_address>0x7d0e</run_address>
         <size>0x227</size>
         <input_file_ref idref="fl-17"/>
      </object_component>
      <object_component id="oc-2ec">
         <name>.debug_info</name>
         <load_address>0x7f35</load_address>
         <run_address>0x7f35</run_address>
         <size>0x214</size>
         <input_file_ref idref="fl-17"/>
      </object_component>
      <object_component id="oc-e2">
         <name>.debug_info</name>
         <load_address>0x8149</load_address>
         <run_address>0x8149</run_address>
         <size>0x1c3</size>
         <input_file_ref idref="fl-18"/>
      </object_component>
      <object_component id="oc-db">
         <name>.debug_info</name>
         <load_address>0x830c</load_address>
         <run_address>0x830c</run_address>
         <size>0x1c5</size>
         <input_file_ref idref="fl-18"/>
      </object_component>
      <object_component id="oc-208">
         <name>.debug_info</name>
         <load_address>0x84d1</load_address>
         <run_address>0x84d1</run_address>
         <size>0x1d4</size>
         <input_file_ref idref="fl-18"/>
      </object_component>
      <object_component id="oc-4c">
         <name>.debug_info</name>
         <load_address>0x86a5</load_address>
         <run_address>0x86a5</run_address>
         <size>0x1e1</size>
         <input_file_ref idref="fl-18"/>
      </object_component>
      <object_component id="oc-57">
         <name>.debug_info</name>
         <load_address>0x8886</load_address>
         <run_address>0x8886</run_address>
         <size>0x1c7</size>
         <input_file_ref idref="fl-18"/>
      </object_component>
      <object_component id="oc-5f">
         <name>.debug_info</name>
         <load_address>0x8a4d</load_address>
         <run_address>0x8a4d</run_address>
         <size>0x1ad</size>
         <input_file_ref idref="fl-18"/>
      </object_component>
      <object_component id="oc-51">
         <name>.debug_info</name>
         <load_address>0x8bfa</load_address>
         <run_address>0x8bfa</run_address>
         <size>0x1d1</size>
         <input_file_ref idref="fl-18"/>
      </object_component>
      <object_component id="oc-8f">
         <name>.debug_info</name>
         <load_address>0x8dcb</load_address>
         <run_address>0x8dcb</run_address>
         <size>0x278</size>
         <input_file_ref idref="fl-18"/>
      </object_component>
      <object_component id="oc-ee">
         <name>.debug_info</name>
         <load_address>0x9043</load_address>
         <run_address>0x9043</run_address>
         <size>0x1ca</size>
         <input_file_ref idref="fl-19"/>
      </object_component>
      <object_component id="oc-3c6">
         <name>.debug_info</name>
         <load_address>0x920d</load_address>
         <run_address>0x920d</run_address>
         <size>0x1ea</size>
         <input_file_ref idref="fl-19"/>
      </object_component>
      <object_component id="oc-3c1">
         <name>.debug_info</name>
         <load_address>0x93f7</load_address>
         <run_address>0x93f7</run_address>
         <size>0x1ec</size>
         <input_file_ref idref="fl-19"/>
      </object_component>
      <object_component id="oc-fd">
         <name>.debug_info</name>
         <load_address>0x95e3</load_address>
         <run_address>0x95e3</run_address>
         <size>0x1fa</size>
         <input_file_ref idref="fl-19"/>
      </object_component>
      <object_component id="oc-32d">
         <name>.debug_info</name>
         <load_address>0x97dd</load_address>
         <run_address>0x97dd</run_address>
         <size>0x27a</size>
         <input_file_ref idref="fl-19"/>
      </object_component>
      <object_component id="oc-d1">
         <name>.debug_info</name>
         <load_address>0x9a57</load_address>
         <run_address>0x9a57</run_address>
         <size>0x203</size>
         <input_file_ref idref="fl-19"/>
      </object_component>
      <object_component id="oc-98">
         <name>.debug_info</name>
         <load_address>0x9c5a</load_address>
         <run_address>0x9c5a</run_address>
         <size>0x207</size>
         <input_file_ref idref="fl-19"/>
      </object_component>
      <object_component id="oc-9e">
         <name>.debug_info</name>
         <load_address>0x9e61</load_address>
         <run_address>0x9e61</run_address>
         <size>0x22d</size>
         <input_file_ref idref="fl-19"/>
      </object_component>
      <object_component id="oc-349">
         <name>.debug_info</name>
         <load_address>0xa08e</load_address>
         <run_address>0xa08e</run_address>
         <size>0x210</size>
         <input_file_ref idref="fl-1a"/>
      </object_component>
      <object_component id="oc-2c3">
         <name>.debug_info</name>
         <load_address>0xa29e</load_address>
         <run_address>0xa29e</run_address>
         <size>0x1d3</size>
         <input_file_ref idref="fl-1a"/>
      </object_component>
      <object_component id="oc-3da">
         <name>.debug_info</name>
         <load_address>0xa471</load_address>
         <run_address>0xa471</run_address>
         <size>0x1a9</size>
         <input_file_ref idref="fl-1a"/>
      </object_component>
      <object_component id="oc-2d0">
         <name>.debug_info</name>
         <load_address>0xa61a</load_address>
         <run_address>0xa61a</run_address>
         <size>0x1d8</size>
         <input_file_ref idref="fl-1a"/>
      </object_component>
      <object_component id="oc-3e3">
         <name>.debug_info</name>
         <load_address>0xa7f2</load_address>
         <run_address>0xa7f2</run_address>
         <size>0x1cd</size>
         <input_file_ref idref="fl-1a"/>
      </object_component>
      <object_component id="oc-385">
         <name>.debug_info</name>
         <load_address>0xa9bf</load_address>
         <run_address>0xa9bf</run_address>
         <size>0x1eb</size>
         <input_file_ref idref="fl-1a"/>
      </object_component>
      <object_component id="oc-35b">
         <name>.debug_info</name>
         <load_address>0xabaa</load_address>
         <run_address>0xabaa</run_address>
         <size>0x1ed</size>
         <input_file_ref idref="fl-1a"/>
      </object_component>
      <object_component id="oc-361">
         <name>.debug_info</name>
         <load_address>0xad97</load_address>
         <run_address>0xad97</run_address>
         <size>0x1f9</size>
         <input_file_ref idref="fl-1a"/>
      </object_component>
      <object_component id="oc-367">
         <name>.debug_info</name>
         <load_address>0xaf90</load_address>
         <run_address>0xaf90</run_address>
         <size>0x1f7</size>
         <input_file_ref idref="fl-1a"/>
      </object_component>
      <object_component id="oc-37f">
         <name>.debug_info</name>
         <load_address>0xb187</load_address>
         <run_address>0xb187</run_address>
         <size>0x21e</size>
         <input_file_ref idref="fl-1a"/>
      </object_component>
      <object_component id="oc-34f">
         <name>.debug_info</name>
         <load_address>0xb3a5</load_address>
         <run_address>0xb3a5</run_address>
         <size>0x1f1</size>
         <input_file_ref idref="fl-1a"/>
      </object_component>
      <object_component id="oc-355">
         <name>.debug_info</name>
         <load_address>0xb596</load_address>
         <run_address>0xb596</run_address>
         <size>0x1ef</size>
         <input_file_ref idref="fl-1a"/>
      </object_component>
      <object_component id="oc-373">
         <name>.debug_info</name>
         <load_address>0xb785</load_address>
         <run_address>0xb785</run_address>
         <size>0x222</size>
         <input_file_ref idref="fl-1a"/>
      </object_component>
      <object_component id="oc-36d">
         <name>.debug_info</name>
         <load_address>0xb9a7</load_address>
         <run_address>0xb9a7</run_address>
         <size>0x222</size>
         <input_file_ref idref="fl-1a"/>
      </object_component>
      <object_component id="oc-379">
         <name>.debug_info</name>
         <load_address>0xbbc9</load_address>
         <run_address>0xbbc9</run_address>
         <size>0x291</size>
         <input_file_ref idref="fl-1a"/>
      </object_component>
      <object_component id="oc-3d4">
         <name>.debug_info</name>
         <load_address>0xbe5a</load_address>
         <run_address>0xbe5a</run_address>
         <size>0x20d</size>
         <input_file_ref idref="fl-1a"/>
      </object_component>
      <object_component id="oc-245">
         <name>.debug_info</name>
         <load_address>0xc067</load_address>
         <run_address>0xc067</run_address>
         <size>0x26c</size>
         <input_file_ref idref="fl-1a"/>
      </object_component>
      <object_component id="oc-23f">
         <name>.debug_info</name>
         <load_address>0xc2d3</load_address>
         <run_address>0xc2d3</run_address>
         <size>0x3eb</size>
         <input_file_ref idref="fl-1a"/>
      </object_component>
      <object_component id="oc-33b">
         <name>.debug_info</name>
         <load_address>0xc6be</load_address>
         <run_address>0xc6be</run_address>
         <size>0x245</size>
         <input_file_ref idref="fl-1a"/>
      </object_component>
      <object_component id="oc-341">
         <name>.debug_info</name>
         <load_address>0xc903</load_address>
         <run_address>0xc903</run_address>
         <size>0x216</size>
         <input_file_ref idref="fl-1a"/>
      </object_component>
      <object_component id="oc-2ca">
         <name>.debug_info</name>
         <load_address>0xcb19</load_address>
         <run_address>0xcb19</run_address>
         <size>0x22a</size>
         <input_file_ref idref="fl-1a"/>
      </object_component>
      <object_component id="oc-24b">
         <name>.debug_info</name>
         <load_address>0xcd43</load_address>
         <run_address>0xcd43</run_address>
         <size>0x216</size>
         <input_file_ref idref="fl-1a"/>
      </object_component>
      <object_component id="oc-2d6">
         <name>.debug_info</name>
         <load_address>0xcf59</load_address>
         <run_address>0xcf59</run_address>
         <size>0x4a1</size>
         <input_file_ref idref="fl-1a"/>
      </object_component>
      <object_component id="oc-195">
         <name>.debug_info</name>
         <load_address>0xd3fa</load_address>
         <run_address>0xd3fa</run_address>
         <size>0x102</size>
         <input_file_ref idref="fl-26"/>
      </object_component>
      <object_component id="oc-19b">
         <name>.debug_info</name>
         <load_address>0xd4fc</load_address>
         <run_address>0xd4fc</run_address>
         <size>0x106</size>
         <input_file_ref idref="fl-26"/>
      </object_component>
      <object_component id="oc-198">
         <name>.debug_info</name>
         <load_address>0xd602</load_address>
         <run_address>0xd602</run_address>
         <size>0x106</size>
         <input_file_ref idref="fl-26"/>
      </object_component>
      <object_component id="oc-12a">
         <name>.debug_info</name>
         <load_address>0xd708</load_address>
         <run_address>0xd708</run_address>
         <size>0x35a</size>
         <input_file_ref idref="fl-26"/>
      </object_component>
      <object_component id="oc-18f">
         <name>.debug_info</name>
         <load_address>0xda62</load_address>
         <run_address>0xda62</run_address>
         <size>0x160</size>
         <input_file_ref idref="fl-27"/>
      </object_component>
      <object_component id="oc-19e">
         <name>.debug_info</name>
         <load_address>0xdbc2</load_address>
         <run_address>0xdbc2</run_address>
         <size>0x19e</size>
         <input_file_ref idref="fl-28"/>
      </object_component>
      <object_component id="oc-1e7">
         <name>.debug_info</name>
         <load_address>0xdd60</load_address>
         <run_address>0xdd60</run_address>
         <size>0x17d</size>
         <input_file_ref idref="fl-29"/>
      </object_component>
      <object_component id="oc-c1">
         <name>.debug_info</name>
         <load_address>0xdedd</load_address>
         <run_address>0xdedd</run_address>
         <size>0x158</size>
         <input_file_ref idref="fl-2a"/>
      </object_component>
      <object_component id="oc-18c">
         <name>.debug_info</name>
         <load_address>0xe035</load_address>
         <run_address>0xe035</run_address>
         <size>0x127</size>
         <input_file_ref idref="fl-2b"/>
      </object_component>
      <object_component id="oc-111">
         <name>.debug_info</name>
         <load_address>0xe15c</load_address>
         <run_address>0xe15c</run_address>
         <size>0x14d</size>
         <input_file_ref idref="fl-2d"/>
      </object_component>
      <object_component id="oc-143">
         <name>.debug_info</name>
         <load_address>0xe2a9</load_address>
         <run_address>0xe2a9</run_address>
         <size>0x1bf</size>
         <input_file_ref idref="fl-2e"/>
      </object_component>
      <object_component id="oc-70">
         <name>.debug_info</name>
         <load_address>0xe468</load_address>
         <run_address>0xe468</run_address>
         <size>0x1b6</size>
         <input_file_ref idref="fl-2f"/>
      </object_component>
      <object_component id="oc-23">
         <name>.debug_info</name>
         <load_address>0xe61e</load_address>
         <run_address>0xe61e</run_address>
         <size>0x1b7</size>
         <input_file_ref idref="fl-30"/>
      </object_component>
      <object_component id="oc-1c">
         <name>.debug_info</name>
         <load_address>0xe7d5</load_address>
         <run_address>0xe7d5</run_address>
         <size>0x219</size>
         <input_file_ref idref="fl-31"/>
      </object_component>
      <object_component id="oc-17b">
         <name>.debug_info</name>
         <load_address>0xe9ee</load_address>
         <run_address>0xe9ee</run_address>
         <size>0x19e</size>
         <input_file_ref idref="fl-32"/>
      </object_component>
      <object_component id="oc-11f">
         <name>.debug_info</name>
         <load_address>0xeb8c</load_address>
         <run_address>0xeb8c</run_address>
[...]
         <value>0xa884</value>
         <object_component_ref idref="oc-81"/>
      </symbol>
      <symbol id="sm-12c">
         <name>ue2</name>
         <value>0xa86c</value>
         <object_component_ref idref="oc-81"/>
      </symbol>
      <symbol id="sm-12d">
         <name>ue1</name>
         <value>0xa854</value>
         <object_component_ref idref="oc-81"/>
      </symbol>
      <symbol id="sm-12e">
         <name>fc1f</name>
         <value>0xa8b2</value>
         <object_component_ref idref="oc-81"/>
      </symbol>
      <symbol id="sm-12f">
         <name>init</name>
         <value>0x8ee0</value>
         <object_component_ref idref="oc-1c3"/>
      </symbol>
      <symbol id="sm-130">
         <name>Position_c4_dec</name>
         <value>0xa8ae</value>
         <object_component_ref idref="oc-81"/>
      </symbol>
      <symbol id="sm-131">
         <name>UartCounter</name>
         <value>0xa80a</value>
         <object_component_ref idref="oc-81"/>
      </symbol>
      <symbol id="sm-132">
         <name>uc4</name>
         <value>0xa83a</value>
         <object_component_ref idref="oc-81"/>
      </symbol>
      <symbol id="sm-133">
         <name>uc3</name>
         <value>0xa838</value>
         <object_component_ref idref="oc-81"/>
      </symbol>
      <symbol id="sm-134">
         <name>uc2</name>
         <value>0xa836</value>
         <object_component_ref idref="oc-81"/>
      </symbol>
      <symbol id="sm-135">
         <name>uc1</name>
         <value>0xa834</value>
         <object_component_ref idref="oc-81"/>
      </symbol>
      <symbol id="sm-136">
         <name>txIndex</name>
         <value>0xa80b</value>
         <object_component_ref idref="oc-81"/>
      </symbol>
      <symbol id="sm-137">
         <name>phase1</name>
         <value>0xa804</value>
         <object_component_ref idref="oc-81"/>
      </symbol>
      <symbol id="sm-138">
         <name>dutyFine</name>
         <value>0xa8ba</value>
         <object_component_ref idref="oc-81"/>
      </symbol>
      <symbol id="sm-139">
         <name>takeOff2</name>
         <value>0xa803</value>
         <object_component_ref idref="oc-81"/>
      </symbol>
      <symbol id="sm-13a">
         <name>ep4</name>
         <value>0xa8a4</value>
         <object_component_ref idref="oc-81"/>
      </symbol>
      <symbol id="sm-13b">
         <name>ep3</name>
         <value>0xa88c</value>
         <object_component_ref idref="oc-81"/>
      </symbol>
      <symbol id="sm-13c">
         <name>ep2</name>
         <value>0xa874</value>
         <object_component_ref idref="oc-81"/>
      </symbol>
      <symbol id="sm-13d">
         <name>ep1</name>
         <value>0xa85c</value>
         <object_component_ref idref="oc-81"/>
      </symbol>
      <symbol id="sm-13e">
         <name>Kr_sans_int</name>
         <value>0xa84e</value>
         <object_component_ref idref="oc-81"/>
      </symbol>
      <symbol id="sm-13f">
         <name>Offset_count</name>
         <value>0xa812</value>
         <object_component_ref idref="oc-81"/>
      </symbol>
      <symbol id="sm-140">
         <name>fc4</name>
         <value>0xa8a0</value>
         <object_component_ref idref="oc-81"/>
      </symbol>
      <symbol id="sm-141">
         <name>fc3</name>
         <value>0xa888</value>
         <object_component_ref idref="oc-81"/>
      </symbol>
      <symbol id="sm-142">
         <name>fc2</name>
         <value>0xa870</value>
         <object_component_ref idref="oc-81"/>
      </symbol>
      <symbol id="sm-143">
         <name>fc1</name>
         <value>0xa858</value>
         <object_component_ref idref="oc-81"/>
      </symbol>
      <symbol id="sm-144">
         <name>sum_vp1</name>
         <value>0xa862</value>
         <object_component_ref idref="oc-81"/>
      </symbol>
      <symbol id="sm-145">
         <name>sum_vp3</name>
         <value>0xa892</value>
         <object_component_ref idref="oc-81"/>
      </symbol>
      <symbol id="sm-146">
         <name>sum_vp2</name>
         <value>0xa87a</value>
         <object_component_ref idref="oc-81"/>
      </symbol>
      <symbol id="sm-147">
         <name>sum_vp4</name>
         <value>0xa8aa</value>
         <object_component_ref idref="oc-81"/>
      </symbol>
      <symbol id="sm-148">
         <name>txBuffer</name>
         <value>0xa91c</value>
         <object_component_ref idref="oc-94"/>
      </symbol>
      <symbol id="sm-149">
         <name>count</name>
         <value>0xa8bc</value>
         <object_component_ref idref="oc-81"/>
      </symbol>
      <symbol id="sm-14a">
         <name>Current1</name>
         <value>0xa824</value>
         <object_component_ref idref="oc-81"/>
      </symbol>
      <symbol id="sm-14b">
         <name>Current2</name>
         <value>0xa826</value>
         <object_component_ref idref="oc-81"/>
      </symbol>
      <symbol id="sm-14c">
         <name>Current3</name>
         <value>0xa828</value>
         <object_component_ref idref="oc-81"/>
      </symbol>
      <symbol id="sm-14d">
         <name>Current4</name>
         <value>0xa82a</value>
         <object_component_ref idref="oc-81"/>
      </symbol>
      <symbol id="sm-14e">
         <name>PosRegFlag1</name>
         <value>0xa810</value>
         <object_component_ref idref="oc-81"/>
      </symbol>
      <symbol id="sm-14f">
         <name>PosRegFlag3</name>
         <value>0xa811</value>
         <object_component_ref idref="oc-81"/>
      </symbol>
      <symbol id="sm-150">
         <name>state_PIN</name>
         <value>0xa808</value>
         <object_component_ref idref="oc-81"/>
      </symbol>
      <symbol id="sm-151">
         <name>duty_cycle_table</name>
         <value>0xacfc</value>
         <object_component_ref idref="oc-221"/>
      </symbol>
      <symbol id="sm-152">
         <name>ic4</name>
         <value>0xa89a</value>
         <object_component_ref idref="oc-81"/>
      </symbol>
      <symbol id="sm-153">
         <name>ic3</name>
         <value>0xa882</value>
         <object_component_ref idref="oc-81"/>
      </symbol>
      <symbol id="sm-154">
         <name>ic2</name>
         <value>0xa86a</value>
         <object_component_ref idref="oc-81"/>
      </symbol>
      <symbol id="sm-155">
         <name>ic1</name>
         <value>0xa852</value>
         <object_component_ref idref="oc-81"/>
      </symbol>
      <symbol id="sm-156">
         <name>takeOff</name>
         <value>0xa802</value>
         <object_component_ref idref="oc-81"/>
      </symbol>
      <symbol id="sm-1d2">
         <name>INTERRUPT_init</name>
         <value>0x9b2f</value>
         <object_component_ref idref="oc-31"/>
      </symbol>
      <symbol id="sm-1d3">
         <name>Push_Button_Start_XINT_init</name>
         <value>0x9f80</value>
         <object_component_ref idref="oc-2b1"/>
      </symbol>
      <symbol id="sm-1d4">
         <name>PinMux_init</name>
         <value>0x8c5f</value>
         <object_component_ref idref="oc-269"/>
      </symbol>
      <symbol id="sm-1d5">
         <name>myINPUTXBARINPUT2_init</name>
         <value>0x9fef</value>
         <object_component_ref idref="oc-27b"/>
      </symbol>
      <symbol id="sm-1d6">
         <name>myINPUTXBARINPUT1_init</name>
         <value>0xa01e</value>
         <object_component_ref idref="oc-275"/>
      </symbol>
      <symbol id="sm-1d7">
         <name>myINPUTXBARINPUT0_init</name>
         <value>0xa018</value>
         <object_component_ref idref="oc-26f"/>
      </symbol>
      <symbol id="sm-1d8">
         <name>SCI_init</name>
         <value>0x9374</value>
         <object_component_ref idref="oc-2ab"/>
      </symbol>
      <symbol id="sm-1d9">
         <name>Board_init</name>
         <value>0x9cc4</value>
         <object_component_ref idref="oc-218"/>
      </symbol>
      <symbol id="sm-1da">
         <name>XINT_init</name>
         <value>0x9f80</value>
         <object_component_ref idref="oc-2b1"/>
      </symbol>
      <symbol id="sm-1db">
         <name>GPIO_init</name>
         <value>0x95f0</value>
         <object_component_ref idref="oc-2a5"/>
      </symbol>
      <symbol id="sm-1dc">
         <name>myADC0_init</name>
         <value>0x91f0</value>
         <object_component_ref idref="oc-28d"/>
      </symbol>
      <symbol id="sm-1dd">
         <name>SYNC_init</name>
         <value>0x9f4e</value>
         <object_component_ref idref="oc-281"/>
      </symbol>
      <symbol id="sm-1de">
         <name>myADC1_init</name>
         <value>0x9275</value>
         <object_component_ref idref="oc-293"/>
      </symbol>
      <symbol id="sm-1df">
         <name>EPWM_init</name>
         <value>0x838c</value>
         <object_component_ref idref="oc-29f"/>
      </symbol>
      <symbol id="sm-1e0">
         <name>mySCI0_init</name>
         <value>0x9374</value>
         <object_component_ref idref="oc-2ab"/>
      </symbol>
      <symbol id="sm-1e1">
         <name>CPUTIMER_init</name>
         <value>0x97cc</value>
         <object_component_ref idref="oc-299"/>
      </symbol>
      <symbol id="sm-1e2">
         <name>ASYSCTL_init</name>
         <value>0x9f90</value>
         <object_component_ref idref="oc-287"/>
      </symbol>
      <symbol id="sm-1e3">
         <name>myCPUTIMER0_init</name>
         <value>0x97cc</value>
         <object_component_ref idref="oc-299"/>
      </symbol>
      <symbol id="sm-208">
         <name>Device_enableAllPeripherals</name>
         <value>0x9000</value>
         <object_component_ref idref="oc-250"/>
      </symbol>
      <symbol id="sm-209">
         <name>Device_initGPIO</name>
         <value>0x9f70</value>
         <object_component_ref idref="oc-200"/>
      </symbol>
      <symbol id="sm-20a">
         <name>Device_init</name>
         <value>0x96f2</value>
         <object_component_ref idref="oc-1fa"/>
      </symbol>
      <symbol id="sm-20b">
         <name>__error__</name>
         <value>0xa024</value>
         <object_component_ref idref="oc-f3"/>
      </symbol>
      <symbol id="sm-21a">
         <name>code_start</name>
         <value>0x0</value>
         <object_component_ref idref="oc-26"/>
      </symbol>
      <symbol id="sm-247">
         <name>MEP_SF</name>
         <value>0xa966</value>
         <object_component_ref idref="oc-263"/>
      </symbol>
      <symbol id="sm-248">
         <name>SFO_CAL</name>
         <value>0xa96f</value>
         <object_component_ref idref="oc-25f"/>
      </symbol>
      <symbol id="sm-249">
         <name>SFO</name>
         <value>0x8a6e</value>
         <object_component_ref idref="oc-20c"/>
      </symbol>
      <symbol id="sm-270">
         <name>ADC_setOffsetTrimAll</name>
         <value>0x9c05</value>
         <object_component_ref idref="oc-3a1"/>
      </symbol>
      <symbol id="sm-271">
         <name>ADC_setVREF</name>
         <value>0x9c2d</value>
         <object_component_ref idref="oc-302"/>
      </symbol>
      <symbol id="sm-28b">
         <name>CPUTimer_setEmulationMode</name>
         <value>0x9f15</value>
         <object_component_ref idref="oc-30a"/>
      </symbol>
      <symbol id="sm-2a7">
         <name>EPWM_setEmulationMode</name>
         <value>0x9e30</value>
         <object_component_ref idref="oc-311"/>
      </symbol>
      <symbol id="sm-31e">
         <name>GPIO_setQualificationMode</name>
         <value>0x9a2d</value>
         <object_component_ref idref="oc-2f6"/>
      </symbol>
      <symbol id="sm-31f">
         <name>GPIO_setPadConfig</name>
         <value>0x96a0</value>
         <object_component_ref idref="oc-2f0"/>
      </symbol>
      <symbol id="sm-320">
         <name>GPIO_setInterruptPin</name>
         <value>0x99bf</value>
         <object_component_ref idref="oc-332"/>
      </symbol>
      <symbol id="sm-321">
         <name>GPIO_setAnalogMode</name>
         <value>0x945d</value>
         <object_component_ref idref="oc-256"/>
      </symbol>
      <symbol id="sm-322">
         <name>GPIO_setDirectionMode</name>
         <value>0x9ace</value>
         <object_component_ref idref="oc-31e"/>
      </symbol>
      <symbol id="sm-323">
         <name>GPIO_setPinConfig</name>
         <value>0x99f6</value>
         <object_component_ref idref="oc-2ea"/>
      </symbol>
      <symbol id="sm-324">
         <name>GPIO_setControllerCore</name>
         <value>0x9988</value>
         <object_component_ref idref="oc-324"/>
      </symbol>
      <symbol id="sm-373">
         <name>Interrupt_defaultHandler</name>
         <value>0x9e46</value>
         <object_component_ref idref="oc-49"/>
      </symbol>
      <symbol id="sm-374">
         <name>Interrupt_initModule</name>
         <value>0x9913</value>
         <object_component_ref idref="oc-206"/>
      </symbol>
      <symbol id="sm-375">
         <name>Interrupt_nmiHandler</name>
         <value>0x9fe5</value>
         <object_component_ref idref="oc-5b"/>
      </symbol>
      <symbol id="sm-376">
         <name>Interrupt_enable</name>
         <value>0x9a64</value>
         <object_component_ref idref="oc-8c"/>
      </symbol>
      <symbol id="sm-377">
         <name>Interrupt_initVectorTable</name>
         <value>0x9d1f</value>
         <object_component_ref idref="oc-4e"/>
      </symbol>
      <symbol id="sm-378">
         <name>Interrupt_illegalOperationHandler</name>
         <value>0x9fdb</value>
         <object_component_ref idref="oc-55"/>
      </symbol>
      <symbol id="sm-3d6">
         <name>SCI_clearInterruptStatus</name>
         <value>0x9800</value>
         <object_component_ref idref="oc-9d"/>
      </symbol>
      <symbol id="sm-3d7">
         <name>SCI_disableInterrupt</name>
         <value>0x9845</value>
         <object_component_ref idref="oc-97"/>
      </symbol>
      <symbol id="sm-3d8">
         <name>SCI_setConfig</name>
         <value>0x8fc1</value>
         <object_component_ref idref="oc-32b"/>
      </symbol>
      <symbol id="sm-3d9">
         <name>SCI_enableInterrupt</name>
         <value>0x98cf</value>
         <object_component_ref idref="oc-cf"/>
      </symbol>
      <symbol id="sm-4eb">
         <name>SysCtl_isPLLValid</name>
         <value>0x8de2</value>
         <object_component_ref idref="oc-2d5"/>
      </symbol>
      <symbol id="sm-4ec">
         <name>SysCtl_delay</name>
         <value>0x128</value>
         <object_component_ref idref="oc-2c8"/>
      </symbol>
      <symbol id="sm-4ed">
         <name>SysCtl_selectXTALSingleEnded</name>
         <value>0x9c7b</value>
         <object_component_ref idref="oc-340"/>
      </symbol>
      <symbol id="sm-4ee">
         <name>SysCtl_selectXTAL</name>
         <value>0x9786</value>
         <object_component_ref idref="oc-33a"/>
      </symbol>
      <symbol id="sm-4ef">
         <name>SysCtl_selectOscSource</name>
         <value>0x973d</value>
         <object_component_ref idref="oc-2c9"/>
      </symbol>
      <symbol id="sm-4f0">
         <name>SysCtl_getLowSpeedClock</name>
         <value>0x87e6</value>
         <object_component_ref idref="oc-24a"/>
      </symbol>
      <symbol id="sm-4f1">
         <name>SysCtl_setClock</name>
         <value>0x86c3</value>
         <object_component_ref idref="oc-23e"/>
      </symbol>
      <symbol id="sm-4f2">
         <name>SysCtl_getClock</name>
         <value>0x952e</value>
         <object_component_ref idref="oc-244"/>
      </symbol>
      <symbol id="sm-539">
         <name>powf</name>
         <value>0x8000</value>
         <object_component_ref idref="oc-129"/>
      </symbol>
      <symbol id="sm-54a">
         <name>sqrtf</name>
         <value>0x9c54</value>
         <object_component_ref idref="oc-18e"/>
      </symbol>
      <symbol id="sm-55e">
         <name>scalbnf</name>
         <value>0x9648</value>
         <object_component_ref idref="oc-19d"/>
      </symbol>
      <symbol id="sm-55f">
         <name>ldexpf</name>
         <value>0x9648</value>
         <object_component_ref idref="oc-19d"/>
      </symbol>
      <symbol id="sm-56c">
         <name>copysignf</name>
         <value>0x9f5f</value>
         <object_component_ref idref="oc-1e5"/>
      </symbol>
      <symbol id="sm-576">
         <name>_c_int00</name>
         <value>0x9e03</value>
         <object_component_ref idref="oc-bf"/>
      </symbol>
      <symbol id="sm-577">
         <name>__stack</name>
         <value>0x400</value>
         <object_component_ref idref="oc-61"/>
      </symbol>
      <symbol id="sm-584">
         <name>__c28xabi_divf</name>
         <value>0x9168</value>
         <object_component_ref idref="oc-189"/>
      </symbol>
      <symbol id="sm-592">
         <name>_system_pre_init</name>
         <value>0xa02d</value>
         <object_component_ref idref="oc-10f"/>
      </symbol>
      <symbol id="sm-5a1">
         <name>__TI_auto_init_nobinit_nopinit</name>
         <value>0x9b87</value>
         <object_component_ref idref="oc-142"/>
      </symbol>
      <symbol id="sm-5b0">
         <name>__TI_zero_init_nomemset</name>
         <value>0x9fb7</value>
         <object_component_ref idref="oc-6c"/>
      </symbol>
      <symbol id="sm-5bd">
         <name>__TI_decompress_none</name>
         <value>0x9ff8</value>
         <object_component_ref idref="oc-1f"/>
      </symbol>
      <symbol id="sm-5d1">
         <name>__TI_decompress_lzss</name>
         <value>0x9aff</value>
         <object_component_ref idref="oc-19"/>
      </symbol>
      <symbol id="sm-5e7">
         <name>C$$EXIT</name>
         <value>0x9bdc</value>
         <object_component_ref idref="oc-11c"/>
      </symbol>
      <symbol id="sm-5e8">
         <name>abort</name>
         <value>0x9bdc</value>
         <object_component_ref idref="oc-11c"/>
      </symbol>
      <symbol id="sm-5e9">
         <name>exit</name>
         <value>0x9bde</value>
         <object_component_ref idref="oc-11c"/>
      </symbol>
      <symbol id="sm-5ea">
         <name>__TI_dtors_ptr</name>
         <value>0xa8d4</value>
         <object_component_ref idref="oc-17a"/>
      </symbol>
      <symbol id="sm-5eb">
         <name>__TI_cleanup_ptr</name>
         <value>0xa8d2</value>
         <object_component_ref idref="oc-17a"/>
      </symbol>
      <symbol id="sm-5ec">
         <name>__TI_enable_exit_profile_output</name>
         <value>0xa8d0</value>
         <object_component_ref idref="oc-17a"/>
      </symbol>
      <symbol id="sm-603">
         <name>_nop</name>
         <value>0xa008</value>
         <object_component_ref idref="oc-1cf"/>
      </symbol>
      <symbol id="sm-604">
         <name>_lock</name>
         <value>0xa8d6</value>
         <object_component_ref idref="oc-17d"/>
      </symbol>
      <symbol id="sm-605">
         <name>_unlock</name>
         <value>0xa8d8</value>
         <object_component_ref idref="oc-226"/>
      </symbol>
      <symbol id="sm-606">
         <name>_register_lock</name>
         <value>0xa004</value>
         <object_component_ref idref="oc-1cf"/>
      </symbol>
      <symbol id="sm-607">
         <name>_register_unlock</name>
         <value>0xa000</value>
         <object_component_ref idref="oc-1cf"/>
      </symbol>
      <symbol id="sm-616">
         <name>_args_main</name>
         <value>0x9fc4</value>
         <object_component_ref idref="oc-116"/>
      </symbol>
      <symbol id="sm-622">
         <name>errno</name>
         <value>0xa8db</value>
         <object_component_ref idref="oc-1a3"/>
      </symbol>
      <symbol id="sm-635">
         <name>memcpy</name>
         <value>0x9d3d</value>
         <object_component_ref idref="oc-64"/>
      </symbol>
      <symbol id="sm-642">
         <name>_system_post_cinit</name>
         <value>0x8fff</value>
         <object_component_ref idref="oc-1ae"/>
      </symbol>
      <symbol id="sm-644">
         <name>__c_args__</name>
         <value>0x0</value>
      </symbol>
   </symbol_table>
   <title>Link successful</title>
</link_info>
