******************************************************************************
             TMS320C2000 Linker PC v22.6.1                     
******************************************************************************
>> Linked Wed Aug 28 11:05:10 2024

OUTPUT FILE NAME:   <Test_pour_carte_principale.out>
ENTRY POINT SYMBOL: "code_start"  address: 00000000


MEMORY CONFIGURATION

         name            origin    length      used     unused   attr    fill
----------------------  --------  ---------  --------  --------  ----  --------
  BEGIN                 00000000   00000002  00000002  00000000  RWIX
  BOOT_RSVD             00000002   00000126  00000000  00000126  RWIX
  RAMM0                 00000128   000002d8  0000002e  000002aa  RWIX
  RAMM1                 00000400   000003f8  00000200  000001f8  RWIX
  RAMLS0                00008000   00000800  00000800  00000000  RWIX
  RAMLS1                00008800   00000800  00000800  00000000  RWIX
  RAMLS2                00009000   00000800  00000800  00000000  RWIX
  RAMLS3                00009800   00000800  0000040a  000003f6  RWIX
  RAMLS4                0000a000   00000800  00000000  00000800  RWIX
  RAMLS5                0000a800   00000800  00000521  000002df  RWIX
  RAMLS6_7              0000b000   00001000  00000000  00001000  RWIX
  RAMGS0                0000c000   00001000  00000000  00001000  RWIX
  RAMGS1                0000d000   00001000  00000000  00001000  RWIX
  RAMGS2                0000e000   00001000  00000000  00001000  RWIX
  RAMGS3                0000f000   00000ff8  00000000  00000ff8  RWIX
  FLASH_BANK0_SEC0      00080002   00000ffe  00000000  00000ffe  RWIX
  FLASH_BANK0_SEC1      00081000   00001000  00000000  00001000  RWIX
  FLASH_BANK0_SEC2      00082000   00001000  00000000  00001000  RWIX
  FLASH_BANK0_SEC3      00083000   00001000  00000000  00001000  RWIX
  FLASH_BANK0_SEC4      00084000   00001000  00000000  00001000  RWIX
  FLASH_BANK0_SEC5      00085000   00001000  00000000  00001000  RWIX
  FLASH_BANK0_SEC6      00086000   00001000  00000000  00001000  RWIX
  FLASH_BANK0_SEC7      00087000   00001000  00000000  00001000  RWIX
  FLASH_BANK0_SEC8      00088000   00001000  00000000  00001000  RWIX
  FLASH_BANK0_SEC9      00089000   00001000  00000000  00001000  RWIX
  FLASH_BANK0_SEC10     0008a000   00001000  00000000  00001000  RWIX
  FLASH_BANK0_SEC11     0008b000   00001000  00000000  00001000  RWIX
  FLASH_BANK0_SEC12     0008c000   00001000  00000000  00001000  RWIX
  FLASH_BANK0_SEC13     0008d000   00001000  00000000  00001000  RWIX
  FLASH_BANK0_SEC14     0008e000   00001000  00000000  00001000  RWIX
  FLASH_BANK0_SEC15     0008f000   00001000  00000000  00001000  RWIX
  FLASH_BANK1_SEC0      00090000   00001000  00000000  00001000  RWIX
  FLASH_BANK1_SEC1      00091000   00001000  00000000  00001000  RWIX
  FLASH_BANK1_SEC2      00092000   00001000  00000000  00001000  RWIX
  FLASH_BANK1_SEC3      00093000   00001000  00000000  00001000  RWIX
  FLASH_BANK1_SEC4      00094000   00001000  00000000  00001000  RWIX
  FLASH_BANK1_SEC5      00095000   00001000  00000000  00001000  RWIX
  FLASH_BANK1_SEC6      00096000   00001000  00000000  00001000  RWIX
  FLASH_BANK1_SEC7      00097000   00001000  00000000  00001000  RWIX
  FLASH_BANK1_SEC8      00098000   00001000  00000000  00001000  RWIX
  FLASH_BANK1_SEC9      00099000   00001000  00000000  00001000  RWIX
  FLASH_BANK1_SEC10     0009a000   00001000  00000000  00001000  RWIX
  FLASH_BANK1_SEC11     0009b000   00001000  00000000  00001000  RWIX
  FLASH_BANK1_SEC12     0009c000   00001000  00000000  00001000  RWIX
  FLASH_BANK1_SEC13     0009d000   00001000  00000000  00001000  RWIX
  FLASH_BANK1_SEC14     0009e000   00001000  00000000  00001000  RWIX
  FLASH_BANK1_SEC15     0009f000   00001000  00000000  00001000  RWIX
  FLASH_BANK2_SEC0      000a0000   00001000  00000000  00001000  RWIX
  FLASH_BANK2_SEC1      000a1000   00001000  00000000  00001000  RWIX
  FLASH_BANK2_SEC2      000a2000   00001000  00000000  00001000  RWIX
  FLASH_BANK2_SEC3      000a3000   00001000  00000000  00001000  RWIX
  FLASH_BANK2_SEC4      000a4000   00001000  00000000  00001000  RWIX
  FLASH_BANK2_SEC5      000a5000   00001000  00000000  00001000  RWIX
  FLASH_BANK2_SEC6      000a6000   00001000  00000000  00001000  RWIX
  FLASH_BANK2_SEC7      000a7000   00001000  00000000  00001000  RWIX
  FLASH_BANK2_SEC8      000a8000   00001000  00000000  00001000  RWIX
  FLASH_BANK2_SEC9      000a9000   00001000  00000000  00001000  RWIX
  FLASH_BANK2_SEC10     000aa000   00001000  00000000  00001000  RWIX
  FLASH_BANK2_SEC11     000ab000   00001000  00000000  00001000  RWIX
  FLASH_BANK2_SEC12     000ac000   00001000  00000000  00001000  RWIX
  FLASH_BANK2_SEC13     000ad000   00001000  00000000  00001000  RWIX
  FLASH_BANK2_SEC14     000ae000   00001000  00000000  00001000  RWIX
  FLASH_BANK2_SEC15     000af000   00000ff0  00000000  00000ff0  RWIX
  SECURE_ROM            003f2000   00006000  00000000  00006000  RWIX
  BOOTROM               003f8000   00007fc0  00000000  00007fc0  RWIX
  RESET                 003fffc0   00000002  00000000  00000002  RWIX


SECTION ALLOCATION MAP

 output                                  attributes/
section   page    origin      length       input sections
--------  ----  ----------  ----------   ----------------
codestart 
*          0    00000000    00000002     
                  00000000    00000002     f28003x_codestartbranch.obj (codestart)

.TI.ramfunc 
*          0    00000128    00000004     
                  00000128    00000004     driverlib.lib : sysctl.obj (.TI.ramfunc)

.cinit     0    0000012c    0000002a     
                  0000012c    00000017     (.cinit..data.load) [load image, compression = lzss]
                  00000143    00000001     --HOLE-- [fill = 0]
                  00000144    00000006     (__TI_handler_table)
                  0000014a    00000004     (.cinit..bss.load) [load image, compression = zero_init]
                  0000014e    00000008     (__TI_cinit_table)

.reset     0    003fffc0    00000000     DSECT

.stack     0    00000400    00000200     UNINITIALIZED
                  00000400    00000200     --HOLE--

.bss       0    0000a81f    00000019     UNINITIALIZED
                  0000a81f    0000000b     hrpwm_ex1_duty_sfo.obj (.bss)
                  0000a82a    00000009     SFO_v8_fpu_lib_build_c28_driverlib_eabi.lib : SFO_v8_fpu_lib_build_c28_driverlib.obj (.bss:MEP_SF)
                  0000a833    00000005                                                 : SFO_v8_fpu_lib_build_c28_driverlib.obj (.bss)

.init_array 
*          0    00000128    00000000     UNINITIALIZED

.data      0    0000a800    0000001f     UNINITIALIZED
                  0000a800    0000000a     hrpwm_ex1_duty_sfo.obj (.data:ePWM)
                  0000a80a    0000000a     hrpwm_ex1_duty_sfo.obj (.data)
                  0000a814    00000006     rts2800_fpu32_eabi.lib : exit.c.obj (.data)
                  0000a81a    00000002                            : _lock.c.obj (.data:_lock)
                  0000a81c    00000002                            : _lock.c.obj (.data:_unlock)
                  0000a81e    00000001     SFO_v8_fpu_lib_build_c28_driverlib_eabi.lib : SFO_v8_fpu_lib_build_c28_driverlib.obj (.data)

.const     0    0000a838    000004e9     
                  0000a838    0000015c     board.obj (.const:.string)
                  0000a994    000000cd     hrpwm_ex1_duty_sfo.obj (.const:.string)
                  0000aa61    00000001     --HOLE-- [fill = 0]
                  0000aa62    0000009a     driverlib.lib : sysctl.obj (.const:.string)
                  0000aafc    00000098                   : epwm.obj (.const:.string)
                  0000ab94    00000098                   : gpio.obj (.const:.string)
                  0000ac2c    00000059     device.obj (.const:.string)
                  0000ac85    00000001     --HOLE-- [fill = 0]
                  0000ac86    00000050     driverlib.lib : cputimer.obj (.const:.string)
                  0000acd6    0000004b                   : adc.obj (.const:.string)

.text.1    0    00008000    00000800     
                  00008000    00000337     board.obj (.text:EPWM_init)
                  00008337    000001f1     SFO_v8_fpu_lib_build_c28_driverlib_eabi.lib : SFO_v8_fpu_lib_build_c28_driverlib.obj (.text)
                  00008528    0000017d     hrpwm_ex1_duty_sfo.obj (.text:adcA1ISR)
                  000086a5    00000123     driverlib.lib : sysctl.obj (.text:SysCtl_setClock)
                  000087c8    00000037                   : gpio.obj (.text:GPIO_setControllerCore)
                  000087ff    00000001     rts2800_fpu32_eabi.lib : startup.c.obj (.text)

.text.2    0    00008800    00000800     
                  00008800    00000167     board.obj (.text:PinMux_init)
                  00008967    000000fe     driverlib.lib : sysctl.obj (.text:SysCtl_isPLLValid)
                  00008a65    000000ce     device.obj (.text:Device_enableAllPeripherals)
                  00008b33    00000088     rts2800_fpu32_eabi.lib : fs_div28.asm.obj (.text)
                  00008bbb    00000079     board.obj (.text:myADC0_init)
                  00008c34    00000074     board.obj (.text:myADC1_init)
                  00008ca8    00000073     driverlib.lib : sysctl.obj (.text:DCC_setCounterSeeds)
                  00008d1b    0000006a                   : gpio.obj (.text:GPIO_setAnalogMode)
                  00008d85    00000065                   : sysctl.obj (.text:SysCtl_getClock)
                  00008dea    00000052                   : gpio.obj (.text:GPIO_setPadConfig)
                  00008e3c    00000049                   : sysctl.obj (.text:SysCtl_selectOscSource)
                  00008e85    00000046     board.obj (.text:ADC_setupSOC)
                  00008ecb    00000046     driverlib.lib : sysctl.obj (.text:SysCtl_selectXTAL)
                  00008f11    00000045                   : sysctl.obj (.text:SysCtl_pollX1Counter)
                  00008f56    00000040     board.obj (.text:EPWM_setActionQualifierAction)
                  00008f96    0000003e     device.obj (.text:Device_init)
                  00008fd4    0000002c     board.obj (.text:EPWM_setDeadBandDelayMode)

.text.3    0    00009000    00000800     
                  00009000    0000003e     board.obj (.text:EPWM_setCounterCompareShadowLoadMode)
                  0000903e    0000003d     driverlib.lib : interrupt.obj (.text:Interrupt_initModule)
                  0000907b    00000037                   : gpio.obj (.text:GPIO_setPinConfig)
                  000090b2    00000037                   : gpio.obj (.text:GPIO_setQualificationMode)
                  000090e9    00000037                   : interrupt.obj (.text:Interrupt_enable)
                  00009120    00000031                   : gpio.obj (.text:GPIO_setDirectionMode)
                  00009151    00000030     rts2800_fpu32_eabi.lib : copy_decompress_lzss.c.obj (.text:decompress:lzss)
                  00009181    0000002f     board.obj (.text:ADC_setInterruptSource)
                  000091b0    0000002e     board.obj (.text:ADC_setInterruptSOCTrigger)
                  000091de    0000002b     board.obj (.text:EPWM_isBaseValid)
                  00009209    0000002b     driverlib.lib : epwm.obj (.text:EPWM_isBaseValid)
                  00009234    0000002b     rts2800_fpu32_eabi.lib : autoinit.c.obj (.text:__TI_auto_init_nobinit_nopinit)
                  0000925f    0000002a     hrpwm_ex1_duty_sfo.obj (.text:HRPWM_setCounterCompareValue)
                  00009289    0000002a     board.obj (.text:XBAR_setInputPin)
                  000092b3    00000029     rts2800_fpu32_eabi.lib : exit.c.obj (.text)
                  000092dc    00000028     driverlib.lib : adc.obj (.text:ADC_setOffsetTrimAll)
                  00009304    00000027                   : adc.obj (.text:ADC_setVREF)
                  0000932b    00000026     hrpwm_ex1_duty_sfo.obj (.text:main)
                  00009351    00000025     driverlib.lib : sysctl.obj (.text:SysCtl_selectXTALSingleEnded)
                  00009376    00000025     board.obj (.text:myCPUTIMER0_init)
                  0000939b    00000024     driverlib.lib : sysctl.obj (.text:DCC_enableSingleShotMode)
                  000093bf    00000024     board.obj (.text:EPWM_setDeadBandDelayPolarity)
                  000093e3    00000023     hrpwm_ex1_duty_sfo.obj (.text:GPIO_readPin)
                  00009406    00000022     board.obj (.text:EPWM_setCounterCompareValue)
                  00009428    00000021     board.obj (.text:ADC_disableContinuousMode)
                  00009449    00000021     board.obj (.text:ADC_disableInterrupt)
                  0000946a    00000021     board.obj (.text:EPWM_enableGlobalLoadRegisters)
                  0000948b    00000020     board.obj (.text:ADC_enableInterrupt)
                  000094ab    0000001f     board.obj (.text:EPWM_setFallingEdgeDelayCountShadowLoadMode)
                  000094ca    0000001f     board.obj (.text:EPWM_setRisingEdgeDelayCountShadowLoadMode)
                  000094e9    0000001f     hrpwm_ex1_duty_sfo.obj (.text:GPIO_togglePin)
                  00009508    0000001e     driverlib.lib : sysctl.obj (.text:DCC_setCounter0ClkSource)
                  00009526    0000001e                   : sysctl.obj (.text:DCC_setCounter1ClkSource)
                  00009544    0000001e     board.obj (.text:EPWM_setPhaseShift)
                  00009562    0000001e     driverlib.lib : interrupt.obj (.text:Interrupt_initVectorTable)
                  00009580    0000001d     hrpwm_ex1_duty_sfo.obj (.text:ADC_getInterruptOverflowStatus)
                  0000959d    0000001d     board.obj (.text:EPWM_setFallingEdgeDelayCount)
                  000095ba    0000001d     board.obj (.text:EPWM_setRisingEdgeDelayCount)
                  000095d7    0000001d     rts2800_fpu32_eabi.lib : memcpy.c.obj (.text)
                  000095f4    0000001c     board.obj (.text:ADC_setSOCPriority)
                  00009610    0000001c     board.obj (.text:EPWM_setClockPrescaler)
                  0000962c    0000001b     hrpwm_ex1_duty_sfo.obj (.text:HRPWM_isBaseValid)
                  00009647    0000001b     board.obj (.text:XBAR_isBaseValid)
                  00009662    0000001a     hrpwm_ex1_duty_sfo.obj (.text:ADC_readResult)
                  0000967c    0000001a     board.obj (.text:ASysCtl_setAnalogReference1P65)
                  00009696    0000001a     board.obj (.text:CPUTimer_startTimer)
                  000096b0    0000001a     driverlib.lib : sysctl.obj (.text:SysCtl_getLowSpeedClock)
                  000096ca    00000019                   : sysctl.obj (.text:SysCtl_setPLLSysClk)
                  000096e3    00000018     board.obj (.text:ASysCtl_setAnalogReferenceInternal)
                  000096fb    00000018     board.obj (.text:EPWM_disableFallingEdgeDelayCountShadowLoadMode)
                  00009713    00000018     board.obj (.text:EPWM_disableRisingEdgeDelayCountShadowLoadMode)
                  0000972b    00000018     hrpwm_ex1_duty_sfo.obj (.text:SysCtl_disablePeripheral)
                  00009743    00000017     board.obj (.text:ADC_isBaseValid)
                  0000975a    00000017     driverlib.lib : adc.obj (.text:ADC_isBaseValid)
                  00009771    00000017     hrpwm_ex1_duty_sfo.obj (.text:ADC_isBaseValid)
                  00009788    00000017     board.obj (.text:CPUTimer_isBaseValid)
                  0000979f    00000017     driverlib.lib : cputimer.obj (.text:CPUTimer_isBaseValid)
                  000097b6    00000017     board.obj (.text:CPUTimer_setPreScaler)
                  000097cd    00000017     device.obj (.text:SysCtl_enablePeripheral)
                  000097e4    00000017     driverlib.lib : sysctl.obj (.text:SysCtl_enablePeripheral)
                  000097fb    00000005     board.obj (.text:ADC_init)

.text.4    0    00009800    0000040a     
                  00009800    00000017     hrpwm_ex1_duty_sfo.obj (.text:SysCtl_enablePeripheral)
                  00009817    00000017     rts2800_fpu32_eabi.lib : boot28.asm.obj (.text)
                  0000982e    00000016     board.obj (.text:ADC_setInterruptPulseMode)
                  00009844    00000016     board.obj (.text:ADC_setPrescaler)
                  0000985a    00000016     driverlib.lib : sysctl.obj (.text:DCC_disableDoneSignal)
                  00009870    00000016                   : epwm.obj (.text:EPWM_setEmulationMode)
                  00009886    00000016                   : interrupt.obj (.text:Interrupt_defaultHandler)
                  0000989c    00000015     board.obj (.text:ADC_disableBurstMode)
                  000098b1    00000015     board.obj (.text:Board_init)
                  000098c6    00000015     board.obj (.text:CPUTimer_enableInterrupt)
                  000098db    00000015     driverlib.lib : sysctl.obj (.text:DCC_clearDoneFlag)
                  000098f0    00000015                   : sysctl.obj (.text:DCC_clearErrorFlag)
                  00009905    00000015                   : sysctl.obj (.text:DCC_disableErrorSignal)
                  0000991a    00000015                   : sysctl.obj (.text:DCC_isBaseValid)
                  0000992f    00000015     device.obj (.text:GPIO_unlockPortConfig)
                  00009944    00000014     hrpwm_ex1_duty_sfo.obj (.text:ADC_clearInterruptOverflowStatus)
                  00009958    00000014     board.obj (.text:ADC_clearInterruptStatus)
                  0000996c    00000014     hrpwm_ex1_duty_sfo.obj (.text:ADC_clearInterruptStatus)
                  00009980    00000014     board.obj (.text:CPUTimer_reloadTimerCounter)
                  00009994    00000014     board.obj (.text:CPUTimer_stopTimer)
                  000099a8    00000014     driverlib.lib : sysctl.obj (.text:DCC_disableModule)
                  000099bc    00000014                   : sysctl.obj (.text:DCC_enableModule)
                  000099d0    00000014     board.obj (.text:EPWM_setTimeBaseCounterMode)
                  000099e4    00000014     board.obj (.text:EPWM_setTimeBasePeriod)
                  000099f8    00000014     driverlib.lib : gpio.obj (.text:GPIO_isPinValid)
                  00009a0c    00000014     hrpwm_ex1_duty_sfo.obj (.text:GPIO_isPinValid)
                  00009a20    00000014     board.obj (.text:LED_D5_carte_principale_init)
                  00009a34    00000014     board.obj (.text:LED_D6_carte_principale_init)
                  00009a48    00000014     board.obj (.text:Push_Button_Start_init)
                  00009a5c    00000014     board.obj (.text:myLED_D1_init)
                  00009a70    00000014     board.obj (.text:myLED_D2_init)
                  00009a84    00000013     board.obj (.text:ADC_enableConverter)
                  00009a97    00000013     driverlib.lib : cputimer.obj (.text:CPUTimer_setEmulationMode)
                  00009aaa    00000012     board.obj (.text:EPWM_setTimeBaseCounter)
                  00009abc    00000012     board.obj (.text:SysCtl_setSyncOutputConfig)
                  00009ace    00000011     board.obj (.text:CPUTimer_setPeriod)
                  00009adf    00000011     board.obj (.text:EPWM_disablePhaseShiftLoad)
                  00009af0    00000010     device.obj (.text:Device_initGPIO)
                  00009b00    0000000f     board.obj (.text:Interrupt_register)
                  00009b0f    0000000d     board.obj (.text:INTERRUPT_init)
                  00009b1c    0000000d     driverlib.lib : interrupt.obj (.text:Interrupt_disableGlobal)
                  00009b29    0000000d                   : interrupt.obj (.text:Interrupt_enableGlobal)
                  00009b36    0000000d     device.obj (.text:SysCtl_setLowSpeedClock)
                  00009b43    0000000d     rts2800_fpu32_eabi.lib : copy_zero_init.c.obj (.text:decompress:ZI:__TI_zero_init_nomemset)
                  00009b50    0000000c     board.obj (.text:SysCtl_enableExtADCSOCSource)
                  00009b5c    0000000c     rts2800_fpu32_eabi.lib : args_main.c.obj (.text)
                  00009b68    0000000b     board.obj (.text:GPIO_init)
                  00009b73    0000000b     device.obj (.text:SysCtl_disableWatchdog)
                  00009b7e    0000000b     driverlib.lib : sysctl.obj (.text:SysCtl_isMCDClockFailureDetected)
                  00009b89    0000000a                   : interrupt.obj (.text:Interrupt_illegalOperationHandler)
                  00009b93    0000000a                   : interrupt.obj (.text:Interrupt_nmiHandler)
                  00009b9d    0000000a     board.obj (.text:SYNC_init)
                  00009ba7    00000009     board.obj (.text:ASYSCTL_init)
                  00009bb0    00000009     rts2800_fpu32_eabi.lib : _lock.c.obj (.text)
                  00009bb9    00000008                            : copy_decompress_none.c.obj (.text:decompress:none)
                  00009bc1    00000008     f28003x_codestartbranch.obj (.text)
                  00009bc9    00000007     board.obj (.text:ASysCtl_disableTemperatureSensor)
                  00009bd0    00000007     device.obj (.text:ASysCtl_lockVREG)
                  00009bd7    00000007     driverlib.lib : sysctl.obj (.text:SysCtl_resetMCD)
                  00009bde    00000007     device.obj (.text:__error__)
                  00009be5    00000007     board.obj (.text:myINPUTXBARINPUT0_init)
                  00009bec    00000007     board.obj (.text:myINPUTXBARINPUT1_init)
                  00009bf3    00000006     hrpwm_ex1_duty_sfo.obj (.text:Interrupt_clearACKGroup)
                  00009bf9    00000005     board.obj (.text:INPUTXBAR_init)
                  00009bfe    00000004     device.obj (.text:SysCtl_deviceCal)
                  00009c02    00000003     board.obj (.text:CPUTIMER_init)
                  00009c05    00000003     hrpwm_ex1_duty_sfo.obj (.text:error)
                  00009c08    00000002     rts2800_fpu32_eabi.lib : pre_init.c.obj (.text)

MODULE SUMMARY

       Module                                   code   ro data   rw data
       ------                                   ----   -------   -------
    .\
       hrpwm_ex1_duty_sfo.obj                   748    205       31     
    +--+----------------------------------------+------+---------+---------+
       Total:                                   748    205       31     
                                                                        
    .\device\
       device.obj                               370    89        0      
       f28003x_codestartbranch.obj              10     0         0      
    +--+----------------------------------------+------+---------+---------+
       Total:                                   380    89        0      
                                                                        
    .\syscfg\
       board.obj                                3001   348       0      
    +--+----------------------------------------+------+---------+---------+
       Total:                                   3001   348       0      
                                                                        
    C:/ti/c2000/C2000Ware_5_02_00_00/driverlib/f28003x/driverlib/ccs/Debug/driverlib.lib
       sysctl.obj                               1348   154       0      
       gpio.obj                                 422    152       0      
       epwm.obj                                 65     152       0      
       interrupt.obj                            214    0         0      
       adc.obj                                  102    75        0      
       cputimer.obj                             42     80        0      
    +--+----------------------------------------+------+---------+---------+
       Total:                                   2193   613       0      
                                                                        
    C:\ti\c2000\C2000Ware_5_02_00_00\libraries\calibration\hrpwm\f28003x\lib\SFO_v8_fpu_lib_build_c28_driverlib_eabi.lib
       SFO_v8_fpu_lib_build_c28_driverlib.obj   497    0         15     
    +--+----------------------------------------+------+---------+---------+
       Total:                                   497    0         15     
                                                                        
    C:\ti\ccs1260\ccs\tools\compiler\ti-cgt-c2000_22.6.1.LTS\lib\rts2800_fpu32_eabi.lib
       fs_div28.asm.obj                         136    0         0      
       copy_decompress_lzss.c.obj               48     0         0      
       exit.c.obj                               41     0         6      
       autoinit.c.obj                           43     0         0      
       memcpy.c.obj                             29     0         0      
       boot28.asm.obj                           23     0         0      
       _lock.c.obj                              9      0         4      
       copy_zero_init.c.obj                     13     0         0      
       args_main.c.obj                          12     0         0      
       copy_decompress_none.c.obj               8      0         0      
       pre_init.c.obj                           2      0         0      
       startup.c.obj                            1      0         0      
    +--+----------------------------------------+------+---------+---------+
       Total:                                   365    0         10     
                                                                        
       Stack:                                   0      0         512    
       Linker Generated:                        0      41        0      
    +--+----------------------------------------+------+---------+---------+
       Grand Total:                             7184   1296      568    


LINKER GENERATED COPY TABLES

__TI_cinit_table @ 0000014e records: 2, size/record: 4, table size: 8
	.data: load addr=0000012c, load size=00000017 bytes, run addr=0000a800, run size=0000001f bytes, compression=lzss
	.bss: load addr=0000014a, load size=00000004 bytes, run addr=0000a81f, run size=00000019 bytes, compression=zero_init


LINKER GENERATED HANDLER TABLE

__TI_handler_table @ 00000144 records: 3, size/record: 2, table size: 6
	index: 0, handler: __TI_zero_init
	index: 1, handler: __TI_decompress_lzss
	index: 2, handler: __TI_decompress_none


GLOBAL DATA SYMBOLS: SORTED BY DATA PAGE

address     data page           name
--------    ----------------    ----
00000400      10 (00000400)     __stack

0000a800     2a0 (0000a800)     ePWM
0000a80a     2a0 (0000a800)     start
0000a80b     2a0 (0000a800)     stop
0000a80c     2a0 (0000a800)     count_ext_int
0000a80d     2a0 (0000a800)     Ext_Int_Flag
0000a80e     2a0 (0000a800)     state_PIN
0000a810     2a0 (0000a800)     dutyFine
0000a812     2a0 (0000a800)     duty
0000a814     2a0 (0000a800)     __TI_enable_exit_profile_output
0000a816     2a0 (0000a800)     __TI_cleanup_ptr
0000a818     2a0 (0000a800)     __TI_dtors_ptr
0000a81a     2a0 (0000a800)     _lock
0000a81c     2a0 (0000a800)     _unlock
0000a81f     2a0 (0000a800)     status
0000a820     2a0 (0000a800)     a
0000a821     2a0 (0000a800)     ADC_pos_1
0000a822     2a0 (0000a800)     ADC_pos_2
0000a823     2a0 (0000a800)     ADC_pos_3
0000a824     2a0 (0000a800)     ADC_pos_4
0000a825     2a0 (0000a800)     ADC_cur_1
0000a826     2a0 (0000a800)     ADC_cur_2
0000a827     2a0 (0000a800)     ADC_cur_3
0000a828     2a0 (0000a800)     ADC_cur_4
0000a829     2a0 (0000a800)     MEP_ScaleFactor
0000a82a     2a0 (0000a800)     MEP_SF
0000a833     2a0 (0000a800)     SFO_CAL


GLOBAL SYMBOLS: SORTED ALPHABETICALLY BY Name 

page  address   name                             
----  -------   ----                             
0     0000a825  ADC_cur_1                        
0     0000a826  ADC_cur_2                        
0     0000a827  ADC_cur_3                        
0     0000a828  ADC_cur_4                        
0     000097fb  ADC_init                         
0     0000a821  ADC_pos_1                        
0     0000a822  ADC_pos_2                        
0     0000a823  ADC_pos_3                        
0     0000a824  ADC_pos_4                        
0     000092dc  ADC_setOffsetTrimAll             
0     00009304  ADC_setVREF                      
0     00009ba7  ASYSCTL_init                     
0     000098b1  Board_init                       
0     000092b3  C$$EXIT                          
0     00009c02  CPUTIMER_init                    
0     00009a97  CPUTimer_setEmulationMode        
0     00008a65  Device_enableAllPeripherals      
0     00008f96  Device_init                      
0     00009af0  Device_initGPIO                  
0     00008000  EPWM_init                        
0     00009870  EPWM_setEmulationMode            
0     0000a80d  Ext_Int_Flag                     
0     00009b68  GPIO_init                        
0     00008d1b  GPIO_setAnalogMode               
0     000087c8  GPIO_setControllerCore           
0     00009120  GPIO_setDirectionMode            
0     00008dea  GPIO_setPadConfig                
0     0000907b  GPIO_setPinConfig                
0     000090b2  GPIO_setQualificationMode        
0     00009bf9  INPUTXBAR_init                   
0     00009b0f  INTERRUPT_init                   
0     00009886  Interrupt_defaultHandler         
0     000090e9  Interrupt_enable                 
0     00009b89  Interrupt_illegalOperationHandler
0     0000903e  Interrupt_initModule             
0     00009562  Interrupt_initVectorTable        
0     00009b93  Interrupt_nmiHandler             
0     00009a20  LED_D5_carte_principale_init     
0     00009a34  LED_D6_carte_principale_init     
0     0000a82a  MEP_SF                           
0     0000a829  MEP_ScaleFactor                  
0     00008800  PinMux_init                      
0     00009a48  Push_Button_Start_init           
0     00008337  SFO                              
0     0000a833  SFO_CAL                          
0     00009b9d  SYNC_init                        
0     00000128  SysCtl_delay                     
0     00008d85  SysCtl_getClock                  
0     000096b0  SysCtl_getLowSpeedClock          
0     00008967  SysCtl_isPLLValid                
0     00008e3c  SysCtl_selectOscSource           
0     00008ecb  SysCtl_selectXTAL                
0     00009351  SysCtl_selectXTALSingleEnded     
0     000086a5  SysCtl_setClock                  
0     0000014e  __TI_CINIT_Base                  
0     00000156  __TI_CINIT_Limit                 
0     00000156  __TI_CINIT_Warm                  
0     00000144  __TI_Handler_Table_Base          
0     0000014a  __TI_Handler_Table_Limit         
0     00000600  __TI_STACK_END                   
abs   00000200  __TI_STACK_SIZE                  
0     00009234  __TI_auto_init_nobinit_nopinit   
0     0000a816  __TI_cleanup_ptr                 
0     00009151  __TI_decompress_lzss             
0     00009bb9  __TI_decompress_none             
0     0000a818  __TI_dtors_ptr                   
0     0000a814  __TI_enable_exit_profile_output  
abs   ffffffff  __TI_pprof_out_hndl              
abs   ffffffff  __TI_prof_data_size              
abs   ffffffff  __TI_prof_data_start             
0     00009b43  __TI_zero_init_nomemset          
0     00008b33  __c28xabi_divf                   
n/a   UNDEFED   __c_args__                       
0     00009bde  __error__                        
0     00000400  __stack                          
0     00009b5c  _args_main                       
0     00009817  _c_int00                         
0     0000a81a  _lock                            
0     00009bb8  _nop                             
0     00009bb4  _register_lock                   
0     00009bb0  _register_unlock                 
0     000087ff  _system_post_cinit               
0     00009c08  _system_pre_init                 
0     0000a81c  _unlock                          
0     0000a820  a                                
0     000092b3  abort                            
0     00008528  adcA1ISR                         
0     00000000  code_start                       
0     0000a80c  count_ext_int                    
0     0000a812  duty                             
0     0000a810  dutyFine                         
0     0000a800  ePWM                             
0     00009c05  error                            
0     000092b5  exit                             
0     0000932b  main                             
0     000095d7  memcpy                           
0     00008bbb  myADC0_init                      
0     00008c34  myADC1_init                      
0     00009376  myCPUTIMER0_init                 
0     00009be5  myINPUTXBARINPUT0_init           
0     00009bec  myINPUTXBARINPUT1_init           
0     00009a5c  myLED_D1_init                    
0     00009a70  myLED_D2_init                    
0     0000a80a  start                            
0     0000a80e  state_PIN                        
0     0000a81f  status                           
0     0000a80b  stop                             


GLOBAL SYMBOLS: SORTED BY Symbol Address 

page  address   name                             
----  -------   ----                             
0     00000000  code_start                       
0     00000128  SysCtl_delay                     
0     00000144  __TI_Handler_Table_Base          
0     0000014a  __TI_Handler_Table_Limit         
0     0000014e  __TI_CINIT_Base                  
0     00000156  __TI_CINIT_Limit                 
0     00000156  __TI_CINIT_Warm                  
0     00000400  __stack                          
0     00000600  __TI_STACK_END                   
0     00008000  EPWM_init                        
0     00008337  SFO                              
0     00008528  adcA1ISR                         
0     000086a5  SysCtl_setClock                  
0     000087c8  GPIO_setControllerCore           
0     000087ff  _system_post_cinit               
0     00008800  PinMux_init                      
0     00008967  SysCtl_isPLLValid                
0     00008a65  Device_enableAllPeripherals      
0     00008b33  __c28xabi_divf                   
0     00008bbb  myADC0_init                      
0     00008c34  myADC1_init                      
0     00008d1b  GPIO_setAnalogMode               
0     00008d85  SysCtl_getClock                  
0     00008dea  GPIO_setPadConfig                
0     00008e3c  SysCtl_selectOscSource           
0     00008ecb  SysCtl_selectXTAL                
0     00008f96  Device_init                      
0     0000903e  Interrupt_initModule             
0     0000907b  GPIO_setPinConfig                
0     000090b2  GPIO_setQualificationMode        
0     000090e9  Interrupt_enable                 
0     00009120  GPIO_setDirectionMode            
0     00009151  __TI_decompress_lzss             
0     00009234  __TI_auto_init_nobinit_nopinit   
0     000092b3  C$$EXIT                          
0     000092b3  abort                            
0     000092b5  exit                             
0     000092dc  ADC_setOffsetTrimAll             
0     00009304  ADC_setVREF                      
0     0000932b  main                             
0     00009351  SysCtl_selectXTALSingleEnded     
0     00009376  myCPUTIMER0_init                 
0     00009562  Interrupt_initVectorTable        
0     000095d7  memcpy                           
0     000096b0  SysCtl_getLowSpeedClock          
0     000097fb  ADC_init                         
0     00009817  _c_int00                         
0     00009870  EPWM_setEmulationMode            
0     00009886  Interrupt_defaultHandler         
0     000098b1  Board_init                       
0     00009a20  LED_D5_carte_principale_init     
0     00009a34  LED_D6_carte_principale_init     
0     00009a48  Push_Button_Start_init           
0     00009a5c  myLED_D1_init                    
0     00009a70  myLED_D2_init                    
0     00009a97  CPUTimer_setEmulationMode        
0     00009af0  Device_initGPIO                  
0     00009b0f  INTERRUPT_init                   
0     00009b43  __TI_zero_init_nomemset          
0     00009b5c  _args_main                       
0     00009b68  GPIO_init                        
0     00009b89  Interrupt_illegalOperationHandler
0     00009b93  Interrupt_nmiHandler             
0     00009b9d  SYNC_init                        
0     00009ba7  ASYSCTL_init                     
0     00009bb0  _register_unlock                 
0     00009bb4  _register_lock                   
0     00009bb8  _nop                             
0     00009bb9  __TI_decompress_none             
0     00009bde  __error__                        
0     00009be5  myINPUTXBARINPUT0_init           
0     00009bec  myINPUTXBARINPUT1_init           
0     00009bf9  INPUTXBAR_init                   
0     00009c02  CPUTIMER_init                    
0     00009c05  error                            
0     00009c08  _system_pre_init                 
0     0000a800  ePWM                             
0     0000a80a  start                            
0     0000a80b  stop                             
0     0000a80c  count_ext_int                    
0     0000a80d  Ext_Int_Flag                     
0     0000a80e  state_PIN                        
0     0000a810  dutyFine                         
0     0000a812  duty                             
0     0000a814  __TI_enable_exit_profile_output  
0     0000a816  __TI_cleanup_ptr                 
0     0000a818  __TI_dtors_ptr                   
0     0000a81a  _lock                            
0     0000a81c  _unlock                          
0     0000a81f  status                           
0     0000a820  a                                
0     0000a821  ADC_pos_1                        
0     0000a822  ADC_pos_2                        
0     0000a823  ADC_pos_3                        
0     0000a824  ADC_pos_4                        
0     0000a825  ADC_cur_1                        
0     0000a826  ADC_cur_2                        
0     0000a827  ADC_cur_3                        
0     0000a828  ADC_cur_4                        
0     0000a829  MEP_ScaleFactor                  
0     0000a82a  MEP_SF                           
0     0000a833  SFO_CAL                          
abs   00000200  __TI_STACK_SIZE                  
abs   ffffffff  __TI_pprof_out_hndl              
abs   ffffffff  __TI_prof_data_size              
abs   ffffffff  __TI_prof_data_start             
n/a   UNDEFED   __c_args__                       

[107 symbols]
