<?xml version="1.0" encoding="ISO-8859-1" ?>
<link_info>
   <banner>TMS320C2000 Linker Unix v22.6.1.LTS</banner>
   <copyright>Copyright (c) 1996-2018 Texas Instruments Incorporated</copyright>
   <link_time>0x69c6667d</link_time>
   <link_errors>0x0</link_errors>
   <output_file>Test_pour_carte_principale_4_inducteurs.out</output_file>
   <entry_point>
      <name>code_start</name>
      <address>0x0</address>
   </entry_point>
   <input_file_list>
      <input_file id="fl-2">
         <path>./</path>
         <kind>object</kind>
         <file>FunctionHeader2.obj</file>
         <name>FunctionHeader2.obj</name>
      </input_file>
      <input_file id="fl-3">
         <path>./</path>
         <kind>object</kind>
         <file>Sustentation_Main.obj</file>
         <name>Sustentation_Main.obj</name>
      </input_file>
      <input_file id="fl-4">
         <path>./syscfg/</path>
         <kind>object</kind>
         <file>board.obj</file>
         <name>board.obj</name>
      </input_file>
      <input_file id="fl-5">
         <path>./syscfg/</path>
         <kind>object</kind>
         <file>c2000ware_libraries.obj</file>
         <name>c2000ware_libraries.obj</name>
      </input_file>
      <input_file id="fl-6">
         <path>./device/</path>
         <kind>object</kind>
         <file>device.obj</file>
         <name>device.obj</name>
      </input_file>
      <input_file id="fl-7">
         <path>./device/</path>
         <kind>object</kind>
         <file>f28003x_codestartbranch.obj</file>
         <name>f28003x_codestartbranch.obj</name>
      </input_file>
      <input_file id="fl-e">
         <kind>object</kind>
         <file>&lt;internal&gt;</file>
         <name>&lt;internal&gt;</name>
      </input_file>
      <input_file id="fl-12">
         <path>/home/can/ti/C2000Ware_5_02_00_00/libraries/calibration/hrpwm/f28003x/lib/</path>
         <kind>archive</kind>
         <file>SFO_v8_fpu_lib_build_c28_driverlib_eabi.lib</file>
         <name>SFO_v8_fpu_lib_build_c28_driverlib.obj</name>
      </input_file>
      <input_file id="fl-13">
         <path>/home/can/ti/C2000Ware_5_02_00_00/driverlib/f28003x/driverlib/ccs/Debug/</path>
         <kind>archive</kind>
         <file>driverlib.lib</file>
         <name>adc.obj</name>
      </input_file>
      <input_file id="fl-14">
         <path>/home/can/ti/C2000Ware_5_02_00_00/driverlib/f28003x/driverlib/ccs/Debug/</path>
         <kind>archive</kind>
         <file>driverlib.lib</file>
         <name>cputimer.obj</name>
      </input_file>
      <input_file id="fl-15">
         <path>/home/can/ti/C2000Ware_5_02_00_00/driverlib/f28003x/driverlib/ccs/Debug/</path>
         <kind>archive</kind>
         <file>driverlib.lib</file>
         <name>dcc.obj</name>
      </input_file>
      <input_file id="fl-16">
         <path>/home/can/ti/C2000Ware_5_02_00_00/driverlib/f28003x/driverlib/ccs/Debug/</path>
         <kind>archive</kind>
         <file>driverlib.lib</file>
         <name>epwm.obj</name>
      </input_file>
      <input_file id="fl-17">
         <path>/home/can/ti/C2000Ware_5_02_00_00/driverlib/f28003x/driverlib/ccs/Debug/</path>
         <kind>archive</kind>
         <file>driverlib.lib</file>
         <name>gpio.obj</name>
      </input_file>
      <input_file id="fl-18">
         <path>/home/can/ti/C2000Ware_5_02_00_00/driverlib/f28003x/driverlib/ccs/Debug/</path>
         <kind>archive</kind>
         <file>driverlib.lib</file>
         <name>interrupt.obj</name>
      </input_file>
      <input_file id="fl-19">
         <path>/home/can/ti/C2000Ware_5_02_00_00/driverlib/f28003x/driverlib/ccs/Debug/</path>
         <kind>archive</kind>
         <file>driverlib.lib</file>
         <name>sci.obj</name>
      </input_file>
      <input_file id="fl-1a">
         <path>/home/can/ti/C2000Ware_5_02_00_00/driverlib/f28003x/driverlib/ccs/Debug/</path>
         <kind>archive</kind>
         <file>driverlib.lib</file>
         <name>sysctl.obj</name>
      </input_file>
      <input_file id="fl-26">
         <path>/home/can/ti/ccs1260/ccs/tools/compiler/ti-cgt-c2000_22.6.1.LTS/lib/</path>
         <kind>archive</kind>
         <file>rts2800_fpu32_eabi.lib</file>
         <name>e_powf.c.obj</name>
      </input_file>
      <input_file id="fl-27">
         <path>/home/can/ti/ccs1260/ccs/tools/compiler/ti-cgt-c2000_22.6.1.LTS/lib/</path>
         <kind>archive</kind>
         <file>rts2800_fpu32_eabi.lib</file>
         <name>e_sqrtf.c.obj</name>
      </input_file>
      <input_file id="fl-28">
         <path>/home/can/ti/ccs1260/ccs/tools/compiler/ti-cgt-c2000_22.6.1.LTS/lib/</path>
         <kind>archive</kind>
         <file>rts2800_fpu32_eabi.lib</file>
         <name>s_scalbnf.c.obj</name>
      </input_file>
      <input_file id="fl-29">
         <path>/home/can/ti/ccs1260/ccs/tools/compiler/ti-cgt-c2000_22.6.1.LTS/lib/</path>
         <kind>archive</kind>
         <file>rts2800_fpu32_eabi.lib</file>
         <name>s_copysignf.c.obj</name>
      </input_file>
      <input_file id="fl-2a">
         <path>/home/can/ti/ccs1260/ccs/tools/compiler/ti-cgt-c2000_22.6.1.LTS/lib/</path>
         <kind>archive</kind>
         <file>rts2800_fpu32_eabi.lib</file>
         <name>boot28.asm.obj</name>
      </input_file>
      <input_file id="fl-2b">
         <path>/home/can/ti/ccs1260/ccs/tools/compiler/ti-cgt-c2000_22.6.1.LTS/lib/</path>
         <kind>archive</kind>
         <file>rts2800_fpu32_eabi.lib</file>
         <name>fs_div28.asm.obj</name>
      </input_file>
      <input_file id="fl-2c">
         <path>/home/can/ti/ccs1260/ccs/tools/compiler/ti-cgt-c2000_22.6.1.LTS/lib/</path>
         <kind>archive</kind>
         <file>rts2800_fpu32_eabi.lib</file>
         <name>ll_cmp28.asm.obj</name>
      </input_file>
      <input_file id="fl-2d">
         <path>/home/can/ti/ccs1260/ccs/tools/compiler/ti-cgt-c2000_22.6.1.LTS/lib/</path>
         <kind>archive</kind>
         <file>rts2800_fpu32_eabi.lib</file>
         <name>pre_init.c.obj</name>
      </input_file>
      <input_file id="fl-2e">
         <path>/home/can/ti/ccs1260/ccs/tools/compiler/ti-cgt-c2000_22.6.1.LTS/lib/</path>
         <kind>archive</kind>
         <file>rts2800_fpu32_eabi.lib</file>
         <name>autoinit.c.obj</name>
      </input_file>
      <input_file id="fl-2f">
         <path>/home/can/ti/ccs1260/ccs/tools/compiler/ti-cgt-c2000_22.6.1.LTS/lib/</path>
         <kind>archive</kind>
         <file>rts2800_fpu32_eabi.lib</file>
         <name>copy_zero_init.c.obj</name>
      </input_file>
      <input_file id="fl-30">
         <path>/home/can/ti/ccs1260/ccs/tools/compiler/ti-cgt-c2000_22.6.1.LTS/lib/</path>
         <kind>archive</kind>
         <file>rts2800_fpu32_eabi.lib</file>
         <name>copy_decompress_none.c.obj</name>
      </input_file>
      <input_file id="fl-31">
         <path>/home/can/ti/ccs1260/ccs/tools/compiler/ti-cgt-c2000_22.6.1.LTS/lib/</path>
         <kind>archive</kind>
         <file>rts2800_fpu32_eabi.lib</file>
         <name>copy_decompress_lzss.c.obj</name>
      </input_file>
      <input_file id="fl-32">
         <path>/home/can/ti/ccs1260/ccs/tools/compiler/ti-cgt-c2000_22.6.1.LTS/lib/</path>
         <kind>archive</kind>
         <file>rts2800_fpu32_eabi.lib</file>
         <name>exit.c.obj</name>
      </input_file>
      <input_file id="fl-33">
         <path>/home/can/ti/ccs1260/ccs/tools/compiler/ti-cgt-c2000_22.6.1.LTS/lib/</path>
         <kind>archive</kind>
         <file>rts2800_fpu32_eabi.lib</file>
         <name>_lock.c.obj</name>
      </input_file>
      <input_file id="fl-34">
         <path>/home/can/ti/ccs1260/ccs/tools/compiler/ti-cgt-c2000_22.6.1.LTS/lib/</path>
         <kind>archive</kind>
         <file>rts2800_fpu32_eabi.lib</file>
         <name>args_main.c.obj</name>
      </input_file>
      <input_file id="fl-35">
         <path>/home/can/ti/ccs1260/ccs/tools/compiler/ti-cgt-c2000_22.6.1.LTS/lib/</path>
         <kind>archive</kind>
         <file>rts2800_fpu32_eabi.lib</file>
         <name>memset.c.obj</name>
      </input_file>
      <input_file id="fl-36">
         <path>/home/can/ti/ccs1260/ccs/tools/compiler/ti-cgt-c2000_22.6.1.LTS/lib/</path>
         <kind>archive</kind>
         <file>rts2800_fpu32_eabi.lib</file>
         <name>errno.c.obj</name>
      </input_file>
      <input_file id="fl-37">
         <path>/home/can/ti/ccs1260/ccs/tools/compiler/ti-cgt-c2000_22.6.1.LTS/lib/</path>
         <kind>archive</kind>
         <file>rts2800_fpu32_eabi.lib</file>
         <name>cpy_tbl.c.obj</name>
      </input_file>
      <input_file id="fl-38">
         <path>/home/can/ti/ccs1260/ccs/tools/compiler/ti-cgt-c2000_22.6.1.LTS/lib/</path>
         <kind>archive</kind>
         <file>rts2800_fpu32_eabi.lib</file>
         <name>memcpy.c.obj</name>
      </input_file>
      <input_file id="fl-39">
         <path>/home/can/ti/ccs1260/ccs/tools/compiler/ti-cgt-c2000_22.6.1.LTS/lib/</path>
         <kind>archive</kind>
         <file>rts2800_fpu32_eabi.lib</file>
         <name>startup.c.obj</name>
      </input_file>
   </input_file_list>
   <object_component_list>
      <object_component id="oc-26">
         <name>codestart</name>
         <load_address>0x0</load_address>
         <run_address>0x0</run_address>
         <size>0x2</size>
         <input_file_ref idref="fl-7"/>
      </object_component>
      <object_component id="oc-334">
         <name>.TI.ramfunc</name>
         <load_address>0x128</load_address>
         <run_address>0x128</run_address>
         <size>0x4</size>
         <input_file_ref idref="fl-1a"/>
      </object_component>
      <object_component id="oc-2b">
         <name>.text:adcA1ISR</name>
         <load_address>0x8000</load_address>
         <run_address>0x8000</run_address>
         <size>0x7fe</size>
         <input_file_ref idref="fl-3"/>
      </object_component>
      <object_component id="oc-191">
         <name>.text</name>
         <load_address>0x87fe</load_address>
         <run_address>0x87fe</run_address>
         <size>0x2</size>
         <input_file_ref idref="fl-2d"/>
      </object_component>
      <object_component id="oc-1ab">
         <name>.text</name>
         <load_address>0x8800</load_address>
         <run_address>0x8800</run_address>
         <size>0x38c</size>
         <input_file_ref idref="fl-26"/>
      </object_component>
      <object_component id="oc-30f">
         <name>.text:EPWM_init</name>
         <load_address>0x8b8c</load_address>
         <run_address>0x8b8c</run_address>
         <size>0x337</size>
         <input_file_ref idref="fl-4"/>
      </object_component>
      <object_component id="oc-2b8">
         <name>.text:SysCtl_setClock</name>
         <load_address>0x8ec3</load_address>
         <run_address>0x8ec3</run_address>
         <size>0x123</size>
         <input_file_ref idref="fl-1a"/>
      </object_component>
      <object_component id="oc-2c4">
         <name>.text:SysCtl_getLowSpeedClock</name>
         <load_address>0x8fe6</load_address>
         <run_address>0x8fe6</run_address>
         <size>0x1a</size>
         <input_file_ref idref="fl-1a"/>
      </object_component>
      <object_component id="oc-97">
         <name>.text</name>
         <load_address>0x9000</load_address>
         <run_address>0x9000</run_address>
         <size>0x1f1</size>
         <input_file_ref idref="fl-12"/>
      </object_component>
      <object_component id="oc-2d9">
         <name>.text:PinMux_init</name>
         <load_address>0x91f1</load_address>
         <run_address>0x91f1</run_address>
         <size>0x183</size>
         <input_file_ref idref="fl-4"/>
      </object_component>
      <object_component id="oc-341">
         <name>.text:SysCtl_isPLLValid</name>
         <load_address>0x9374</load_address>
         <run_address>0x9374</run_address>
         <size>0xfe</size>
         <input_file_ref idref="fl-1a"/>
      </object_component>
      <object_component id="oc-250">
         <name>.text:init</name>
         <load_address>0x9472</load_address>
         <run_address>0x9472</run_address>
         <size>0xe1</size>
         <input_file_ref idref="fl-3"/>
      </object_component>
      <object_component id="oc-2ca">
         <name>.text:Device_enableAllPeripherals</name>
         <load_address>0x9553</load_address>
         <run_address>0x9553</run_address>
         <size>0xd3</size>
         <input_file_ref idref="fl-6"/>
      </object_component>
      <object_component id="oc-84">
         <name>.text:SendFloatAsText</name>
         <load_address>0x9626</load_address>
         <run_address>0x9626</run_address>
         <size>0x95</size>
         <input_file_ref idref="fl-2"/>
      </object_component>
      <object_component id="oc-219">
         <name>.text</name>
         <load_address>0x96bb</load_address>
         <run_address>0x96bb</run_address>
         <size>0x88</size>
         <input_file_ref idref="fl-2b"/>
      </object_component>
      <object_component id="oc-2fd">
         <name>.text:myADC0_init</name>
         <load_address>0x9743</load_address>
         <run_address>0x9743</run_address>
         <size>0x85</size>
         <input_file_ref idref="fl-4"/>
      </object_component>
      <object_component id="oc-1a5">
         <name>.text:ConvertIntToStr</name>
         <load_address>0x97c8</load_address>
         <run_address>0x97c8</run_address>
         <size>0x38</size>
         <input_file_ref idref="fl-2"/>
      </object_component>
      <object_component id="oc-303">
         <name>.text:myADC1_init</name>
         <load_address>0x9800</load_address>
         <run_address>0x9800</run_address>
         <size>0x81</size>
         <input_file_ref idref="fl-4"/>
      </object_component>
      <object_component id="oc-3d">
         <name>.text:INT_mySCI0_RX_ISR</name>
         <load_address>0x9881</load_address>
         <run_address>0x9881</run_address>
         <size>0x7e</size>
         <input_file_ref idref="fl-3"/>
      </object_component>
      <object_component id="oc-31b">
         <name>.text:mySCI0_init</name>
         <load_address>0x98ff</load_address>
         <run_address>0x98ff</run_address>
         <size>0x76</size>
         <input_file_ref idref="fl-4"/>
      </object_component>
      <object_component id="oc-3dd">
         <name>.text:DCC_setCounterSeeds</name>
         <load_address>0x9975</load_address>
         <run_address>0x9975</run_address>
         <size>0x73</size>
         <input_file_ref idref="fl-1a"/>
      </object_component>
      <object_component id="oc-2d0">
         <name>.text:GPIO_setAnalogMode</name>
         <load_address>0x99e8</load_address>
         <run_address>0x99e8</run_address>
         <size>0x6a</size>
         <input_file_ref idref="fl-17"/>
      </object_component>
      <object_component id="oc-37">
         <name>.text:INT_mySCI0_TX_ISR</name>
         <load_address>0x9a52</load_address>
         <run_address>0x9a52</run_address>
         <size>0x67</size>
         <input_file_ref idref="fl-3"/>
      </object_component>
      <object_component id="oc-2be">
         <name>.text:SysCtl_getClock</name>
         <load_address>0x9ab9</load_address>
         <run_address>0x9ab9</run_address>
         <size>0x65</size>
         <input_file_ref idref="fl-1a"/>
      </object_component>
      <object_component id="oc-11b">
         <name>.text:ftoa</name>
         <load_address>0x9b1e</load_address>
         <run_address>0x9b1e</run_address>
         <size>0x5d</size>
         <input_file_ref idref="fl-2"/>
      </object_component>
      <object_component id="oc-315">
         <name>.text:GPIO_init</name>
         <load_address>0x9b7b</load_address>
         <run_address>0x9b7b</run_address>
         <size>0x58</size>
         <input_file_ref idref="fl-4"/>
      </object_component>
      <object_component id="oc-22d">
         <name>.text</name>
         <load_address>0x9bd3</load_address>
         <run_address>0x9bd3</run_address>
         <size>0x58</size>
         <input_file_ref idref="fl-28"/>
      </object_component>
      <object_component id="oc-355">
         <name>.text:GPIO_setPadConfig</name>
         <load_address>0x9c2b</load_address>
         <run_address>0x9c2b</run_address>
         <size>0x52</size>
         <input_file_ref idref="fl-17"/>
      </object_component>
      <object_component id="oc-287">
         <name>.text:Device_init</name>
         <load_address>0x9c7d</load_address>
         <run_address>0x9c7d</run_address>
         <size>0x4b</size>
         <input_file_ref idref="fl-6"/>
      </object_component>
      <object_component id="oc-335">
         <name>.text:SysCtl_selectOscSource</name>
         <load_address>0x9cc8</load_address>
         <run_address>0x9cc8</run_address>
         <size>0x49</size>
         <input_file_ref idref="fl-1a"/>
      </object_component>
      <object_component id="oc-39f">
         <name>.text:SysCtl_selectXTAL</name>
         <load_address>0x9d11</load_address>
         <run_address>0x9d11</run_address>
         <size>0x46</size>
         <input_file_ref idref="fl-1a"/>
      </object_component>
      <object_component id="oc-ef">
         <name>.text:SCI_clearInterruptStatus</name>
         <load_address>0x9d57</load_address>
         <run_address>0x9d57</run_address>
         <size>0x45</size>
         <input_file_ref idref="fl-19"/>
      </object_component>
      <object_component id="oc-e9">
         <name>.text:SCI_disableInterrupt</name>
         <load_address>0x9d9c</load_address>
         <run_address>0x9d9c</run_address>
         <size>0x45</size>
         <input_file_ref idref="fl-19"/>
      </object_component>
      <object_component id="oc-438">
         <name>.text:SysCtl_pollX1Counter</name>
         <load_address>0x9de1</load_address>
         <run_address>0x9de1</run_address>
         <size>0x45</size>
         <input_file_ref idref="fl-1a"/>
      </object_component>
      <object_component id="oc-121">
         <name>.text:SCI_enableInterrupt</name>
         <load_address>0x9e26</load_address>
         <run_address>0x9e26</run_address>
         <size>0x44</size>
         <input_file_ref idref="fl-19"/>
      </object_component>
      <object_component id="oc-390">
         <name>.text:SCI_setConfig</name>
         <load_address>0x9e6a</load_address>
         <run_address>0x9e6a</run_address>
         <size>0x3e</size>
         <input_file_ref idref="fl-19"/>
      </object_component>
      <object_component id="oc-293">
         <name>.text:Interrupt_initModule</name>
         <load_address>0x9ea8</load_address>
         <run_address>0x9ea8</run_address>
         <size>0x3d</size>
         <input_file_ref idref="fl-18"/>
      </object_component>
      <object_component id="oc-b5">
         <name>.text:IIR_Filter</name>
         <load_address>0x9ee5</load_address>
         <run_address>0x9ee5</run_address>
         <size>0x3b</size>
         <input_file_ref idref="fl-2"/>
      </object_component>
      <object_component id="oc-cd">
         <name>.text:PI_current_regulator</name>
         <load_address>0x9f20</load_address>
         <run_address>0x9f20</run_address>
         <size>0x39</size>
         <input_file_ref idref="fl-2"/>
      </object_component>
      <object_component id="oc-389">
         <name>.text:GPIO_setControllerCore</name>
         <load_address>0x9f59</load_address>
         <run_address>0x9f59</run_address>
         <size>0x37</size>
         <input_file_ref idref="fl-17"/>
      </object_component>
      <object_component id="oc-397">
         <name>.text:GPIO_setInterruptPin</name>
         <load_address>0x9f90</load_address>
         <run_address>0x9f90</run_address>
         <size>0x37</size>
         <input_file_ref idref="fl-17"/>
      </object_component>
      <object_component id="oc-34f">
         <name>.text:GPIO_setPinConfig</name>
         <load_address>0x9fc7</load_address>
         <run_address>0x9fc7</run_address>
         <size>0x37</size>
         <input_file_ref idref="fl-17"/>
      </object_component>
      <object_component id="oc-23b">
         <name>.text</name>
         <load_address>0x9ffe</load_address>
         <run_address>0x9ffe</run_address>
         <size>0x1</size>
         <input_file_ref idref="fl-39"/>
      </object_component>
      <object_component id="oc-35b">
         <name>.text:GPIO_setQualificationMode</name>
         <load_address>0xa000</load_address>
         <run_address>0xa000</run_address>
         <size>0x37</size>
         <input_file_ref idref="fl-17"/>
      </object_component>
      <object_component id="oc-de">
         <name>.text:Interrupt_enable</name>
         <load_address>0xa037</load_address>
         <run_address>0xa037</run_address>
         <size>0x37</size>
         <input_file_ref idref="fl-18"/>
      </object_component>
      <object_component id="oc-309">
         <name>.text:myCPUTIMER0_init</name>
         <load_address>0xa06e</load_address>
         <run_address>0xa06e</run_address>
         <size>0x34</size>
         <input_file_ref idref="fl-4"/>
      </object_component>
      <object_component id="oc-37c">
         <name>.text:EPWM_setActionQualifierAction</name>
         <load_address>0xa0a2</load_address>
         <run_address>0xa0a2</run_address>
         <size>0x33</size>
         <input_file_ref idref="fl-4"/>
      </object_component>
      <object_component id="oc-383">
         <name>.text:GPIO_setDirectionMode</name>
         <load_address>0xa0d5</load_address>
         <run_address>0xa0d5</run_address>
         <size>0x31</size>
         <input_file_ref idref="fl-17"/>
      </object_component>
      <object_component id="oc-19">
         <name>.text:decompress:lzss</name>
         <load_address>0xa106</load_address>
         <run_address>0xa106</run_address>
         <size>0x30</size>
         <input_file_ref idref="fl-31"/>
      </object_component>
      <object_component id="oc-31">
         <name>.text:INTERRUPT_init</name>
         <load_address>0xa136</load_address>
         <run_address>0xa136</run_address>
         <size>0x2d</size>
         <input_file_ref idref="fl-4"/>
      </object_component>
      <object_component id="oc-417">
         <name>.text:EPWM_isBaseValid</name>
         <load_address>0xa163</load_address>
         <run_address>0xa163</run_address>
         <size>0x2b</size>
         <input_file_ref idref="fl-16"/>
      </object_component>
      <object_component id="oc-1d2">
         <name>.text:__TI_auto_init_nobinit_nopinit</name>
         <load_address>0xa18e</load_address>
         <run_address>0xa18e</run_address>
         <size>0x2b</size>
         <input_file_ref idref="fl-2e"/>
      </object_component>
      <object_component id="oc-431">
         <name>.text:XBAR_setInputPin</name>
         <load_address>0xa1b9</load_address>
         <run_address>0xa1b9</run_address>
         <size>0x2a</size>
         <input_file_ref idref="fl-17"/>
      </object_component>
      <object_component id="oc-19e">
         <name>.text</name>
         <load_address>0xa1e3</load_address>
         <run_address>0xa1e3</run_address>
         <size>0x29</size>
         <input_file_ref idref="fl-32"/>
      </object_component>
      <object_component id="oc-406">
         <name>.text:ADC_setOffsetTrimAll</name>
         <load_address>0xa20c</load_address>
         <run_address>0xa20c</run_address>
         <size>0x28</size>
         <input_file_ref idref="fl-13"/>
      </object_component>
      <object_component id="oc-367">
         <name>.text:ADC_setVREF</name>
         <load_address>0xa234</load_address>
         <run_address>0xa234</run_address>
         <size>0x27</size>
         <input_file_ref idref="fl-13"/>
      </object_component>
      <object_component id="oc-21e">
         <name>.text</name>
         <load_address>0xa25c</load_address>
         <run_address>0xa25c</run_address>
         <size>0x27</size>
         <input_file_ref idref="fl-27"/>
      </object_component>
      <object_component id="oc-3a5">
         <name>.text:SysCtl_selectXTALSingleEnded</name>
         <load_address>0xa283</load_address>
         <run_address>0xa283</run_address>
         <size>0x25</size>
         <input_file_ref idref="fl-1a"/>
      </object_component>
      <object_component id="oc-3e3">
         <name>.text:DCC_enableSingleShotMode</name>
         <load_address>0xa2a8</load_address>
         <run_address>0xa2a8</run_address>
         <size>0x24</size>
         <input_file_ref idref="fl-1a"/>
      </object_component>
      <object_component id="oc-a0">
         <name>.text:savitzky_Filter</name>
         <load_address>0xa2cc</load_address>
         <run_address>0xa2cc</run_address>
         <size>0x22</size>
         <input_file_ref idref="fl-2"/>
      </object_component>
      <object_component id="oc-299">
         <name>.text:Board_init</name>
         <load_address>0xa2ee</load_address>
         <run_address>0xa2ee</run_address>
         <size>0x1f</size>
         <input_file_ref idref="fl-4"/>
      </object_component>
      <object_component id="oc-3d1">
         <name>.text:DCC_setCounter0ClkSource</name>
         <load_address>0xa30d</load_address>
         <run_address>0xa30d</run_address>
         <size>0x1e</size>
         <input_file_ref idref="fl-1a"/>
      </object_component>
      <object_component id="oc-3d7">
         <name>.text:DCC_setCounter1ClkSource</name>
         <load_address>0xa32b</load_address>
         <run_address>0xa32b</run_address>
         <size>0x1e</size>
         <input_file_ref idref="fl-1a"/>
      </object_component>
      <object_component id="oc-4a">
         <name>.text:Interrupt_initVectorTable</name>
         <load_address>0xa349</load_address>
         <run_address>0xa349</run_address>
         <size>0x1e</size>
         <input_file_ref idref="fl-18"/>
      </object_component>
      <object_component id="oc-64">
         <name>.text</name>
         <load_address>0xa367</load_address>
         <run_address>0xa367</run_address>
         <size>0x1d</size>
         <input_file_ref idref="fl-38"/>
      </object_component>
      <object_component id="oc-467">
         <name>.text:XBAR_isBaseValid</name>
         <load_address>0xa384</load_address>
         <run_address>0xa384</run_address>
         <size>0x1b</size>
         <input_file_ref idref="fl-17"/>
      </object_component>
      <object_component id="oc-33b">
         <name>.text:SysCtl_setPLLSysClk</name>
         <load_address>0xa39f</load_address>
         <run_address>0xa39f</run_address>
         <size>0x19</size>
         <input_file_ref idref="fl-1a"/>
      </object_component>
      <object_component id="oc-424">
         <name>.text:SCI_disableModule</name>
         <load_address>0xa3b8</load_address>
         <run_address>0xa3b8</run_address>
         <size>0x18</size>
         <input_file_ref idref="fl-19"/>
      </object_component>
      <object_component id="oc-17d">
         <name>.text:SCI_performSoftwareReset</name>
         <load_address>0xa3d0</load_address>
         <run_address>0xa3d0</run_address>
         <size>0x18</size>
         <input_file_ref idref="fl-19"/>
      </object_component>
      <object_component id="oc-3ff">
         <name>.text:ADC_isBaseValid</name>
         <load_address>0xa3e8</load_address>
         <run_address>0xa3e8</run_address>
         <size>0x17</size>
         <input_file_ref idref="fl-13"/>
      </object_component>
      <object_component id="oc-40e">
         <name>.text:CPUTimer_isBaseValid</name>
         <load_address>0xa3ff</load_address>
         <run_address>0xa3ff</run_address>
         <size>0x17</size>
         <input_file_ref idref="fl-14"/>
      </object_component>
      <object_component id="oc-3ad">
         <name>.text:SysCtl_enablePeripheral</name>
         <load_address>0xa416</load_address>
         <run_address>0xa416</run_address>
         <size>0x17</size>
         <input_file_ref idref="fl-1a"/>
      </object_component>
      <object_component id="oc-111">
         <name>.text</name>
         <load_address>0xa42d</load_address>
         <run_address>0xa42d</run_address>
         <size>0x17</size>
         <input_file_ref idref="fl-2a"/>
      </object_component>
      <object_component id="oc-3cb">
         <name>.text:DCC_disableDoneSignal</name>
         <load_address>0xa444</load_address>
         <run_address>0xa444</run_address>
         <size>0x16</size>
         <input_file_ref idref="fl-1a"/>
      </object_component>
      <object_component id="oc-376">
         <name>.text:EPWM_setEmulationMode</name>
         <load_address>0xa45a</load_address>
         <run_address>0xa45a</run_address>
         <size>0x16</size>
         <input_file_ref idref="fl-16"/>
      </object_component>
      <object_component id="oc-49">
         <name>.text:Interrupt_defaultHandler</name>
         <load_address>0xa470</load_address>
         <run_address>0xa470</run_address>
         <size>0x16</size>
         <input_file_ref idref="fl-18"/>
      </object_component>
      <object_component id="oc-3b9">
         <name>.text:DCC_clearDoneFlag</name>
         <load_address>0xa486</load_address>
         <run_address>0xa486</run_address>
         <size>0x15</size>
         <input_file_ref idref="fl-1a"/>
      </object_component>
      <object_component id="oc-3b3">
         <name>.text:DCC_clearErrorFlag</name>
         <load_address>0xa49b</load_address>
         <run_address>0xa49b</run_address>
         <size>0x15</size>
         <input_file_ref idref="fl-1a"/>
      </object_component>
      <object_component id="oc-3c5">
         <name>.text:DCC_disableErrorSignal</name>
         <load_address>0xa4b0</load_address>
         <run_address>0xa4b0</run_address>
         <size>0x15</size>
         <input_file_ref idref="fl-1a"/>
      </object_component>
      <object_component id="oc-447">
         <name>.text:DCC_isBaseValid</name>
         <load_address>0xa4c5</load_address>
         <run_address>0xa4c5</run_address>
         <size>0x15</size>
         <input_file_ref idref="fl-1a"/>
      </object_component>
      <object_component id="oc-212">
         <name>.text:reverse</name>
         <load_address>0xa4da</load_address>
         <run_address>0xa4da</run_address>
         <size>0x15</size>
         <input_file_ref idref="fl-2"/>
      </object_component>
      <object_component id="oc-3bf">
         <name>.text:DCC_disableModule</name>
         <load_address>0xa4ef</load_address>
         <run_address>0xa4ef</run_address>
         <size>0x14</size>
         <input_file_ref idref="fl-1a"/>
      </object_component>
      <object_component id="oc-3e9">
         <name>.text:DCC_enableModule</name>
         <load_address>0xa503</load_address>
         <run_address>0xa503</run_address>
         <size>0x14</size>
         <input_file_ref idref="fl-1a"/>
      </object_component>
      <object_component id="oc-3f7">
         <name>.text:GPIO_isPinValid</name>
         <load_address>0xa517</load_address>
         <run_address>0xa517</run_address>
         <size>0x14</size>
         <input_file_ref idref="fl-17"/>
      </object_component>
      <object_component id="oc-43">
         <name>.text:INT_Push_Button_Start_XINT_ISR</name>
         <load_address>0xa52b</load_address>
         <run_address>0xa52b</run_address>
         <size>0x14</size>
         <input_file_ref idref="fl-3"/>
      </object_component>
      <object_component id="oc-36f">
         <name>.text:CPUTimer_setEmulationMode</name>
         <load_address>0xa53f</load_address>
         <run_address>0xa53f</run_address>
         <size>0x13</size>
         <input_file_ref idref="fl-14"/>
      </object_component>
      <object_component id="oc-42a">
         <name>.text:SCI_enableModule</name>
         <load_address>0xa552</load_address>
         <run_address>0xa552</run_address>
         <size>0x13</size>
         <input_file_ref idref="fl-19"/>
      </object_component>
      <object_component id="oc-174">
         <name>.text:SCI_isBaseValid</name>
         <load_address>0xa565</load_address>
         <run_address>0xa565</run_address>
         <size>0x13</size>
         <input_file_ref idref="fl-19"/>
      </object_component>
      <object_component id="oc-2f1">
         <name>.text:SYNC_init</name>
         <load_address>0xa578</load_address>
         <run_address>0xa578</run_address>
         <size>0x11</size>
         <input_file_ref idref="fl-4"/>
      </object_component>
      <object_component id="oc-272">
         <name>.text</name>
         <load_address>0xa589</load_address>
         <run_address>0xa589</run_address>
         <size>0x11</size>
         <input_file_ref idref="fl-29"/>
      </object_component>
      <object_component id="oc-28d">
         <name>.text:Device_initGPIO</name>
         <load_address>0xa59a</load_address>
         <run_address>0xa59a</run_address>
         <size>0x10</size>
         <input_file_ref idref="fl-6"/>
      </object_component>
      <object_component id="oc-321">
         <name>.text:Push_Button_Start_XINT_init</name>
         <load_address>0xa5aa</load_address>
         <run_address>0xa5aa</run_address>
         <size>0x10</size>
         <input_file_ref idref="fl-4"/>
      </object_component>
      <object_component id="oc-2f7">
         <name>.text:ASYSCTL_init</name>
         <load_address>0xa5ba</load_address>
         <run_address>0xa5ba</run_address>
         <size>0xd</size>
         <input_file_ref idref="fl-4"/>
      </object_component>
      <object_component id="oc-162">
         <name>.text:Interrupt_disableGlobal</name>
         <load_address>0xa5c7</load_address>
         <run_address>0xa5c7</run_address>
         <size>0xd</size>
         <input_file_ref idref="fl-18"/>
      </object_component>
      <object_component id="oc-168">
         <name>.text:Interrupt_enableGlobal</name>
         <load_address>0xa5d4</load_address>
         <run_address>0xa5d4</run_address>
         <size>0xd</size>
         <input_file_ref idref="fl-18"/>
      </object_component>
      <object_component id="oc-6c">
         <name>.text:decompress:ZI:__TI_zero_init_nomemset</name>
         <load_address>0xa5e1</load_address>
         <run_address>0xa5e1</run_address>
         <size>0xd</size>
         <input_file_ref idref="fl-2f"/>
      </object_component>
      <object_component id="oc-198">
         <name>.text</name>
         <load_address>0xa5ee</load_address>
         <run_address>0xa5ee</run_address>
         <size>0xc</size>
         <input_file_ref idref="fl-34"/>
      </object_component>
      <object_component id="oc-32e">
         <name>.text:SysCtl_isMCDClockFailureDetected</name>
         <load_address>0xa5fa</load_address>
         <run_address>0xa5fa</run_address>
         <size>0xb</size>
         <input_file_ref idref="fl-1a"/>
      </object_component>
      <object_component id="oc-55">
         <name>.text:Interrupt_illegalOperationHandler</name>
         <load_address>0xa605</load_address>
         <run_address>0xa605</run_address>
         <size>0xa</size>
         <input_file_ref idref="fl-18"/>
      </object_component>
      <object_component id="oc-5b">
         <name>.text:Interrupt_nmiHandler</name>
         <load_address>0xa60f</load_address>
         <run_address>0xa60f</run_address>
         <size>0xa</size>
         <input_file_ref idref="fl-18"/>
      </object_component>
      <object_component id="oc-2eb">
         <name>.text:myINPUTXBARINPUT2_init</name>
         <load_address>0xa619</load_address>
         <run_address>0xa619</run_address>
         <size>0x9</size>
         <input_file_ref idref="fl-4"/>
      </object_component>
      <object_component id="oc-25c">
         <name>.text</name>
         <load_address>0xa622</load_address>
         <run_address>0xa622</run_address>
         <size>0x9</size>
         <input_file_ref idref="fl-33"/>
      </object_component>
      <object_component id="oc-1f">
         <name>.text:decompress:none</name>
         <load_address>0xa62b</load_address>
         <run_address>0xa62b</run_address>
         <size>0x8</size>
         <input_file_ref idref="fl-30"/>
      </object_component>
      <object_component id="oc-78">
         <name>.text</name>
         <load_address>0xa633</load_address>
         <run_address>0xa633</run_address>
         <size>0x8</size>
         <input_file_ref idref="fl-7"/>
      </object_component>
      <object_component id="oc-43e">
         <name>.text:SysCtl_resetMCD</name>
         <load_address>0xa63b</load_address>
         <run_address>0xa63b</run_address>
         <size>0x7</size>
         <input_file_ref idref="fl-1a"/>
      </object_component>
      <object_component id="oc-2df">
         <name>.text:myINPUTXBARINPUT0_init</name>
         <load_address>0xa642</load_address>
         <run_address>0xa642</run_address>
         <size>0x6</size>
         <input_file_ref idref="fl-4"/>
      </object_component>
      <object_component id="oc-2e5">
         <name>.text:myINPUTXBARINPUT1_init</name>
         <load_address>0xa648</load_address>
         <run_address>0xa648</run_address>
         <size>0x6</size>
         <input_file_ref idref="fl-4"/>
      </object_component>
      <object_component id="oc-91">
         <name>.text:__error__</name>
         <load_address>0xa64e</load_address>
         <run_address>0xa64e</run_address>
         <size>0x3</size>
         <input_file_ref idref="fl-6"/>
      </object_component>
      <object_component id="oc-d6">
         <name>.text:error</name>
         <load_address>0xa651</load_address>
         <run_address>0xa651</run_address>
         <size>0x3</size>
         <input_file_ref idref="fl-3"/>
      </object_component>
      <object_component id="oc-202">
         <name>.text:main</name>
         <load_address>0xa654</load_address>
         <run_address>0xa654</run_address>
         <size>0x3</size>
         <input_file_ref idref="fl-3"/>
      </object_component>
      <object_component id="oc-4a1">
         <name>.cinit..data.load</name>
         <load_address>0x12c</load_address>
         <run_address>0x12c</run_address>
         <size>0x3b</size>
      </object_component>
      <object_component id="oc-49e">
         <name>__TI_handler_table</name>
         <load_address>0x168</load_address>
         <run_address>0x168</run_address>
         <size>0x6</size>
      </object_component>
      <object_component id="oc-4a0">
         <name>.cinit..bss.load</name>
         <load_address>0x16e</load_address>
         <run_address>0x16e</run_address>
         <size>0x4</size>
      </object_component>
      <object_component id="oc-49f">
         <name>__TI_cinit_table</name>
         <load_address>0x172</load_address>
         <run_address>0x172</run_address>
         <size>0x8</size>
      </object_component>
      <object_component id="oc-61">
         <name>.stack</name>
         <uninitialized>true</uninitialized>
         <run_address>0x400</run_address>
         <size>0x0</size>
         <input_file_ref idref="fl-2a"/>
      </object_component>
      <object_component id="oc-4a2">
         <name>.stack</name>
         <uninitialized>true</uninitialized>
         <run_address>0x400</run_address>
         <size>0x0</size>
      </object_component>
      <object_component id="oc-7e">
         <name>.bss</name>
         <uninitialized>true</uninitialized>
         <run_address>0xa9ca</run_address>
         <size>0xa</size>
         <input_file_ref idref="fl-3"/>
      </object_component>
      <object_component id="oc-e6">
         <name>.bss:txBuffer</name>
         <uninitialized>true</uninitialized>
         <run_address>0xa98a</run_address>
         <size>0x40</size>
         <input_file_ref idref="fl-3"/>
      </object_component>
      <object_component id="oc-f6">
         <name>.bss:rxBuffer</name>
         <uninitialized>true</uninitialized>
         <run_address>0xa94a</run_address>
         <size>0x40</size>
         <input_file_ref idref="fl-3"/>
      </object_component>
      <object_component id="oc-12f">
         <name>.bss</name>
         <uninitialized>true</uninitialized>
         <run_address>0xa9dd</run_address>
         <size>0x5</size>
         <input_file_ref idref="fl-12"/>
      </object_component>
      <object_component id="oc-133">
         <name>.bss:MEP_SF</name>
         <uninitialized>true</uninitialized>
         <run_address>0xa9d4</run_address>
         <size>0x9</size>
         <input_file_ref idref="fl-12"/>
      </object_component>
      <object_component id="oc-32d">
         <name>.const:.string</name>
         <load_address>0xa9e2</load_address>
         <run_address>0xa9e2</run_address>
         <size>0x9a</size>
         <input_file_ref idref="fl-1a"/>
      </object_component>
      <object_component id="oc-41d">
         <name>.const:.string</name>
         <load_address>0xaa7c</load_address>
         <run_address>0xaa7c</run_address>
         <size>0x98</size>
         <input_file_ref idref="fl-16"/>
      </object_component>
      <object_component id="oc-34c">
         <name>.const:.string</name>
         <load_address>0xab14</load_address>
         <run_address>0xab14</run_address>
         <size>0x98</size>
         <input_file_ref idref="fl-17"/>
      </object_component>
      <object_component id="oc-17a">
         <name>.const:.string</name>
         <load_address>0xabac</load_address>
         <run_address>0xabac</run_address>
         <size>0x97</size>
         <input_file_ref idref="fl-19"/>
      </object_component>
      <object_component id="oc-414">
         <name>.const:.string</name>
         <load_address>0xac44</load_address>
         <run_address>0xac44</run_address>
         <size>0x50</size>
         <input_file_ref idref="fl-14"/>
      </object_component>
      <object_component id="oc-405">
         <name>.const:.string</name>
         <load_address>0xac94</load_address>
         <run_address>0xac94</run_address>
         <size>0x4b</size>
         <input_file_ref idref="fl-13"/>
      </object_component>
      <object_component id="oc-90">
         <name>.const:.string</name>
         <load_address>0xace0</load_address>
         <run_address>0xace0</run_address>
         <size>0x46</size>
         <input_file_ref idref="fl-3"/>
      </object_component>
      <object_component id="oc-420">
         <name>.const:.string</name>
         <load_address>0xad26</load_address>
         <run_address>0xad26</run_address>
         <size>0x45</size>
         <input_file_ref idref="fl-4"/>
      </object_component>
      <object_component id="oc-13a">
         <name>.const:SAVITZKY</name>
         <load_address>0xad6c</load_address>
         <run_address>0xad6c</run_address>
         <size>0x12</size>
         <input_file_ref idref="fl-2"/>
      </object_component>
      <object_component id="oc-8a">
         <name>.const:duty_cycle_table</name>
         <load_address>0xad7e</load_address>
         <run_address>0xad7e</run_address>
         <size>0x8</size>
         <input_file_ref idref="fl-3"/>
      </object_component>
      <object_component id="oc-8d">
         <name>.const:ePWM</name>
         <load_address>0xad86</load_address>
         <run_address>0xad86</run_address>
         <size>0x8</size>
         <input_file_ref idref="fl-3"/>
      </object_component>
      <object_component id="oc-224">
         <name>.const:bp</name>
         <load_address>0xad8e</load_address>
         <run_address>0xad8e</run_address>
         <size>0x4</size>
         <input_file_ref idref="fl-26"/>
      </object_component>
      <object_component id="oc-22a">
         <name>.const:dp_h</name>
         <load_address>0xad92</load_address>
         <run_address>0xad92</run_address>
         <size>0x4</size>
         <input_file_ref idref="fl-26"/>
      </object_component>
      <object_component id="oc-227">
         <name>.const:dp_l</name>
         <load_address>0xad96</load_address>
         <run_address>0xad96</run_address>
         <size>0x4</size>
         <input_file_ref idref="fl-26"/>
      </object_component>
      <object_component id="oc-148">
         <name>.data:a</name>
         <load_address>0xa940</load_address>
         <run_address>0xa940</run_address>
         <size>0x4</size>
         <input_file_ref idref="fl-2"/>
      </object_component>
      <object_component id="oc-14b">
         <name>.data:b</name>
         <load_address>0xa924</load_address>
         <run_address>0xa924</run_address>
         <size>0x6</size>
         <input_file_ref idref="fl-2"/>
      </object_component>
      <object_component id="oc-81">
         <name>.data</name>
         <load_address>0xa800</load_address>
         <run_address>0xa800</run_address>
         <size>0xbc</size>
         <input_file_ref idref="fl-3"/>
      </object_component>
      <object_component id="oc-b2">
         <name>.data:OUT1</name>
         <load_address>0xa930</load_address>
         <run_address>0xa930</run_address>
         <size>0x4</size>
         <input_file_ref idref="fl-3"/>
      </object_component>
      <object_component id="oc-be">
         <name>.data:OUT2</name>
         <load_address>0xa934</load_address>
         <run_address>0xa934</run_address>
         <size>0x4</size>
         <input_file_ref idref="fl-3"/>
      </object_component>
      <object_component id="oc-c4">
         <name>.data:OUT3</name>
         <load_address>0xa938</load_address>
         <run_address>0xa938</run_address>
         <size>0x4</size>
         <input_file_ref idref="fl-3"/>
      </object_component>
      <object_component id="oc-ca">
         <name>.data:OUT4</name>
         <load_address>0xa93c</load_address>
         <run_address>0xa93c</run_address>
         <size>0x4</size>
         <input_file_ref idref="fl-3"/>
      </object_component>
      <object_component id="oc-af">
         <name>.data:IN1</name>
         <load_address>0xa90c</load_address>
         <run_address>0xa90c</run_address>
         <size>0x6</size>
         <input_file_ref idref="fl-3"/>
      </object_component>
      <object_component id="oc-bb">
         <name>.data:IN2</name>
         <load_address>0xa912</load_address>
         <run_address>0xa912</run_address>
         <size>0x6</size>
         <input_file_ref idref="fl-3"/>
      </object_component>
      <object_component id="oc-c1">
         <name>.data:IN3</name>
         <load_address>0xa918</load_address>
         <run_address>0xa918</run_address>
         <size>0x6</size>
         <input_file_ref idref="fl-3"/>
      </object_component>
      <object_component id="oc-c7">
         <name>.data:IN4</name>
         <load_address>0xa91e</load_address>
         <run_address>0xa91e</run_address>
         <size>0x6</size>
         <input_file_ref idref="fl-3"/>
      </object_component>
      <object_component id="oc-d3">
         <name>.data:duty_table</name>
         <load_address>0xa904</load_address>
         <run_address>0xa904</run_address>
         <size>0x8</size>
         <input_file_ref idref="fl-3"/>
      </object_component>
      <object_component id="oc-9d">
         <name>.data:pos1Buff</name>
         <load_address>0xa8bc</load_address>
         <run_address>0xa8bc</run_address>
         <size>0x12</size>
         <input_file_ref idref="fl-3"/>
      </object_component>
      <object_component id="oc-a6">
         <name>.data:pos2Buff</name>
         <load_address>0xa8ce</load_address>
         <run_address>0xa8ce</run_address>
         <size>0x12</size>
         <input_file_ref idref="fl-3"/>
      </object_component>
      <object_component id="oc-a9">
         <name>.data:pos3Buff</name>
         <load_address>0xa8e0</load_address>
         <run_address>0xa8e0</run_address>
         <size>0x12</size>
         <input_file_ref idref="fl-3"/>
      </object_component>
      <object_component id="oc-ac">
         <name>.data:pos4Buff</name>
         <load_address>0xa8f2</load_address>
         <run_address>0xa8f2</run_address>
         <size>0x12</size>
         <input_file_ref idref="fl-3"/>
      </object_component>
      <object_component id="oc-132">
         <name>.data</name>
         <load_address>0xa948</load_address>
         <run_address>0xa948</run_address>
         <size>0x1</size>
         <input_file_ref idref="fl-12"/>
      </object_component>
      <object_component id="oc-20a">
         <name>.data</name>
         <load_address>0xa92a</load_address>
         <run_address>0xa92a</run_address>
         <size>0x6</size>
         <input_file_ref idref="fl-32"/>
      </object_component>
      <object_component id="oc-20d">
         <name>.data:_lock</name>
         <load_address>0xa944</load_address>
         <run_address>0xa944</run_address>
         <size>0x2</size>
         <input_file_ref idref="fl-33"/>
      </object_component>
      <object_component id="oc-2a0">
         <name>.data:_unlock</name>
         <load_address>0xa946</load_address>
         <run_address>0xa946</run_address>
         <size>0x2</size>
         <input_file_ref idref="fl-33"/>
      </object_component>
      <object_component id="oc-233">
         <name>.data</name>
         <load_address>0xa949</load_address>
         <run_address>0xa949</run_address>
         <size>0x1</size>
         <input_file_ref idref="fl-36"/>
      </object_component>
      <object_component id="oc-128">
         <name>.debug_types</name>
         <load_address>0x0</load_address>
         <run_address>0x0</run_address>
         <size>0x708</size>
         <input_file_ref idref="fl-2"/>
      </object_component>
      <object_component id="oc-dd">
         <name>.debug_types</name>
         <load_address>0x708</load_address>
         <run_address>0x708</run_address>
         <size>0xee7</size>
         <input_file_ref idref="fl-3"/>
      </object_component>
      <object_component id="oc-e5">
         <name>.debug_types</name>
         <load_address>0x15ef</load_address>
         <run_address>0x15ef</run_address>
         <size>0x213a</size>
         <input_file_ref idref="fl-4"/>
      </object_component>
      <object_component id="oc-12e">
         <name>.debug_types</name>
         <load_address>0x3729</load_address>
         <run_address>0x3729</run_address>
         <size>0x49f</size>
         <input_file_ref idref="fl-6"/>
      </object_component>
      <object_component id="oc-137">
         <name>.debug_types</name>
         <load_address>0x3bc8</load_address>
         <run_address>0x3bc8</run_address>
         <size>0xce</size>
         <input_file_ref idref="fl-12"/>
      </object_component>
      <object_component id="oc-40d">
         <name>.debug_types</name>
         <load_address>0x3c96</load_address>
         <run_address>0x3c96</run_address>
         <size>0x17c</size>
         <input_file_ref idref="fl-13"/>
      </object_component>
      <object_component id="oc-416">
         <name>.debug_types</name>
         <load_address>0x0</load_address>
         <run_address>0x0</run_address>
         <size>0x0</size>
         <input_file_ref idref="fl-14"/>
      </object_component>
      <object_component id="oc-41f">
         <name>.debug_types</name>
         <load_address>0x3e12</load_address>
         <run_address>0x3e12</run_address>
         <size>0x19d</size>
         <input_file_ref idref="fl-16"/>
      </object_component>
      <object_component id="oc-34e">
         <name>.debug_types</name>
         <load_address>0x3faf</load_address>
         <run_address>0x3faf</run_address>
         <size>0x5a</size>
         <input_file_ref idref="fl-17"/>
      </object_component>
      <object_component id="oc-fc">
         <name>.debug_types</name>
         <load_address>0x0</load_address>
         <run_address>0x0</run_address>
         <size>0x0</size>
         <input_file_ref idref="fl-18"/>
      </object_component>
      <object_component id="oc-17c">
         <name>.debug_types</name>
         <load_address>0x4009</load_address>
         <run_address>0x4009</run_address>
         <size>0xb8</size>
         <input_file_ref idref="fl-19"/>
      </object_component>
      <object_component id="oc-348">
         <name>.debug_types</name>
         <load_address>0x40c1</load_address>
         <run_address>0x40c1</run_address>
         <size>0x768</size>
         <input_file_ref idref="fl-1a"/>
      </object_component>
      <object_component id="oc-237">
         <name>.debug_types</name>
         <load_address>0x4829</load_address>
         <run_address>0x4829</run_address>
         <size>0x32</size>
         <input_file_ref idref="fl-26"/>
      </object_component>
      <object_component id="oc-26b">
         <name>.debug_types</name>
         <load_address>0x0</load_address>
         <run_address>0x0</run_address>
         <size>0x0</size>
         <input_file_ref idref="fl-27"/>
      </object_component>
      <object_component id="oc-279">
         <name>.debug_types</name>
         <load_address>0x0</load_address>
         <run_address>0x0</run_address>
         <size>0x0</size>
         <input_file_ref idref="fl-28"/>
      </object_component>
      <object_component id="oc-2ab">
         <name>.debug_types</name>
         <load_address>0x0</load_address>
         <run_address>0x0</run_address>
         <size>0x0</size>
         <input_file_ref idref="fl-29"/>
      </object_component>
      <object_component id="oc-1d1">
         <name>.debug_types</name>
         <load_address>0x0</load_address>
         <run_address>0x0</run_address>
         <size>0x0</size>
         <input_file_ref idref="fl-2d"/>
      </object_component>
      <object_component id="oc-242">
         <name>.debug_types</name>
         <load_address>0x485b</load_address>
         <run_address>0x485b</run_address>
         <size>0x45f</size>
         <input_file_ref idref="fl-2e"/>
      </object_component>
      <object_component id="oc-109">
         <name>.debug_types</name>
         <load_address>0x4cba</load_address>
         <run_address>0x4cba</run_address>
         <size>0x1f3</size>
         <input_file_ref idref="fl-2f"/>
      </object_component>
      <object_component id="oc-6b">
         <name>.debug_types</name>
         <load_address>0x0</load_address>
         <run_address>0x0</run_address>
         <size>0x0</size>
         <input_file_ref idref="fl-30"/>
      </object_component>
      <object_component id="oc-63">
         <name>.debug_types</name>
         <load_address>0x4ead</load_address>
         <run_address>0x4ead</run_address>
         <size>0x191</size>
         <input_file_ref idref="fl-31"/>
      </object_component>
      <object_component id="oc-211">
         <name>.debug_types</name>
         <load_address>0x503e</load_address>
         <run_address>0x503e</run_address>
         <size>0x90</size>
         <input_file_ref idref="fl-32"/>
      </object_component>
      <object_component id="oc-264">
         <name>.debug_types</name>
         <load_address>0x50ce</load_address>
         <run_address>0x50ce</run_address>
         <size>0x2f</size>
         <input_file_ref idref="fl-33"/>
      </object_component>
      <object_component id="oc-209">
         <name>.debug_types</name>
         <load_address>0x50fd</load_address>
         <run_address>0x50fd</run_address>
         <size>0xe1</size>
         <input_file_ref idref="fl-34"/>
      </object_component>
      <object_component id="oc-27c">
         <name>.debug_types</name>
         <load_address>0x0</load_address>
         <run_address>0x0</run_address>
         <size>0x0</size>
         <input_file_ref idref="fl-36"/>
      </object_component>
      <object_component id="oc-104">
         <name>.debug_types</name>
         <load_address>0x51de</load_address>
         <run_address>0x51de</run_address>
         <size>0xb8</size>
         <input_file_ref idref="fl-38"/>
      </object_component>
      <object_component id="oc-281">
         <name>.debug_types</name>
         <load_address>0x0</load_address>
         <run_address>0x0</run_address>
         <size>0x0</size>
         <input_file_ref idref="fl-39"/>
      </object_component>
      <object_component id="oc-149">
         <name>.debug_info</name>
         <load_address>0x0</load_address>
         <run_address>0x0</run_address>
         <size>0xf8</size>
         <input_file_ref idref="fl-2"/>
      </object_component>
      <object_component id="oc-14c">
         <name>.debug_info</name>
         <load_address>0xf8</load_address>
         <run_address>0xf8</run_address>
         <size>0xf8</size>
         <input_file_ref idref="fl-2"/>
      </object_component>
      <object_component id="oc-13b">
         <name>.debug_info</name>
         <load_address>0x1f0</load_address>
         <run_address>0x1f0</run_address>
         <size>0x106</size>
         <input_file_ref idref="fl-2"/>
      </object_component>
      <object_component id="oc-a1">
         <name>.debug_info</name>
         <load_address>0x2f6</load_address>
         <run_address>0x2f6</run_address>
         <size>0x172</size>
         <input_file_ref idref="fl-2"/>
      </object_component>
      <object_component id="oc-213">
         <name>.debug_info</name>
         <load_address>0x468</load_address>
         <run_address>0x468</run_address>
         <size>0x18e</size>
         <input_file_ref idref="fl-2"/>
      </object_component>
      <object_component id="oc-1a6">
         <name>.debug_info</name>
         <load_address>0x5f6</load_address>
         <run_address>0x5f6</run_address>
         <size>0x1ac</size>
         <input_file_ref idref="fl-2"/>
      </object_component>
      <object_component id="oc-11c">
         <name>.debug_info</name>
         <load_address>0x7a2</load_address>
         <run_address>0x7a2</run_address>
         <size>0x1e3</size>
         <input_file_ref idref="fl-2"/>
      </object_component>
      <object_component id="oc-85">
         <name>.debug_info</name>
         <load_address>0x985</load_address>
         <run_address>0x985</run_address>
         <size>0x20e</size>
         <input_file_ref idref="fl-2"/>
      </object_component>
      <object_component id="oc-ce">
         <name>.debug_info</name>
         <load_address>0xb93</load_address>
         <run_address>0xb93</run_address>
         <size>0x1fd</size>
         <input_file_ref idref="fl-2"/>
      </object_component>
      <object_component id="oc-b6">
         <name>.debug_info</name>
         <load_address>0xd90</load_address>
         <run_address>0xd90</run_address>
         <size>0x1a3</size>
         <input_file_ref idref="fl-2"/>
      </object_component>
      <object_component id="oc-7f">
         <name>.debug_info</name>
         <load_address>0xf33</load_address>
         <run_address>0xf33</run_address>
         <size>0x266</size>
         <input_file_ref idref="fl-3"/>
      </object_component>
      <object_component id="oc-82">
         <name>.debug_info</name>
         <load_address>0x1199</load_address>
         <run_address>0x1199</run_address>
         <size>0xdfe</size>
         <input_file_ref idref="fl-3"/>
      </object_component>
      <object_component id="oc-b3">
         <name>.debug_info</name>
         <load_address>0x1f97</load_address>
         <run_address>0x1f97</run_address>
         <size>0x100</size>
         <input_file_ref idref="fl-3"/>
      </object_component>
      <object_component id="oc-bf">
         <name>.debug_info</name>
         <load_address>0x2097</load_address>
         <run_address>0x2097</run_address>
         <size>0x100</size>
         <input_file_ref idref="fl-3"/>
      </object_component>
      <object_component id="oc-c5">
         <name>.debug_info</name>
         <load_address>0x2197</load_address>
         <run_address>0x2197</run_address>
         <size>0x100</size>
         <input_file_ref idref="fl-3"/>
      </object_component>
      <object_component id="oc-cb">
         <name>.debug_info</name>
         <load_address>0x2297</load_address>
         <run_address>0x2297</run_address>
         <size>0x100</size>
         <input_file_ref idref="fl-3"/>
      </object_component>
      <object_component id="oc-b0">
         <name>.debug_info</name>
         <load_address>0x2397</load_address>
         <run_address>0x2397</run_address>
         <size>0xfe</size>
         <input_file_ref idref="fl-3"/>
      </object_component>
      <object_component id="oc-bc">
         <name>.debug_info</name>
         <load_address>0x2495</load_address>
         <run_address>0x2495</run_address>
         <size>0xfe</size>
         <input_file_ref idref="fl-3"/>
      </object_component>
      <object_component id="oc-c2">
         <name>.debug_info</name>
         <load_address>0x2593</load_address>
         <run_address>0x2593</run_address>
         <size>0xfe</size>
         <input_file_ref idref="fl-3"/>
      </object_component>
      <object_component id="oc-c8">
         <name>.debug_info</name>
         <load_address>0x2691</load_address>
         <run_address>0x2691</run_address>
         <size>0xfe</size>
         <input_file_ref idref="fl-3"/>
      </object_component>
      <object_component id="oc-d4">
         <name>.debug_info</name>
         <load_address>0x278f</load_address>
         <run_address>0x278f</run_address>
         <size>0x10c</size>
         <input_file_ref idref="fl-3"/>
      </object_component>
      <object_component id="oc-8b">
         <name>.debug_info</name>
         <load_address>0x289b</load_address>
         <run_address>0x289b</run_address>
         <size>0x118</size>
         <input_file_ref idref="fl-3"/>
      </object_component>
      <object_component id="oc-8e">
         <name>.debug_info</name>
         <load_address>0x29b3</load_address>
         <run_address>0x29b3</run_address>
         <size>0x100</size>
         <input_file_ref idref="fl-3"/>
      </object_component>
      <object_component id="oc-9e">
         <name>.debug_info</name>
         <load_address>0x2ab3</load_address>
         <run_address>0x2ab3</run_address>
         <size>0x108</size>
         <input_file_ref idref="fl-3"/>
      </object_component>
      <object_component id="oc-a7">
         <name>.debug_info</name>
         <load_address>0x2bbb</load_address>
         <run_address>0x2bbb</run_address>
         <size>0x108</size>
         <input_file_ref idref="fl-3"/>
      </object_component>
      <object_component id="oc-aa">
         <name>.debug_info</name>
         <load_address>0x2cc3</load_address>
         <run_address>0x2cc3</run_address>
         <size>0x108</size>
         <input_file_ref idref="fl-3"/>
      </object_component>
      <object_component id="oc-ad">
         <name>.debug_info</name>
         <load_address>0x2dcb</load_address>
         <run_address>0x2dcb</run_address>
         <size>0x108</size>
         <input_file_ref idref="fl-3"/>
      </object_component>
      <object_component id="oc-e7">
         <name>.debug_info</name>
         <load_address>0x2ed3</load_address>
         <run_address>0x2ed3</run_address>
         <size>0x108</size>
         <input_file_ref idref="fl-3"/>
      </object_component>
      <object_component id="oc-f7">
         <name>.debug_info</name>
         <load_address>0x2fdb</load_address>
         <run_address>0x2fdb</run_address>
         <size>0x108</size>
         <input_file_ref idref="fl-3"/>
      </object_component>
      <object_component id="oc-d7">
         <name>.debug_info</name>
         <load_address>0x30e3</load_address>
         <run_address>0x30e3</run_address>
         <size>0x128</size>
         <input_file_ref idref="fl-3"/>
      </object_component>
      <object_component id="oc-251">
         <name>.debug_info</name>
         <load_address>0x320b</load_address>
         <run_address>0x320b</run_address>
         <size>0x248</size>
         <input_file_ref idref="fl-3"/>
      </object_component>
      <object_component id="oc-203">
         <name>.debug_info</name>
         <load_address>0x3453</load_address>
         <run_address>0x3453</run_address>
         <size>0x12b</size>
         <input_file_ref idref="fl-3"/>
      </object_component>
      <object_component id="oc-2c">
         <name>.debug_info</name>
         <load_address>0x357e</load_address>
         <run_address>0x357e</run_address>
         <size>0x33f</size>
         <input_file_ref idref="fl-3"/>
      </object_component>
      <object_component id="oc-38">
         <name>.debug_info</name>
         <load_address>0x38bd</load_address>
         <run_address>0x38bd</run_address>
         <size>0x18a</size>
         <input_file_ref idref="fl-3"/>
      </object_component>
      <object_component id="oc-3e">
         <name>.debug_info</name>
         <load_address>0x3a47</load_address>
         <run_address>0x3a47</run_address>
         <size>0x17a</size>
         <input_file_ref idref="fl-3"/>
      </object_component>
      <object_component id="oc-44">
         <name>.debug_info</name>
         <load_address>0x3bc1</load_address>
         <run_address>0x3bc1</run_address>
         <size>0x15c</size>
         <input_file_ref idref="fl-3"/>
      </object_component>
      <object_component id="oc-31c">
         <name>.debug_info</name>
         <load_address>0x3d1d</load_address>
         <run_address>0x3d1d</run_address>
         <size>0x157</size>
         <input_file_ref idref="fl-4"/>
      </object_component>
      <object_component id="oc-2ec">
         <name>.debug_info</name>
         <load_address>0x3e74</load_address>
         <run_address>0x3e74</run_address>
         <size>0x13c</size>
         <input_file_ref idref="fl-4"/>
      </object_component>
      <object_component id="oc-2e6">
         <name>.debug_info</name>
         <load_address>0x3fb0</load_address>
         <run_address>0x3fb0</run_address>
         <size>0x13c</size>
         <input_file_ref idref="fl-4"/>
      </object_component>
      <object_component id="oc-2e0">
         <name>.debug_info</name>
         <load_address>0x40ec</load_address>
         <run_address>0x40ec</run_address>
         <size>0x13c</size>
         <input_file_ref idref="fl-4"/>
      </object_component>
      <object_component id="oc-30a">
         <name>.debug_info</name>
         <load_address>0x4228</load_address>
         <run_address>0x4228</run_address>
         <size>0x19f</size>
         <input_file_ref idref="fl-4"/>
      </object_component>
      <object_component id="oc-304">
         <name>.debug_info</name>
         <load_address>0x43c7</load_address>
         <run_address>0x43c7</run_address>
         <size>0x149</size>
         <input_file_ref idref="fl-4"/>
      </object_component>
      <object_component id="oc-2fe">
         <name>.debug_info</name>
         <load_address>0x4510</load_address>
         <run_address>0x4510</run_address>
         <size>0x149</size>
         <input_file_ref idref="fl-4"/>
      </object_component>
      <object_component id="oc-322">
         <name>.debug_info</name>
         <load_address>0x4659</load_address>
         <run_address>0x4659</run_address>
         <size>0x160</size>
         <input_file_ref idref="fl-4"/>
      </object_component>
      <object_component id="oc-2f2">
         <name>.debug_info</name>
         <load_address>0x47b9</load_address>
         <run_address>0x47b9</run_address>
         <size>0x122</size>
         <input_file_ref idref="fl-4"/>
      </object_component>
      <object_component id="oc-2da">
         <name>.debug_info</name>
         <load_address>0x48db</load_address>
         <run_address>0x48db</run_address>
         <size>0x930</size>
         <input_file_ref idref="fl-4"/>
      </object_component>
      <object_component id="oc-32">
         <name>.debug_info</name>
         <load_address>0x520b</load_address>
         <run_address>0x520b</run_address>
         <size>0x184</size>
         <input_file_ref idref="fl-4"/>
      </object_component>
      <object_component id="oc-316">
         <name>.debug_info</name>
         <load_address>0x538f</load_address>
         <run_address>0x538f</run_address>
         <size>0x343</size>
         <input_file_ref idref="fl-4"/>
      </object_component>
      <object_component id="oc-37d">
         <name>.debug_info</name>
         <load_address>0x56d2</load_address>
         <run_address>0x56d2</run_address>
         <size>0x223</size>
         <input_file_ref idref="fl-4"/>
      </object_component>
      <object_component id="oc-310">
         <name>.debug_info</name>
         <load_address>0x58f5</load_address>
         <run_address>0x58f5</run_address>
         <size>0x81e</size>
         <input_file_ref idref="fl-4"/>
      </object_component>
      <object_component id="oc-2f8">
         <name>.debug_info</name>
         <load_address>0x6113</load_address>
         <run_address>0x6113</run_address>
         <size>0x128</size>
         <input_file_ref idref="fl-4"/>
      </object_component>
      <object_component id="oc-29a">
         <name>.debug_info</name>
         <load_address>0x623b</load_address>
         <run_address>0x623b</run_address>
         <size>0x244</size>
         <input_file_ref idref="fl-4"/>
      </object_component>
      <object_component id="oc-92">
         <name>.debug_info</name>
         <load_address>0x647f</load_address>
         <run_address>0x647f</run_address>
         <size>0x14e</size>
         <input_file_ref idref="fl-6"/>
      </object_component>
      <object_component id="oc-28e">
         <name>.debug_info</name>
         <load_address>0x65cd</load_address>
         <run_address>0x65cd</run_address>
         <size>0x134</size>
         <input_file_ref idref="fl-6"/>
      </object_component>
      <object_component id="oc-2cb">
         <name>.debug_info</name>
         <load_address>0x6701</load_address>
         <run_address>0x6701</run_address>
         <size>0x14c</size>
         <input_file_ref idref="fl-6"/>
      </object_component>
      <object_component id="oc-288">
         <name>.debug_info</name>
         <load_address>0x684d</load_address>
         <run_address>0x684d</run_address>
         <size>0x1e7</size>
         <input_file_ref idref="fl-6"/>
      </object_component>
      <object_component id="oc-27">
         <name>.debug_info</name>
         <load_address>0x6a34</load_address>
         <run_address>0x6a34</run_address>
         <size>0x127</size>
         <input_file_ref idref="fl-7"/>
      </object_component>
      <object_component id="oc-79">
         <name>.debug_info</name>
         <load_address>0x6b5b</load_address>
         <run_address>0x6b5b</run_address>
         <size>0x128</size>
         <input_file_ref idref="fl-7"/>
      </object_component>
      <object_component id="oc-130">
         <name>.debug_info</name>
         <load_address>0x6c83</load_address>
         <run_address>0x6c83</run_address>
         <size>0x123</size>
         <input_file_ref idref="fl-12"/>
      </object_component>
      <object_component id="oc-134">
         <name>.debug_info</name>
         <load_address>0x6da6</load_address>
         <run_address>0x6da6</run_address>
         <size>0x121</size>
         <input_file_ref idref="fl-12"/>
      </object_component>
      <object_component id="oc-98">
         <name>.debug_info</name>
         <load_address>0x6ec7</load_address>
         <run_address>0x6ec7</run_address>
         <size>0x23b</size>
         <input_file_ref idref="fl-12"/>
      </object_component>
      <object_component id="oc-400">
         <name>.debug_info</name>
         <load_address>0x7102</load_address>
         <run_address>0x7102</run_address>
         <size>0x1cc</size>
         <input_file_ref idref="fl-13"/>
      </object_component>
      <object_component id="oc-368">
         <name>.debug_info</name>
         <load_address>0x72ce</load_address>
         <run_address>0x72ce</run_address>
         <size>0x24c</size>
         <input_file_ref idref="fl-13"/>
      </object_component>
      <object_component id="oc-407">
         <name>.debug_info</name>
         <load_address>0x751a</load_address>
         <run_address>0x751a</run_address>
         <size>0x22f</size>
         <input_file_ref idref="fl-13"/>
      </object_component>
      <object_component id="oc-40f">
         <name>.debug_info</name>
         <load_address>0x7749</load_address>
         <run_address>0x7749</run_address>
         <size>0x1de</size>
         <input_file_ref idref="fl-14"/>
      </object_component>
      <object_component id="oc-370">
         <name>.debug_info</name>
         <load_address>0x7927</load_address>
         <run_address>0x7927</run_address>
         <size>0x22a</size>
         <input_file_ref idref="fl-14"/>
      </object_component>
      <object_component id="oc-418">
         <name>.debug_info</name>
         <load_address>0x7b51</load_address>
         <run_address>0x7b51</run_address>
         <size>0x1d0</size>
         <input_file_ref idref="fl-16"/>
      </object_component>
      <object_component id="oc-377">
         <name>.debug_info</name>
         <load_address>0x7d21</load_address>
         <run_address>0x7d21</run_address>
         <size>0x228</size>
         <input_file_ref idref="fl-16"/>
      </object_component>
      <object_component id="oc-468">
         <name>.debug_info</name>
         <load_address>0x7f49</load_address>
         <run_address>0x7f49</run_address>
         <size>0x1d0</size>
         <input_file_ref idref="fl-17"/>
      </object_component>
      <object_component id="oc-432">
         <name>.debug_info</name>
         <load_address>0x8119</load_address>
         <run_address>0x8119</run_address>
         <size>0x23e</size>
         <input_file_ref idref="fl-17"/>
      </object_component>
      <object_component id="oc-3f8">
         <name>.debug_info</name>
         <load_address>0x8357</load_address>
         <run_address>0x8357</run_address>
         <size>0x1ca</size>
         <input_file_ref idref="fl-17"/>
      </object_component>
      <object_component id="oc-384">
         <name>.debug_info</name>
         <load_address>0x8521</load_address>
         <run_address>0x8521</run_address>
         <size>0x242</size>
         <input_file_ref idref="fl-17"/>
      </object_component>
      <object_component id="oc-398">
         <name>.debug_info</name>
         <load_address>0x8763</load_address>
         <run_address>0x8763</run_address>
         <size>0x243</size>
         <input_file_ref idref="fl-17"/>
      </object_component>
      <object_component id="oc-356">
         <name>.debug_info</name>
         <load_address>0x89a6</load_address>
         <run_address>0x89a6</run_address>
         <size>0x22b</size>
         <input_file_ref idref="fl-17"/>
      </object_component>
      <object_component id="oc-35c">
         <name>.debug_info</name>
         <load_address>0x8bd1</load_address>
         <run_address>0x8bd1</run_address>
         <size>0x273</size>
         <input_file_ref idref="fl-17"/>
      </object_component>
      <object_component id="oc-38a">
         <name>.debug_info</name>
         <load_address>0x8e44</load_address>
         <run_address>0x8e44</run_address>
         <size>0x25b</size>
         <input_file_ref idref="fl-17"/>
      </object_component>
      <object_component id="oc-2d1">
         <name>.debug_info</name>
         <load_address>0x909f</load_address>
         <run_address>0x909f</run_address>
         <size>0x227</size>
         <input_file_ref idref="fl-17"/>
      </object_component>
      <object_component id="oc-350">
         <name>.debug_info</name>
         <load_address>0x92c6</load_address>
         <run_address>0x92c6</run_address>
         <size>0x214</size>
         <input_file_ref idref="fl-17"/>
      </object_component>
      <object_component id="oc-169">
         <name>.debug_info</name>
         <load_address>0x94da</load_address>
         <run_address>0x94da</run_address>
         <size>0x1c3</size>
         <input_file_ref idref="fl-18"/>
      </object_component>
      <object_component id="oc-163">
         <name>.debug_info</name>
         <load_address>0x969d</load_address>
         <run_address>0x969d</run_address>
         <size>0x1c5</size>
         <input_file_ref idref="fl-18"/>
      </object_component>
      <object_component id="oc-294">
         <name>.debug_info</name>
         <load_address>0x9862</load_address>
         <run_address>0x9862</run_address>
         <size>0x1d4</size>
         <input_file_ref idref="fl-18"/>
      </object_component>
      <object_component id="oc-50">
         <name>.debug_info</name>
         <load_address>0x9a36</load_address>
         <run_address>0x9a36</run_address>
         <size>0x1e1</size>
         <input_file_ref idref="fl-18"/>
      </object_component>
      <object_component id="oc-56">
         <name>.debug_info</name>
         <load_address>0x9c17</load_address>
         <run_address>0x9c17</run_address>
         <size>0x1c7</size>
         <input_file_ref idref="fl-18"/>
      </object_component>
      <object_component id="oc-5c">
         <name>.debug_info</name>
         <load_address>0x9dde</load_address>
         <run_address>0x9dde</run_address>
         <size>0x1ad</size>
         <input_file_ref idref="fl-18"/>
      </object_component>
      <object_component id="oc-4b">
         <name>.debug_info</name>
         <load_address>0x9f8b</load_address>
         <run_address>0x9f8b</run_address>
         <size>0x1d1</size>
         <input_file_ref idref="fl-18"/>
      </object_component>
      <object_component id="oc-df">
         <name>.debug_info</name>
         <load_address>0xa15c</load_address>
         <run_address>0xa15c</run_address>
         <size>0x278</size>
         <input_file_ref idref="fl-18"/>
      </object_component>
      <object_component id="oc-175">
         <name>.debug_info</name>
         <load_address>0xa3d4</load_address>
         <run_address>0xa3d4</run_address>
         <size>0x1ca</size>
         <input_file_ref idref="fl-19"/>
      </object_component>
      <object_component id="oc-42b">
         <name>.debug_info</name>
         <load_address>0xa59e</load_address>
         <run_address>0xa59e</run_address>
         <size>0x1ea</size>
         <input_file_ref idref="fl-19"/>
      </object_component>
      <object_component id="oc-425">
         <name>.debug_info</name>
         <load_address>0xa788</load_address>
         <run_address>0xa788</run_address>
         <size>0x1ec</size>
         <input_file_ref idref="fl-19"/>
      </object_component>
      <object_component id="oc-17e">
         <name>.debug_info</name>
         <load_address>0xa974</load_address>
         <run_address>0xa974</run_address>
         <size>0x1fa</size>
         <input_file_ref idref="fl-19"/>
      </object_component>
      <object_component id="oc-391">
         <name>.debug_info</name>
         <load_address>0xab6e</load_address>
         <run_address>0xab6e</run_address>
         <size>0x27a</size>
         <input_file_ref idref="fl-19"/>
      </object_component>
      <object_component id="oc-122">
         <name>.debug_info</name>
         <load_address>0xade8</load_address>
         <run_address>0xade8</run_address>
         <size>0x203</size>
         <input_file_ref idref="fl-19"/>
      </object_component>
      <object_component id="oc-ea">
         <name>.debug_info</name>
         <load_address>0xafeb</load_address>
         <run_address>0xafeb</run_address>
         <size>0x207</size>
         <input_file_ref idref="fl-19"/>
      </object_component>
      <object_component id="oc-f0">
         <name>.debug_info</name>
         <load_address>0xb1f2</load_address>
         <run_address>0xb1f2</run_address>
         <size>0x22d</size>
         <input_file_ref idref="fl-19"/>
      </object_component>
      <object_component id="oc-3ae">
         <name>.debug_info</name>
[...]
         <value>0x9472</value>
         <object_component_ref idref="oc-250"/>
      </symbol>
      <symbol id="sm-1df">
         <name>UartCounter</name>
         <value>0xa80a</value>
         <object_component_ref idref="oc-81"/>
      </symbol>
      <symbol id="sm-1e0">
         <name>uc4</name>
         <value>0xa838</value>
         <object_component_ref idref="oc-81"/>
      </symbol>
      <symbol id="sm-1e1">
         <name>uc3</name>
         <value>0xa836</value>
         <object_component_ref idref="oc-81"/>
      </symbol>
      <symbol id="sm-1e2">
         <name>uc2</name>
         <value>0xa834</value>
         <object_component_ref idref="oc-81"/>
      </symbol>
      <symbol id="sm-1e3">
         <name>uc1</name>
         <value>0xa832</value>
         <object_component_ref idref="oc-81"/>
      </symbol>
      <symbol id="sm-1e4">
         <name>txIndex</name>
         <value>0xa80b</value>
         <object_component_ref idref="oc-81"/>
      </symbol>
      <symbol id="sm-1e5">
         <name>phase1</name>
         <value>0xa804</value>
         <object_component_ref idref="oc-81"/>
      </symbol>
      <symbol id="sm-1e6">
         <name>OUT4</name>
         <value>0xa93c</value>
         <object_component_ref idref="oc-ca"/>
      </symbol>
      <symbol id="sm-1e7">
         <name>OUT3</name>
         <value>0xa938</value>
         <object_component_ref idref="oc-c4"/>
      </symbol>
      <symbol id="sm-1e8">
         <name>OUT2</name>
         <value>0xa934</value>
         <object_component_ref idref="oc-be"/>
      </symbol>
      <symbol id="sm-1e9">
         <name>OUT1</name>
         <value>0xa930</value>
         <object_component_ref idref="oc-b2"/>
      </symbol>
      <symbol id="sm-1ea">
         <name>dutyFine</name>
         <value>0xa8b6</value>
         <object_component_ref idref="oc-81"/>
      </symbol>
      <symbol id="sm-1eb">
         <name>takeOff2</name>
         <value>0xa803</value>
         <object_component_ref idref="oc-81"/>
      </symbol>
      <symbol id="sm-1ec">
         <name>ep4</name>
         <value>0xa8a2</value>
         <object_component_ref idref="oc-81"/>
      </symbol>
      <symbol id="sm-1ed">
         <name>ep3</name>
         <value>0xa88a</value>
         <object_component_ref idref="oc-81"/>
      </symbol>
      <symbol id="sm-1ee">
         <name>ep2</name>
         <value>0xa872</value>
         <object_component_ref idref="oc-81"/>
      </symbol>
      <symbol id="sm-1ef">
         <name>ep1</name>
         <value>0xa85a</value>
         <object_component_ref idref="oc-81"/>
      </symbol>
      <symbol id="sm-1f0">
         <name>Kr_sans_int</name>
         <value>0xa84c</value>
         <object_component_ref idref="oc-81"/>
      </symbol>
      <symbol id="sm-1f1">
         <name>Offset_count</name>
         <value>0xa810</value>
         <object_component_ref idref="oc-81"/>
      </symbol>
      <symbol id="sm-1f2">
         <name>fc4</name>
         <value>0xa89e</value>
         <object_component_ref idref="oc-81"/>
      </symbol>
      <symbol id="sm-1f3">
         <name>fc3</name>
         <value>0xa886</value>
         <object_component_ref idref="oc-81"/>
      </symbol>
      <symbol id="sm-1f4">
         <name>fc2</name>
         <value>0xa86e</value>
         <object_component_ref idref="oc-81"/>
      </symbol>
      <symbol id="sm-1f5">
         <name>fc1</name>
         <value>0xa856</value>
         <object_component_ref idref="oc-81"/>
      </symbol>
      <symbol id="sm-1f6">
         <name>sum_vp1</name>
         <value>0xa860</value>
         <object_component_ref idref="oc-81"/>
      </symbol>
      <symbol id="sm-1f7">
         <name>sum_vp3</name>
         <value>0xa890</value>
         <object_component_ref idref="oc-81"/>
      </symbol>
      <symbol id="sm-1f8">
         <name>sum_vp2</name>
         <value>0xa878</value>
         <object_component_ref idref="oc-81"/>
      </symbol>
      <symbol id="sm-1f9">
         <name>sum_vp4</name>
         <value>0xa8a8</value>
         <object_component_ref idref="oc-81"/>
      </symbol>
      <symbol id="sm-1fa">
         <name>txBuffer</name>
         <value>0xa98a</value>
         <object_component_ref idref="oc-e6"/>
      </symbol>
      <symbol id="sm-1fb">
         <name>count</name>
         <value>0xa8b8</value>
         <object_component_ref idref="oc-81"/>
      </symbol>
      <symbol id="sm-1fc">
         <name>Current1</name>
         <value>0xa822</value>
         <object_component_ref idref="oc-81"/>
      </symbol>
      <symbol id="sm-1fd">
         <name>Current2</name>
         <value>0xa824</value>
         <object_component_ref idref="oc-81"/>
      </symbol>
      <symbol id="sm-1fe">
         <name>Current3</name>
         <value>0xa826</value>
         <object_component_ref idref="oc-81"/>
      </symbol>
      <symbol id="sm-1ff">
         <name>Current4</name>
         <value>0xa828</value>
         <object_component_ref idref="oc-81"/>
      </symbol>
      <symbol id="sm-200">
         <name>pos1Buff</name>
         <value>0xa8bc</value>
         <object_component_ref idref="oc-9d"/>
      </symbol>
      <symbol id="sm-201">
         <name>state_PIN</name>
         <value>0xa808</value>
         <object_component_ref idref="oc-81"/>
      </symbol>
      <symbol id="sm-202">
         <name>duty_cycle_table</name>
         <value>0xad7e</value>
         <object_component_ref idref="oc-8a"/>
      </symbol>
      <symbol id="sm-203">
         <name>duty_table</name>
         <value>0xa904</value>
         <object_component_ref idref="oc-d3"/>
      </symbol>
      <symbol id="sm-204">
         <name>pos2Buff</name>
         <value>0xa8ce</value>
         <object_component_ref idref="oc-a6"/>
      </symbol>
      <symbol id="sm-205">
         <name>ic4</name>
         <value>0xa898</value>
         <object_component_ref idref="oc-81"/>
      </symbol>
      <symbol id="sm-206">
         <name>ic3</name>
         <value>0xa880</value>
         <object_component_ref idref="oc-81"/>
      </symbol>
      <symbol id="sm-207">
         <name>ic2</name>
         <value>0xa868</value>
         <object_component_ref idref="oc-81"/>
      </symbol>
      <symbol id="sm-208">
         <name>ic1</name>
         <value>0xa850</value>
         <object_component_ref idref="oc-81"/>
      </symbol>
      <symbol id="sm-209">
         <name>takeOff</name>
         <value>0xa802</value>
         <object_component_ref idref="oc-81"/>
      </symbol>
      <symbol id="sm-285">
         <name>INTERRUPT_init</name>
         <value>0xa136</value>
         <object_component_ref idref="oc-31"/>
      </symbol>
      <symbol id="sm-286">
         <name>Push_Button_Start_XINT_init</name>
         <value>0xa5aa</value>
         <object_component_ref idref="oc-321"/>
      </symbol>
      <symbol id="sm-287">
         <name>PinMux_init</name>
         <value>0x91f1</value>
         <object_component_ref idref="oc-2d9"/>
      </symbol>
      <symbol id="sm-288">
         <name>myINPUTXBARINPUT2_init</name>
         <value>0xa619</value>
         <object_component_ref idref="oc-2eb"/>
      </symbol>
      <symbol id="sm-289">
         <name>myINPUTXBARINPUT1_init</name>
         <value>0xa648</value>
         <object_component_ref idref="oc-2e5"/>
      </symbol>
      <symbol id="sm-28a">
         <name>myINPUTXBARINPUT0_init</name>
         <value>0xa642</value>
         <object_component_ref idref="oc-2df"/>
      </symbol>
      <symbol id="sm-28b">
         <name>SCI_init</name>
         <value>0x98ff</value>
         <object_component_ref idref="oc-31b"/>
      </symbol>
      <symbol id="sm-28c">
         <name>Board_init</name>
         <value>0xa2ee</value>
         <object_component_ref idref="oc-299"/>
      </symbol>
      <symbol id="sm-28d">
         <name>XINT_init</name>
         <value>0xa5aa</value>
         <object_component_ref idref="oc-321"/>
      </symbol>
      <symbol id="sm-28e">
         <name>GPIO_init</name>
         <value>0x9b7b</value>
         <object_component_ref idref="oc-315"/>
      </symbol>
      <symbol id="sm-28f">
         <name>myADC0_init</name>
         <value>0x9743</value>
         <object_component_ref idref="oc-2fd"/>
      </symbol>
      <symbol id="sm-290">
         <name>SYNC_init</name>
         <value>0xa578</value>
         <object_component_ref idref="oc-2f1"/>
      </symbol>
      <symbol id="sm-291">
         <name>myADC1_init</name>
         <value>0x9800</value>
         <object_component_ref idref="oc-303"/>
      </symbol>
      <symbol id="sm-292">
         <name>EPWM_init</name>
         <value>0x8b8c</value>
         <object_component_ref idref="oc-30f"/>
      </symbol>
      <symbol id="sm-293">
         <name>mySCI0_init</name>
         <value>0x98ff</value>
         <object_component_ref idref="oc-31b"/>
      </symbol>
      <symbol id="sm-294">
         <name>CPUTIMER_init</name>
         <value>0xa06e</value>
         <object_component_ref idref="oc-309"/>
      </symbol>
      <symbol id="sm-295">
         <name>ASYSCTL_init</name>
         <value>0xa5ba</value>
         <object_component_ref idref="oc-2f7"/>
      </symbol>
      <symbol id="sm-296">
         <name>myCPUTIMER0_init</name>
         <value>0xa06e</value>
         <object_component_ref idref="oc-309"/>
      </symbol>
      <symbol id="sm-2bb">
         <name>Device_enableAllPeripherals</name>
         <value>0x9553</value>
         <object_component_ref idref="oc-2ca"/>
      </symbol>
      <symbol id="sm-2bc">
         <name>Device_initGPIO</name>
         <value>0xa59a</value>
         <object_component_ref idref="oc-28d"/>
      </symbol>
      <symbol id="sm-2bd">
         <name>Device_init</name>
         <value>0x9c7d</value>
         <object_component_ref idref="oc-287"/>
      </symbol>
      <symbol id="sm-2be">
         <name>__error__</name>
         <value>0xa64e</value>
         <object_component_ref idref="oc-91"/>
      </symbol>
      <symbol id="sm-2cd">
         <name>code_start</name>
         <value>0x0</value>
         <object_component_ref idref="oc-26"/>
      </symbol>
      <symbol id="sm-2fa">
         <name>MEP_SF</name>
         <value>0xa9d4</value>
         <object_component_ref idref="oc-133"/>
      </symbol>
      <symbol id="sm-2fb">
         <name>SFO_CAL</name>
         <value>0xa9dd</value>
         <object_component_ref idref="oc-12f"/>
      </symbol>
      <symbol id="sm-2fc">
         <name>SFO</name>
         <value>0x9000</value>
         <object_component_ref idref="oc-97"/>
      </symbol>
      <symbol id="sm-323">
         <name>ADC_setOffsetTrimAll</name>
         <value>0xa20c</value>
         <object_component_ref idref="oc-406"/>
      </symbol>
      <symbol id="sm-324">
         <name>ADC_setVREF</name>
         <value>0xa234</value>
         <object_component_ref idref="oc-367"/>
      </symbol>
      <symbol id="sm-33e">
         <name>CPUTimer_setEmulationMode</name>
         <value>0xa53f</value>
         <object_component_ref idref="oc-36f"/>
      </symbol>
      <symbol id="sm-35a">
         <name>EPWM_setEmulationMode</name>
         <value>0xa45a</value>
         <object_component_ref idref="oc-376"/>
      </symbol>
      <symbol id="sm-3d1">
         <name>GPIO_setQualificationMode</name>
         <value>0xa000</value>
         <object_component_ref idref="oc-35b"/>
      </symbol>
      <symbol id="sm-3d2">
         <name>GPIO_setPadConfig</name>
         <value>0x9c2b</value>
         <object_component_ref idref="oc-355"/>
      </symbol>
      <symbol id="sm-3d3">
         <name>GPIO_setInterruptPin</name>
         <value>0x9f90</value>
         <object_component_ref idref="oc-397"/>
      </symbol>
      <symbol id="sm-3d4">
         <name>GPIO_setAnalogMode</name>
         <value>0x99e8</value>
         <object_component_ref idref="oc-2d0"/>
      </symbol>
      <symbol id="sm-3d5">
         <name>GPIO_setDirectionMode</name>
         <value>0xa0d5</value>
         <object_component_ref idref="oc-383"/>
      </symbol>
      <symbol id="sm-3d6">
         <name>GPIO_setPinConfig</name>
         <value>0x9fc7</value>
         <object_component_ref idref="oc-34f"/>
      </symbol>
      <symbol id="sm-3d7">
         <name>GPIO_setControllerCore</name>
         <value>0x9f59</value>
         <object_component_ref idref="oc-389"/>
      </symbol>
      <symbol id="sm-426">
         <name>Interrupt_defaultHandler</name>
         <value>0xa470</value>
         <object_component_ref idref="oc-49"/>
      </symbol>
      <symbol id="sm-427">
         <name>Interrupt_initModule</name>
         <value>0x9ea8</value>
         <object_component_ref idref="oc-293"/>
      </symbol>
      <symbol id="sm-428">
         <name>Interrupt_nmiHandler</name>
         <value>0xa60f</value>
         <object_component_ref idref="oc-5b"/>
      </symbol>
      <symbol id="sm-429">
         <name>Interrupt_enable</name>
         <value>0xa037</value>
         <object_component_ref idref="oc-de"/>
      </symbol>
      <symbol id="sm-42a">
         <name>Interrupt_initVectorTable</name>
         <value>0xa349</value>
         <object_component_ref idref="oc-4a"/>
      </symbol>
      <symbol id="sm-42b">
         <name>Interrupt_illegalOperationHandler</name>
         <value>0xa605</value>
         <object_component_ref idref="oc-55"/>
      </symbol>
      <symbol id="sm-489">
         <name>SCI_clearInterruptStatus</name>
         <value>0x9d57</value>
         <object_component_ref idref="oc-ef"/>
      </symbol>
      <symbol id="sm-48a">
         <name>SCI_disableInterrupt</name>
         <value>0x9d9c</value>
         <object_component_ref idref="oc-e9"/>
      </symbol>
      <symbol id="sm-48b">
         <name>SCI_setConfig</name>
         <value>0x9e6a</value>
         <object_component_ref idref="oc-390"/>
      </symbol>
      <symbol id="sm-48c">
         <name>SCI_enableInterrupt</name>
         <value>0x9e26</value>
         <object_component_ref idref="oc-121"/>
      </symbol>
      <symbol id="sm-59e">
         <name>SysCtl_isPLLValid</name>
         <value>0x9374</value>
         <object_component_ref idref="oc-341"/>
      </symbol>
      <symbol id="sm-59f">
         <name>SysCtl_delay</name>
         <value>0x128</value>
         <object_component_ref idref="oc-334"/>
      </symbol>
      <symbol id="sm-5a0">
         <name>SysCtl_selectXTALSingleEnded</name>
         <value>0xa283</value>
         <object_component_ref idref="oc-3a5"/>
      </symbol>
      <symbol id="sm-5a1">
         <name>SysCtl_selectXTAL</name>
         <value>0x9d11</value>
         <object_component_ref idref="oc-39f"/>
      </symbol>
      <symbol id="sm-5a2">
         <name>SysCtl_selectOscSource</name>
         <value>0x9cc8</value>
         <object_component_ref idref="oc-335"/>
      </symbol>
      <symbol id="sm-5a3">
         <name>SysCtl_getLowSpeedClock</name>
         <value>0x8fe6</value>
         <object_component_ref idref="oc-2c4"/>
      </symbol>
      <symbol id="sm-5a4">
         <name>SysCtl_setClock</name>
         <value>0x8ec3</value>
         <object_component_ref idref="oc-2b8"/>
      </symbol>
      <symbol id="sm-5a5">
         <name>SysCtl_getClock</name>
         <value>0x9ab9</value>
         <object_component_ref idref="oc-2be"/>
      </symbol>
      <symbol id="sm-5ec">
         <name>powf</name>
         <value>0x8800</value>
         <object_component_ref idref="oc-1ab"/>
      </symbol>
      <symbol id="sm-5fd">
         <name>sqrtf</name>
         <value>0xa25c</value>
         <object_component_ref idref="oc-21e"/>
      </symbol>
      <symbol id="sm-611">
         <name>scalbnf</name>
         <value>0x9bd3</value>
         <object_component_ref idref="oc-22d"/>
      </symbol>
      <symbol id="sm-612">
         <name>ldexpf</name>
         <value>0x9bd3</value>
         <object_component_ref idref="oc-22d"/>
      </symbol>
      <symbol id="sm-61f">
         <name>copysignf</name>
         <value>0xa589</value>
         <object_component_ref idref="oc-272"/>
      </symbol>
      <symbol id="sm-629">
         <name>_c_int00</name>
         <value>0xa42d</value>
         <object_component_ref idref="oc-111"/>
      </symbol>
      <symbol id="sm-62a">
         <name>__stack</name>
         <value>0x400</value>
         <object_component_ref idref="oc-61"/>
      </symbol>
      <symbol id="sm-637">
         <name>__c28xabi_divf</name>
         <value>0x96bb</value>
         <object_component_ref idref="oc-219"/>
      </symbol>
      <symbol id="sm-645">
         <name>_system_pre_init</name>
         <value>0x87fe</value>
         <object_component_ref idref="oc-191"/>
      </symbol>
      <symbol id="sm-654">
         <name>__TI_auto_init_nobinit_nopinit</name>
         <value>0xa18e</value>
         <object_component_ref idref="oc-1d2"/>
      </symbol>
      <symbol id="sm-663">
         <name>__TI_zero_init_nomemset</name>
         <value>0xa5e1</value>
         <object_component_ref idref="oc-6c"/>
      </symbol>
      <symbol id="sm-670">
         <name>__TI_decompress_none</name>
         <value>0xa62b</value>
         <object_component_ref idref="oc-1f"/>
      </symbol>
      <symbol id="sm-684">
         <name>__TI_decompress_lzss</name>
         <value>0xa106</value>
         <object_component_ref idref="oc-19"/>
      </symbol>
      <symbol id="sm-69a">
         <name>C$$EXIT</name>
         <value>0xa1e3</value>
         <object_component_ref idref="oc-19e"/>
      </symbol>
      <symbol id="sm-69b">
         <name>abort</name>
         <value>0xa1e3</value>
         <object_component_ref idref="oc-19e"/>
      </symbol>
      <symbol id="sm-69c">
         <name>exit</name>
         <value>0xa1e5</value>
         <object_component_ref idref="oc-19e"/>
      </symbol>
      <symbol id="sm-69d">
         <name>__TI_dtors_ptr</name>
         <value>0xa92e</value>
         <object_component_ref idref="oc-20a"/>
      </symbol>
      <symbol id="sm-69e">
         <name>__TI_cleanup_ptr</name>
         <value>0xa92c</value>
         <object_component_ref idref="oc-20a"/>
      </symbol>
      <symbol id="sm-69f">
         <name>__TI_enable_exit_profile_output</name>
         <value>0xa92a</value>
         <object_component_ref idref="oc-20a"/>
      </symbol>
      <symbol id="sm-6b6">
         <name>_nop</name>
         <value>0xa62a</value>
         <object_component_ref idref="oc-25c"/>
      </symbol>
      <symbol id="sm-6b7">
         <name>_lock</name>
         <value>0xa944</value>
         <object_component_ref idref="oc-20d"/>
      </symbol>
      <symbol id="sm-6b8">
         <name>_unlock</name>
         <value>0xa946</value>
         <object_component_ref idref="oc-2a0"/>
      </symbol>
      <symbol id="sm-6b9">
         <name>_register_lock</name>
         <value>0xa626</value>
         <object_component_ref idref="oc-25c"/>
      </symbol>
      <symbol id="sm-6ba">
         <name>_register_unlock</name>
         <value>0xa622</value>
         <object_component_ref idref="oc-25c"/>
      </symbol>
      <symbol id="sm-6c9">
         <name>_args_main</name>
         <value>0xa5ee</value>
         <object_component_ref idref="oc-198"/>
      </symbol>
      <symbol id="sm-6d5">
         <name>errno</name>
         <value>0xa949</value>
         <object_component_ref idref="oc-233"/>
      </symbol>
      <symbol id="sm-6e8">
         <name>memcpy</name>
         <value>0xa367</value>
         <object_component_ref idref="oc-64"/>
      </symbol>
      <symbol id="sm-6f5">
         <name>_system_post_cinit</name>
         <value>0x9ffe</value>
         <object_component_ref idref="oc-23b"/>
      </symbol>
      <symbol id="sm-6f7">
         <name>__c_args__</name>
         <value>0x0</value>
      </symbol>
   </symbol_table>
   <title>Link successful</title>
</link_info>
