******************************************************************************
             TMS320C2000 Linker PC v22.6.1                     
******************************************************************************
>> Linked Sat Sep  7 16:08:58 2024

OUTPUT FILE NAME:   <Test_pour_carte_principale_reg_pos.out>
ENTRY POINT SYMBOL: "code_start"  address: 00000000


MEMORY CONFIGURATION

         name            origin    length      used     unused   attr    fill
----------------------  --------  ---------  --------  --------  ----  --------
  BEGIN                 00000000   00000002  00000002  00000000  RWIX
  BOOT_RSVD             00000002   00000126  00000000  00000126  RWIX
  RAMM0                 00000128   000002d8  00000076  00000262  RWIX
  RAMM1                 00000400   000003f8  00000200  000001f8  RWIX
  RAMLS0                00008000   00000800  00000800  00000000  RWIX
  RAMLS1                00008800   00000800  00000800  00000000  RWIX
  RAMLS2                00009000   00000800  00000800  00000000  RWIX
  RAMLS3                00009800   00000800  00000800  00000000  RWIX
  RAMLS4                0000a000   00000800  0000067d  00000183  RWIX
  RAMLS5                0000a800   00000800  000006f0  00000110  RWIX
  RAMLS6_7              0000b000   00001000  00000000  00001000  RWIX
  RAMGS0                0000c000   00001000  00000000  00001000  RWIX
  RAMGS1                0000d000   00001000  00000000  00001000  RWIX
  RAMGS2                0000e000   00001000  00000000  00001000  RWIX
  RAMGS3                0000f000   00000ff8  00000000  00000ff8  RWIX
  FLASH_BANK0_SEC0      00080002   00000ffe  00000000  00000ffe  RWIX
  FLASH_BANK0_SEC1      00081000   00001000  00000000  00001000  RWIX
  FLASH_BANK0_SEC2      00082000   00001000  00000000  00001000  RWIX
  FLASH_BANK0_SEC3      00083000   00001000  00000000  00001000  RWIX
  FLASH_BANK0_SEC4      00084000   00001000  00000000  00001000  RWIX
  FLASH_BANK0_SEC5      00085000   00001000  00000000  00001000  RWIX
  FLASH_BANK0_SEC6      00086000   00001000  00000000  00001000  RWIX
  FLASH_BANK0_SEC7      00087000   00001000  00000000  00001000  RWIX
  FLASH_BANK0_SEC8      00088000   00001000  00000000  00001000  RWIX
  FLASH_BANK0_SEC9      00089000   00001000  00000000  00001000  RWIX
  FLASH_BANK0_SEC10     0008a000   00001000  00000000  00001000  RWIX
  FLASH_BANK0_SEC11     0008b000   00001000  00000000  00001000  RWIX
  FLASH_BANK0_SEC12     0008c000   00001000  00000000  00001000  RWIX
  FLASH_BANK0_SEC13     0008d000   00001000  00000000  00001000  RWIX
  FLASH_BANK0_SEC14     0008e000   00001000  00000000  00001000  RWIX
  FLASH_BANK0_SEC15     0008f000   00001000  00000000  00001000  RWIX
  FLASH_BANK1_SEC0      00090000   00001000  00000000  00001000  RWIX
  FLASH_BANK1_SEC1      00091000   00001000  00000000  00001000  RWIX
  FLASH_BANK1_SEC2      00092000   00001000  00000000  00001000  RWIX
  FLASH_BANK1_SEC3      00093000   00001000  00000000  00001000  RWIX
  FLASH_BANK1_SEC4      00094000   00001000  00000000  00001000  RWIX
  FLASH_BANK1_SEC5      00095000   00001000  00000000  00001000  RWIX
  FLASH_BANK1_SEC6      00096000   00001000  00000000  00001000  RWIX
  FLASH_BANK1_SEC7      00097000   00001000  00000000  00001000  RWIX
  FLASH_BANK1_SEC8      00098000   00001000  00000000  00001000  RWIX
  FLASH_BANK1_SEC9      00099000   00001000  00000000  00001000  RWIX
  FLASH_BANK1_SEC10     0009a000   00001000  00000000  00001000  RWIX
  FLASH_BANK1_SEC11     0009b000   00001000  00000000  00001000  RWIX
  FLASH_BANK1_SEC12     0009c000   00001000  00000000  00001000  RWIX
  FLASH_BANK1_SEC13     0009d000   00001000  00000000  00001000  RWIX
  FLASH_BANK1_SEC14     0009e000   00001000  00000000  00001000  RWIX
  FLASH_BANK1_SEC15     0009f000   00001000  00000000  00001000  RWIX
  FLASH_BANK2_SEC0      000a0000   00001000  00000000  00001000  RWIX
  FLASH_BANK2_SEC1      000a1000   00001000  00000000  00001000  RWIX
  FLASH_BANK2_SEC2      000a2000   00001000  00000000  00001000  RWIX
  FLASH_BANK2_SEC3      000a3000   00001000  00000000  00001000  RWIX
  FLASH_BANK2_SEC4      000a4000   00001000  00000000  00001000  RWIX
  FLASH_BANK2_SEC5      000a5000   00001000  00000000  00001000  RWIX
  FLASH_BANK2_SEC6      000a6000   00001000  00000000  00001000  RWIX
  FLASH_BANK2_SEC7      000a7000   00001000  00000000  00001000  RWIX
  FLASH_BANK2_SEC8      000a8000   00001000  00000000  00001000  RWIX
  FLASH_BANK2_SEC9      000a9000   00001000  00000000  00001000  RWIX
  FLASH_BANK2_SEC10     000aa000   00001000  00000000  00001000  RWIX
  FLASH_BANK2_SEC11     000ab000   00001000  00000000  00001000  RWIX
  FLASH_BANK2_SEC12     000ac000   00001000  00000000  00001000  RWIX
  FLASH_BANK2_SEC13     000ad000   00001000  00000000  00001000  RWIX
  FLASH_BANK2_SEC14     000ae000   00001000  00000000  00001000  RWIX
  FLASH_BANK2_SEC15     000af000   00000ff0  00000000  00000ff0  RWIX
  SECURE_ROM            003f2000   00006000  00000000  00006000  RWIX
  BOOTROM               003f8000   00007fc0  00000000  00007fc0  RWIX
  RESET                 003fffc0   00000002  00000000  00000002  RWIX


SECTION ALLOCATION MAP

 output                                  attributes/
section   page    origin      length       input sections
--------  ----  ----------  ----------   ----------------
codestart 
*          0    00000000    00000002     
                  00000000    00000002     f28003x_codestartbranch.obj (codestart)

.TI.ramfunc 
*          0    00000128    00000004     
                  00000128    00000004     driverlib.lib : sysctl.obj (.TI.ramfunc)

.cinit     0    0000012c    00000072     
                  0000012c    00000060     (.cinit..data.load) [load image, compression = lzss]
                  0000018c    00000006     (__TI_handler_table)
                  00000192    00000004     (.cinit..bss.load) [load image, compression = zero_init]
                  00000196    00000008     (__TI_cinit_table)

.reset     0    003fffc0    00000000     DSECT

.stack     0    00000400    00000200     UNINITIALIZED
                  00000400    00000200     --HOLE--

.bss       0    0000aed4    0000001c     UNINITIALIZED
                  0000aed4    0000000e     hrpwm_ex1_duty_sfo.obj (.bss)
                  0000aee2    00000009     SFO_v8_fpu_lib_build_c28_driverlib_eabi.lib : SFO_v8_fpu_lib_build_c28_driverlib.obj (.bss:MEP_SF)
                  0000aeeb    00000005                                                 : SFO_v8_fpu_lib_build_c28_driverlib.obj (.bss)

.init_array 
*          0    00000128    00000000     UNINITIALIZED

.const     0    0000a800    00000554     
                  0000a800    0000015c     board.obj (.const:.string)
                  0000a95c    000000cd     hrpwm_ex1_duty_sfo.obj (.const:.string)
                  0000aa29    00000001     --HOLE-- [fill = 0]
                  0000aa2a    0000009a     driverlib.lib : sysctl.obj (.const:.string)
                  0000aac4    00000098                   : epwm.obj (.const:.string)
                  0000ab5c    00000098                   : gpio.obj (.const:.string)
                  0000abf4    00000059     device.obj (.const:.string)
                  0000ac4d    00000001     --HOLE-- [fill = 0]
                  0000ac4e    00000050     driverlib.lib : cputimer.obj (.const:.string)
                  0000ac9e    0000004c     hrpwm_ex1_duty_sfo.obj (.const)
                  0000acea    0000004b     driverlib.lib : adc.obj (.const:.string)
                  0000ad35    00000001     --HOLE-- [fill = 0]
                  0000ad36    00000012     hrpwm_ex1_duty_sfo.obj (.const:SAVITZKY)
                  0000ad48    0000000c     rts2800_fpu32_eabi.lib : e_sqrt.c.obj (.const)

.data      0    0000ad54    00000180     UNINITIALIZED
                  0000ad54    00000012     hrpwm_ex1_duty_sfo.obj (.data:pos1Buff)
                  0000ad66    00000012     hrpwm_ex1_duty_sfo.obj (.data:pos2Buff)
                  0000ad78    00000006     hrpwm_ex1_duty_sfo.obj (.data:IN3)
                  0000ad7e    00000002     rts2800_fpu32_eabi.lib : _lock.c.obj (.data:_lock)
                  0000ad80    0000010e     hrpwm_ex1_duty_sfo.obj (.data)
                  0000ae8e    00000012     hrpwm_ex1_duty_sfo.obj (.data:pos3Buff)
                  0000aea0    00000012     hrpwm_ex1_duty_sfo.obj (.data:pos4Buff)
                  0000aeb2    0000000a     hrpwm_ex1_duty_sfo.obj (.data:ePWM)
                  0000aebc    00000006     hrpwm_ex1_duty_sfo.obj (.data:b)
                  0000aec2    00000006     rts2800_fpu32_eabi.lib : exit.c.obj (.data)
                  0000aec8    00000004     hrpwm_ex1_duty_sfo.obj (.data:OUT3)
                  0000aecc    00000004     hrpwm_ex1_duty_sfo.obj (.data:a)
                  0000aed0    00000002     rts2800_fpu32_eabi.lib : _lock.c.obj (.data:_unlock)
                  0000aed2    00000001     SFO_v8_fpu_lib_build_c28_driverlib_eabi.lib : SFO_v8_fpu_lib_build_c28_driverlib.obj (.data)
                  0000aed3    00000001     rts2800_fpu32_eabi.lib : errno.c.obj (.data)

.text.1    0    00008000    00000800     
                  00008000    000006d3     hrpwm_ex1_duty_sfo.obj (.text:adcA1ISR)
                  000086d3    00000123     driverlib.lib : sysctl.obj (.text:SysCtl_setClock)
                  000087f6    0000000a                   : interrupt.obj (.text:Interrupt_illegalOperationHandler)

.text.2    0    00008800    00000800     
                  00008800    00000337     board.obj (.text:EPWM_init)
                  00008b37    000001f1     SFO_v8_fpu_lib_build_c28_driverlib_eabi.lib : SFO_v8_fpu_lib_build_c28_driverlib.obj (.text)
                  00008d28    00000167     board.obj (.text:PinMux_init)
                  00008e8f    000000fe     driverlib.lib : sysctl.obj (.text:SysCtl_isPLLValid)
                  00008f8d    00000073                   : sysctl.obj (.text:DCC_setCounterSeeds)

.text.3    0    00009000    00000800     
                  00009000    000000de     rts2800_fpu32_eabi.lib : e_sqrt.c.obj (.text)
                  000090de    000000ce     device.obj (.text:Device_enableAllPeripherals)
                  000091ac    0000009c     rts2800_fpu32_eabi.lib : fd_add28.asm.obj (.text)
                  00009248    00000088                            : fs_div28.asm.obj (.text)
                  000092d0    00000083                            : fd_mpy28.asm.obj (.text)
                  00009353    00000080     hrpwm_ex1_duty_sfo.obj (.text:IIR_Filter)
                  000093d3    0000007a     hrpwm_ex1_duty_sfo.obj (.text:main)
                  0000944d    00000079     board.obj (.text:myADC0_init)
                  000094c6    00000074     board.obj (.text:myADC1_init)
                  0000953a    00000072     hrpwm_ex1_duty_sfo.obj (.text:savitzky_Filter)
                  000095ac    0000006a     driverlib.lib : gpio.obj (.text:GPIO_setAnalogMode)
                  00009616    00000065                   : sysctl.obj (.text:SysCtl_getClock)
                  0000967b    00000052                   : gpio.obj (.text:GPIO_setPadConfig)
                  000096cd    00000049                   : sysctl.obj (.text:SysCtl_selectOscSource)
                  00009716    00000046     board.obj (.text:ADC_setupSOC)
                  0000975c    00000046     driverlib.lib : sysctl.obj (.text:SysCtl_selectXTAL)
                  000097a2    00000045                   : sysctl.obj (.text:SysCtl_pollX1Counter)
                  000097e7    00000019     board.obj (.text:INTERRUPT_init)

.text.4    0    00009800    00000800     
                  00009800    00000040     board.obj (.text:EPWM_setActionQualifierAction)
                  00009840    0000003e     device.obj (.text:Device_init)
                  0000987e    0000003e     board.obj (.text:EPWM_setCounterCompareShadowLoadMode)
                  000098bc    0000003d     driverlib.lib : interrupt.obj (.text:Interrupt_initModule)
                  000098f9    00000037                   : gpio.obj (.text:GPIO_setControllerCore)
                  00009930    00000037                   : gpio.obj (.text:GPIO_setInterruptPin)
                  00009967    00000037                   : gpio.obj (.text:GPIO_setPinConfig)
                  0000999e    00000037                   : gpio.obj (.text:GPIO_setQualificationMode)
                  000099d5    00000037                   : interrupt.obj (.text:Interrupt_enable)
                  00009a0c    00000032     hrpwm_ex1_duty_sfo.obj (.text:INT_Push_Button_Start_XINT_ISR)
                  00009a3e    00000031     driverlib.lib : gpio.obj (.text:GPIO_setDirectionMode)
                  00009a6f    00000030     rts2800_fpu32_eabi.lib : copy_decompress_lzss.c.obj (.text:decompress:lzss)
                  00009a9f    0000002f     board.obj (.text:ADC_setInterruptSource)
                  00009ace    0000002e     board.obj (.text:ADC_setInterruptSOCTrigger)
                  00009afc    0000002c     board.obj (.text:EPWM_setDeadBandDelayMode)
                  00009b28    0000002b     board.obj (.text:EPWM_isBaseValid)
                  00009b53    0000002b     driverlib.lib : epwm.obj (.text:EPWM_isBaseValid)
                  00009b7e    0000002b     rts2800_fpu32_eabi.lib : autoinit.c.obj (.text:__TI_auto_init_nobinit_nopinit)
                  00009ba9    0000002a     hrpwm_ex1_duty_sfo.obj (.text:HRPWM_setCounterCompareValue)
                  00009bd3    0000002a     board.obj (.text:XBAR_setInputPin)
                  00009bfd    0000002a     driverlib.lib : gpio.obj (.text:XBAR_setInputPin)
                  00009c27    0000002a     rts2800_fpu32_eabi.lib : fd_cmp28.asm.obj (.text)
                  00009c51    00000029                            : exit.c.obj (.text)
                  00009c7a    00000028     driverlib.lib : adc.obj (.text:ADC_setOffsetTrimAll)
                  00009ca2    00000027                   : adc.obj (.text:ADC_setVREF)
                  00009cc9    00000027     hrpwm_ex1_duty_sfo.obj (.text:GPIO_writePin)
                  00009cf0    00000025     driverlib.lib : sysctl.obj (.text:SysCtl_selectXTALSingleEnded)
                  00009d15    00000025     board.obj (.text:myCPUTIMER0_init)
                  00009d3a    00000024     driverlib.lib : sysctl.obj (.text:DCC_enableSingleShotMode)
                  00009d5e    00000024     board.obj (.text:EPWM_setDeadBandDelayPolarity)
                  00009d82    00000023     hrpwm_ex1_duty_sfo.obj (.text:GPIO_readPin)
                  00009da5    00000023     rts2800_fpu32_eabi.lib : fd_tofsfpu32.asm.obj (.text)
                  00009dc8    00000022     board.obj (.text:EPWM_setCounterCompareValue)
                  00009dea    00000021     board.obj (.text:ADC_disableContinuousMode)
                  00009e0b    00000021     board.obj (.text:ADC_disableInterrupt)
                  00009e2c    00000021     board.obj (.text:EPWM_enableGlobalLoadRegisters)
                  00009e4d    00000020     board.obj (.text:ADC_enableInterrupt)
                  00009e6d    0000001f     board.obj (.text:EPWM_setFallingEdgeDelayCountShadowLoadMode)
                  00009e8c    0000001f     board.obj (.text:EPWM_setRisingEdgeDelayCountShadowLoadMode)
                  00009eab    0000001f     hrpwm_ex1_duty_sfo.obj (.text:GPIO_togglePin)
                  00009eca    0000001e     driverlib.lib : sysctl.obj (.text:DCC_setCounter0ClkSource)
                  00009ee8    0000001e                   : sysctl.obj (.text:DCC_setCounter1ClkSource)
                  00009f06    0000001e     board.obj (.text:EPWM_setPhaseShift)
                  00009f24    0000001e     driverlib.lib : interrupt.obj (.text:Interrupt_initVectorTable)
                  00009f42    0000001d     hrpwm_ex1_duty_sfo.obj (.text:ADC_getInterruptOverflowStatus)
                  00009f5f    0000001d     board.obj (.text:EPWM_setFallingEdgeDelayCount)
                  00009f7c    0000001d     board.obj (.text:EPWM_setRisingEdgeDelayCount)
                  00009f99    0000001d     rts2800_fpu32_eabi.lib : memcpy.c.obj (.text)
                  00009fb6    0000001c     board.obj (.text:ADC_setSOCPriority)
                  00009fd2    0000001c     board.obj (.text:EPWM_setClockPrescaler)
                  00009fee    00000012     board.obj (.text:EPWM_setTimeBaseCounter)

.text.5    0    0000a000    0000067d     
                  0000a000    0000001c     rts2800_fpu32_eabi.lib : fs_tofdfpu32.asm.obj (.text)
                  0000a01c    0000001b     hrpwm_ex1_duty_sfo.obj (.text:HRPWM_isBaseValid)
                  0000a037    0000001b     board.obj (.text:XBAR_isBaseValid)
                  0000a052    0000001b     driverlib.lib : gpio.obj (.text:XBAR_isBaseValid)
                  0000a06d    0000001a     hrpwm_ex1_duty_sfo.obj (.text:ADC_readResult)
                  0000a087    0000001a     board.obj (.text:ASysCtl_setAnalogReference1P65)
                  0000a0a1    0000001a     board.obj (.text:CPUTimer_startTimer)
                  0000a0bb    0000001a     driverlib.lib : sysctl.obj (.text:SysCtl_getLowSpeedClock)
                  0000a0d5    0000001a     rts2800_fpu32_eabi.lib : fd_tou28.asm.obj (.text)
                  0000a0ef    00000019     driverlib.lib : sysctl.obj (.text:SysCtl_setPLLSysClk)
                  0000a108    00000019     board.obj (.text:XBAR_lockInput)
                  0000a121    00000018     board.obj (.text:ASysCtl_setAnalogReferenceInternal)
                  0000a139    00000018     board.obj (.text:EPWM_disableFallingEdgeDelayCountShadowLoadMode)
                  0000a151    00000018     board.obj (.text:EPWM_disableRisingEdgeDelayCountShadowLoadMode)
                  0000a169    00000018     hrpwm_ex1_duty_sfo.obj (.text:SysCtl_disablePeripheral)
                  0000a181    00000017     board.obj (.text:ADC_isBaseValid)
                  0000a198    00000017     driverlib.lib : adc.obj (.text:ADC_isBaseValid)
                  0000a1af    00000017     hrpwm_ex1_duty_sfo.obj (.text:ADC_isBaseValid)
                  0000a1c6    00000017     board.obj (.text:Board_init)
                  0000a1dd    00000017     board.obj (.text:CPUTimer_isBaseValid)
                  0000a1f4    00000017     driverlib.lib : cputimer.obj (.text:CPUTimer_isBaseValid)
                  0000a20b    00000017     board.obj (.text:CPUTimer_setPreScaler)
                  0000a222    00000017     device.obj (.text:SysCtl_enablePeripheral)
                  0000a239    00000017     driverlib.lib : sysctl.obj (.text:SysCtl_enablePeripheral)
                  0000a250    00000017     hrpwm_ex1_duty_sfo.obj (.text:SysCtl_enablePeripheral)
                  0000a267    00000017     rts2800_fpu32_eabi.lib : boot28.asm.obj (.text)
                  0000a27e    00000017                            : u_tofd28.asm.obj (.text)
                  0000a295    00000016     board.obj (.text:ADC_setInterruptPulseMode)
                  0000a2ab    00000016     board.obj (.text:ADC_setPrescaler)
                  0000a2c1    00000016     driverlib.lib : sysctl.obj (.text:DCC_disableDoneSignal)
                  0000a2d7    00000016                   : epwm.obj (.text:EPWM_setEmulationMode)
                  0000a2ed    00000016                   : interrupt.obj (.text:Interrupt_defaultHandler)
                  0000a303    00000015     board.obj (.text:ADC_disableBurstMode)
                  0000a318    00000015     board.obj (.text:CPUTimer_enableInterrupt)
                  0000a32d    00000015     driverlib.lib : sysctl.obj (.text:DCC_clearDoneFlag)
                  0000a342    00000015                   : sysctl.obj (.text:DCC_clearErrorFlag)
                  0000a357    00000015                   : sysctl.obj (.text:DCC_disableErrorSignal)
                  0000a36c    00000015                   : sysctl.obj (.text:DCC_isBaseValid)
                  0000a381    00000015     device.obj (.text:GPIO_unlockPortConfig)
                  0000a396    00000014     hrpwm_ex1_duty_sfo.obj (.text:ADC_clearInterruptOverflowStatus)
                  0000a3aa    00000014     board.obj (.text:ADC_clearInterruptStatus)
                  0000a3be    00000014     hrpwm_ex1_duty_sfo.obj (.text:ADC_clearInterruptStatus)
                  0000a3d2    00000014     board.obj (.text:CPUTimer_reloadTimerCounter)
                  0000a3e6    00000014     board.obj (.text:CPUTimer_stopTimer)
                  0000a3fa    00000014     driverlib.lib : sysctl.obj (.text:DCC_disableModule)
                  0000a40e    00000014                   : sysctl.obj (.text:DCC_enableModule)
                  0000a422    00000014     board.obj (.text:EPWM_setTimeBaseCounterMode)
                  0000a436    00000014     board.obj (.text:EPWM_setTimeBasePeriod)
                  0000a44a    00000014     driverlib.lib : gpio.obj (.text:GPIO_isPinValid)
                  0000a45e    00000014     hrpwm_ex1_duty_sfo.obj (.text:GPIO_isPinValid)
                  0000a472    00000014     board.obj (.text:LED_D5_carte_principale_init)
                  0000a486    00000014     board.obj (.text:LED_D6_carte_principale_init)
                  0000a49a    00000014     board.obj (.text:Push_Button_Start_init)
                  0000a4ae    00000014     board.obj (.text:myLED_D1_init)
                  0000a4c2    00000014     board.obj (.text:myLED_D2_init)
                  0000a4d6    00000013     board.obj (.text:ADC_enableConverter)
                  0000a4e9    00000013     driverlib.lib : cputimer.obj (.text:CPUTimer_setEmulationMode)
                  0000a4fc    00000012     board.obj (.text:SysCtl_setSyncOutputConfig)
                  0000a50e    00000011     board.obj (.text:CPUTimer_setPeriod)
                  0000a51f    00000011     board.obj (.text:EPWM_disablePhaseShiftLoad)
                  0000a530    00000010     device.obj (.text:Device_initGPIO)
                  0000a540    00000010     board.obj (.text:GPIO_setInterruptType)
                  0000a550    0000000f     board.obj (.text:Interrupt_register)
                  0000a55f    0000000e     rts2800_fpu32_eabi.lib : fd_sub28.asm.obj (.text)
                  0000a56d    0000000d     driverlib.lib : interrupt.obj (.text:Interrupt_disableGlobal)
                  0000a57a    0000000d                   : interrupt.obj (.text:Interrupt_enableGlobal)
                  0000a587    0000000d     device.obj (.text:SysCtl_setLowSpeedClock)
                  0000a594    0000000d     rts2800_fpu32_eabi.lib : copy_zero_init.c.obj (.text:decompress:ZI:__TI_zero_init_nomemset)
                  0000a5a1    0000000c     board.obj (.text:Push_Button_Start_XINT_init)
                  0000a5ad    0000000c     board.obj (.text:SysCtl_enableExtADCSOCSource)
                  0000a5b9    0000000c     board.obj (.text:myINPUTXBARINPUT2_init)
                  0000a5c5    0000000c     rts2800_fpu32_eabi.lib : args_main.c.obj (.text)
                  0000a5d1    0000000b     board.obj (.text:GPIO_init)
                  0000a5dc    0000000b     device.obj (.text:SysCtl_disableWatchdog)
                  0000a5e7    0000000b     driverlib.lib : sysctl.obj (.text:SysCtl_isMCDClockFailureDetected)
                  0000a5f2    0000000a                   : interrupt.obj (.text:Interrupt_nmiHandler)
                  0000a5fc    0000000a     board.obj (.text:SYNC_init)
                  0000a606    00000009     board.obj (.text:ASYSCTL_init)
                  0000a60f    00000009     board.obj (.text:GPIO_enableInterrupt)
                  0000a618    00000009     rts2800_fpu32_eabi.lib : _lock.c.obj (.text)
                  0000a621    00000008                            : copy_decompress_none.c.obj (.text:decompress:none)
                  0000a629    00000008     f28003x_codestartbranch.obj (.text)
                  0000a631    00000007     board.obj (.text:ASysCtl_disableTemperatureSensor)
                  0000a638    00000007     device.obj (.text:ASysCtl_lockVREG)
                  0000a63f    00000007     board.obj (.text:INPUTXBAR_init)
                  0000a646    00000007     driverlib.lib : sysctl.obj (.text:SysCtl_resetMCD)
                  0000a64d    00000007     device.obj (.text:__error__)
                  0000a654    00000007     board.obj (.text:myINPUTXBARINPUT0_init)
                  0000a65b    00000007     board.obj (.text:myINPUTXBARINPUT1_init)
                  0000a662    00000006     hrpwm_ex1_duty_sfo.obj (.text:Interrupt_clearACKGroup)
                  0000a668    00000005     board.obj (.text:ADC_init)
                  0000a66d    00000004     device.obj (.text:SysCtl_deviceCal)
                  0000a671    00000003     board.obj (.text:CPUTIMER_init)
                  0000a674    00000003     board.obj (.text:XINT_init)
                  0000a677    00000003     hrpwm_ex1_duty_sfo.obj (.text:error)
                  0000a67a    00000002     rts2800_fpu32_eabi.lib : pre_init.c.obj (.text)
                  0000a67c    00000001                            : startup.c.obj (.text)

MODULE SUMMARY

       Module                                   code   ro data   rw data
       ------                                   ----   -------   -------
    .\
       hrpwm_ex1_duty_sfo.obj                   2529   299       386    
    +--+----------------------------------------+------+---------+---------+
       Total:                                   2529   299       386    
                                                                        
    .\device\
       device.obj                               370    89        0      
       f28003x_codestartbranch.obj              10     0         0      
    +--+----------------------------------------+------+---------+---------+
       Total:                                   380    89        0      
                                                                        
    .\syscfg\
       board.obj                                3094   348       0      
    +--+----------------------------------------+------+---------+---------+
       Total:                                   3094   348       0      
                                                                        
    C:/ti/c2000/C2000Ware_5_02_00_00/driverlib/f28003x/driverlib/ccs/Debug/driverlib.lib
       sysctl.obj                               1348   154       0      
       gpio.obj                                 546    152       0      
       epwm.obj                                 65     152       0      
       interrupt.obj                            214    0         0      
       adc.obj                                  102    75        0      
       cputimer.obj                             42     80        0      
    +--+----------------------------------------+------+---------+---------+
       Total:                                   2317   613       0      
                                                                        
    C:\ti\c2000\C2000Ware_5_02_00_00\libraries\calibration\hrpwm\f28003x\lib\SFO_v8_fpu_lib_build_c28_driverlib_eabi.lib
       SFO_v8_fpu_lib_build_c28_driverlib.obj   497    0         15     
    +--+----------------------------------------+------+---------+---------+
       Total:                                   497    0         15     
                                                                        
    C:\ti\ccs1260\ccs\tools\compiler\ti-cgt-c2000_22.6.1.LTS\lib\rts2800_fpu32_eabi.lib
       e_sqrt.c.obj                             222    12        0      
       fd_add28.asm.obj                         156    0         0      
       fs_div28.asm.obj                         136    0         0      
       fd_mpy28.asm.obj                         131    0         0      
       copy_decompress_lzss.c.obj               48     0         0      
       exit.c.obj                               41     0         6      
       autoinit.c.obj                           43     0         0      
       fd_cmp28.asm.obj                         42     0         0      
       fd_tofsfpu32.asm.obj                     35     0         0      
       memcpy.c.obj                             29     0         0      
       fs_tofdfpu32.asm.obj                     28     0         0      
       fd_tou28.asm.obj                         26     0         0      
       boot28.asm.obj                           23     0         0      
       u_tofd28.asm.obj                         23     0         0      
       fd_sub28.asm.obj                         14     0         0      
       _lock.c.obj                              9      0         4      
       copy_zero_init.c.obj                     13     0         0      
       args_main.c.obj                          12     0         0      
       copy_decompress_none.c.obj               8      0         0      
       pre_init.c.obj                           2      0         0      
       errno.c.obj                              0      0         1      
       startup.c.obj                            1      0         0      
    +--+----------------------------------------+------+---------+---------+
       Total:                                   1042   12        11     
                                                                        
       Stack:                                   0      0         512    
       Linker Generated:                        0      114       0      
    +--+----------------------------------------+------+---------+---------+
       Grand Total:                             9859   1475      924    


LINKER GENERATED COPY TABLES

__TI_cinit_table @ 00000196 records: 2, size/record: 4, table size: 8
	.data: load addr=0000012c, load size=00000060 bytes, run addr=0000ad54, run size=00000180 bytes, compression=lzss
	.bss: load addr=00000192, load size=00000004 bytes, run addr=0000aed4, run size=0000001c bytes, compression=zero_init


LINKER GENERATED HANDLER TABLE

__TI_handler_table @ 0000018c records: 3, size/record: 2, table size: 6
	index: 0, handler: __TI_zero_init
	index: 1, handler: __TI_decompress_lzss
	index: 2, handler: __TI_decompress_none


GLOBAL DATA SYMBOLS: SORTED BY DATA PAGE

address     data page           name
--------    ----------------    ----
00000400      10 (00000400)     __stack

0000ad36     2b4 (0000ad00)     SAVITZKY

0000ad54     2b5 (0000ad40)     pos1Buff
0000ad66     2b5 (0000ad40)     pos2Buff
0000ad78     2b5 (0000ad40)     IN3
0000ad7e     2b5 (0000ad40)     _lock

0000ad80     2b6 (0000ad80)     dt_mean
0000ad81     2b6 (0000ad80)     startReg
0000ad82     2b6 (0000ad80)     endReg
0000ad83     2b6 (0000ad80)     takeOff
0000ad84     2b6 (0000ad80)     takeOff2
0000ad85     2b6 (0000ad80)     phase1
0000ad86     2b6 (0000ad80)     startPrg
0000ad87     2b6 (0000ad80)     calibration
0000ad88     2b6 (0000ad80)     blinking
0000ad89     2b6 (0000ad80)     compt
0000ad8a     2b6 (0000ad80)     i_intern
0000ad8b     2b6 (0000ad80)     i_send
0000ad8c     2b6 (0000ad80)     start_ISOZ
0000ad8d     2b6 (0000ad80)     stop_ISOZ
0000ad8e     2b6 (0000ad80)     count_ext_int
0000ad8f     2b6 (0000ad80)     Ext_Int_Flag
0000ad90     2b6 (0000ad80)     state_PIN
0000ad92     2b6 (0000ad80)     Position1
0000ad94     2b6 (0000ad80)     Position2
0000ad96     2b6 (0000ad80)     Position3
0000ad98     2b6 (0000ad80)     Position4
0000ad9a     2b6 (0000ad80)     Position_inter_1
0000ad9c     2b6 (0000ad80)     Position_inter_2
0000ad9e     2b6 (0000ad80)     Position_inter_3
0000ada0     2b6 (0000ad80)     Position_inter_4
0000ada2     2b6 (0000ad80)     PositionInit1
0000ada4     2b6 (0000ad80)     PositionInit2
0000ada6     2b6 (0000ad80)     PositionInit3
0000ada8     2b6 (0000ad80)     PositionInit4
0000adaa     2b6 (0000ad80)     Current1
0000adac     2b6 (0000ad80)     Current2
0000adae     2b6 (0000ad80)     Current3
0000adb0     2b6 (0000ad80)     Current4
0000adb2     2b6 (0000ad80)     CurrentInit1
0000adb4     2b6 (0000ad80)     CurrentInit2
0000adb6     2b6 (0000ad80)     CurrentInit3
0000adb8     2b6 (0000ad80)     CurrentInit4
0000adba     2b6 (0000ad80)     dutyCycle1
0000adbc     2b6 (0000ad80)     dutyCycle2
0000adbe     2b6 (0000ad80)     dutyCycle3

0000adc0     2b7 (0000adc0)     dutyCycle4
0000adc2     2b7 (0000adc0)     uc1
0000adc4     2b7 (0000adc0)     uc2
0000adc6     2b7 (0000adc0)     uc3
0000adc8     2b7 (0000adc0)     uc4
0000adca     2b7 (0000adc0)     mean1
0000adcc     2b7 (0000adc0)     mean2
0000adce     2b7 (0000adc0)     mean3
0000add0     2b7 (0000adc0)     mean4
0000add2     2b7 (0000adc0)     Kp_i
0000add4     2b7 (0000adc0)     Ti_i
0000add6     2b7 (0000adc0)     Gi_i
0000add8     2b7 (0000adc0)     ic1
0000adda     2b7 (0000adc0)     ie1
0000addc     2b7 (0000adc0)     ue1
0000adde     2b7 (0000adc0)     uc1_prim
0000ade0     2b7 (0000adc0)     antiwindup
0000ade2     2b7 (0000adc0)     integral_i1
0000ade4     2b7 (0000adc0)     fperturb1
0000ade6     2b7 (0000adc0)     fc1
0000ade8     2b7 (0000adc0)     v1
0000adea     2b7 (0000adc0)     I
0000adec     2b7 (0000adc0)     Kw
0000adee     2b7 (0000adc0)     Kd
0000adf0     2b7 (0000adc0)     Kddot
0000adf2     2b7 (0000adc0)     Kr
0000adf4     2b7 (0000adc0)     K_antiwindup
0000adf6     2b7 (0000adc0)     Kw_change
0000adf8     2b7 (0000adc0)     Kd_change
0000adfa     2b7 (0000adc0)     Kddot_change
0000adfc     2b7 (0000adc0)     Kr_change
0000adfe     2b7 (0000adc0)     Kw_sans_int

0000ae00     2b8 (0000ae00)     Kd_sans_int
0000ae02     2b8 (0000ae00)     Kddot_sans_int
0000ae04     2b8 (0000ae00)     Kr_sans_int
0000ae06     2b8 (0000ae00)     ep1
0000ae08     2b8 (0000ae00)     Position_c1
0000ae0a     2b8 (0000ae00)     Position_c2
0000ae0c     2b8 (0000ae00)     Position_c3
0000ae0e     2b8 (0000ae00)     Position_c4
0000ae10     2b8 (0000ae00)     xr1
0000ae12     2b8 (0000ae00)     fce1
0000ae14     2b8 (0000ae00)     sum_vp1
0000ae16     2b8 (0000ae00)     fc1_prim
0000ae18     2b8 (0000ae00)     antiwindup_pos
0000ae1a     2b8 (0000ae00)     Pos1_to_regul
0000ae1c     2b8 (0000ae00)     Pos2_to_regul
0000ae1e     2b8 (0000ae00)     Pos3_to_regul
0000ae20     2b8 (0000ae00)     Pos4_to_regul
0000ae22     2b8 (0000ae00)     i_store_change_poles_placement
0000ae24     2b8 (0000ae00)     i_store_2e_decollage
0000ae26     2b8 (0000ae00)     ic2
0000ae28     2b8 (0000ae00)     ie2
0000ae2a     2b8 (0000ae00)     ue2
0000ae2c     2b8 (0000ae00)     uc2_prim
0000ae2e     2b8 (0000ae00)     integral_i2
0000ae30     2b8 (0000ae00)     fc2
0000ae32     2b8 (0000ae00)     v2
0000ae34     2b8 (0000ae00)     ep2
0000ae36     2b8 (0000ae00)     xr2
0000ae38     2b8 (0000ae00)     fce2
0000ae3a     2b8 (0000ae00)     sum_vp2
0000ae3c     2b8 (0000ae00)     fc2_prim
0000ae3e     2b8 (0000ae00)     Position2_c3

0000ae40     2b9 (0000ae40)     Position2_c4
0000ae42     2b9 (0000ae40)     ic3
0000ae44     2b9 (0000ae40)     ie3
0000ae46     2b9 (0000ae40)     ue3
0000ae48     2b9 (0000ae40)     uc3_prim
0000ae4a     2b9 (0000ae40)     integral_i3
0000ae4c     2b9 (0000ae40)     fc3
0000ae4e     2b9 (0000ae40)     v3
0000ae50     2b9 (0000ae40)     ep3
0000ae52     2b9 (0000ae40)     xr3
0000ae54     2b9 (0000ae40)     fce3
0000ae56     2b9 (0000ae40)     sum_vp3
0000ae58     2b9 (0000ae40)     fc3_prim
0000ae5a     2b9 (0000ae40)     ic4
0000ae5c     2b9 (0000ae40)     ie4
0000ae5e     2b9 (0000ae40)     ue4
0000ae60     2b9 (0000ae40)     uc4_prim
0000ae62     2b9 (0000ae40)     integral_i4
0000ae64     2b9 (0000ae40)     fc4
0000ae66     2b9 (0000ae40)     v4
0000ae68     2b9 (0000ae40)     ep4
0000ae6a     2b9 (0000ae40)     xr4
0000ae6c     2b9 (0000ae40)     fce4
0000ae6e     2b9 (0000ae40)     sum_vp4
0000ae70     2b9 (0000ae40)     fc4_prim
0000ae72     2b9 (0000ae40)     theta
0000ae74     2b9 (0000ae40)     i_store
0000ae76     2b9 (0000ae40)     i_test
0000ae78     2b9 (0000ae40)     fc1f
0000ae7a     2b9 (0000ae40)     fc2f
0000ae7c     2b9 (0000ae40)     fc3f
0000ae7e     2b9 (0000ae40)     fc4f

0000ae80     2ba (0000ae80)     i01
0000ae82     2ba (0000ae80)     i02
0000ae84     2ba (0000ae80)     i03
0000ae86     2ba (0000ae80)     i04
0000ae88     2ba (0000ae80)     dutyFine
0000ae8a     2ba (0000ae80)     duty
0000ae8c     2ba (0000ae80)     duty_int
0000ae8e     2ba (0000ae80)     pos3Buff
0000aea0     2ba (0000ae80)     pos4Buff
0000aeb2     2ba (0000ae80)     ePWM
0000aebc     2ba (0000ae80)     b

0000aec2     2bb (0000aec0)     __TI_enable_exit_profile_output
0000aec4     2bb (0000aec0)     __TI_cleanup_ptr
0000aec6     2bb (0000aec0)     __TI_dtors_ptr
0000aec8     2bb (0000aec0)     OUT3
0000aecc     2bb (0000aec0)     a
0000aed0     2bb (0000aec0)     _unlock
0000aed3     2bb (0000aec0)     errno
0000aed4     2bb (0000aec0)     status
0000aed5     2bb (0000aec0)     ADC_pos_1
0000aed6     2bb (0000aec0)     ADC_pos_2
0000aed7     2bb (0000aec0)     ADC_pos_3
0000aed8     2bb (0000aec0)     ADC_pos_4
0000aed9     2bb (0000aec0)     ADC_cur_1
0000aeda     2bb (0000aec0)     ADC_cur_2
0000aedb     2bb (0000aec0)     ADC_cur_3
0000aedc     2bb (0000aec0)     ADC_cur_4
0000aedd     2bb (0000aec0)     pos_1
0000aede     2bb (0000aec0)     pos_2
0000aedf     2bb (0000aec0)     pos_3
0000aee0     2bb (0000aec0)     pos_4
0000aee1     2bb (0000aec0)     MEP_ScaleFactor
0000aee2     2bb (0000aec0)     MEP_SF
0000aeeb     2bb (0000aec0)     SFO_CAL


GLOBAL SYMBOLS: SORTED ALPHABETICALLY BY Name 

page  address   name                             
----  -------   ----                             
0     0000aed9  ADC_cur_1                        
0     0000aeda  ADC_cur_2                        
0     0000aedb  ADC_cur_3                        
0     0000aedc  ADC_cur_4                        
0     0000a668  ADC_init                         
0     0000aed5  ADC_pos_1                        
0     0000aed6  ADC_pos_2                        
0     0000aed7  ADC_pos_3                        
0     0000aed8  ADC_pos_4                        
0     00009c7a  ADC_setOffsetTrimAll             
0     00009ca2  ADC_setVREF                      
0     0000a606  ASYSCTL_init                     
0     0000a1c6  Board_init                       
0     00009c51  C$$EXIT                          
0     0000a671  CPUTIMER_init                    
0     0000a4e9  CPUTimer_setEmulationMode        
0     0000adaa  Current1                         
0     0000adac  Current2                         
0     0000adae  Current3                         
0     0000adb0  Current4                         
0     0000adb2  CurrentInit1                     
0     0000adb4  CurrentInit2                     
0     0000adb6  CurrentInit3                     
0     0000adb8  CurrentInit4                     
0     000090de  Device_enableAllPeripherals      
0     00009840  Device_init                      
0     0000a530  Device_initGPIO                  
0     00008800  EPWM_init                        
0     0000a2d7  EPWM_setEmulationMode            
0     0000ad8f  Ext_Int_Flag                     
0     0000a5d1  GPIO_init                        
0     000095ac  GPIO_setAnalogMode               
0     000098f9  GPIO_setControllerCore           
0     00009a3e  GPIO_setDirectionMode            
0     00009930  GPIO_setInterruptPin             
0     0000967b  GPIO_setPadConfig                
0     00009967  GPIO_setPinConfig                
0     0000999e  GPIO_setQualificationMode        
0     0000add6  Gi_i                             
0     0000adea  I                                
0     00009353  IIR_Filter                       
0     0000ad78  IN3                              
0     0000a63f  INPUTXBAR_init                   
0     000097e7  INTERRUPT_init                   
0     00009a0c  INT_Push_Button_Start_XINT_ISR   
0     0000a2ed  Interrupt_defaultHandler         
0     000099d5  Interrupt_enable                 
0     000087f6  Interrupt_illegalOperationHandler
0     000098bc  Interrupt_initModule             
0     00009f24  Interrupt_initVectorTable        
0     0000a5f2  Interrupt_nmiHandler             
0     0000adf4  K_antiwindup                     
0     0000adee  Kd                               
0     0000adf8  Kd_change                        
0     0000ae00  Kd_sans_int                      
0     0000adf0  Kddot                            
0     0000adfa  Kddot_change                     
0     0000ae02  Kddot_sans_int                   
0     0000add2  Kp_i                             
0     0000adf2  Kr                               
0     0000adfc  Kr_change                        
0     0000ae04  Kr_sans_int                      
0     0000adec  Kw                               
0     0000adf6  Kw_change                        
0     0000adfe  Kw_sans_int                      
0     0000a472  LED_D5_carte_principale_init     
0     0000a486  LED_D6_carte_principale_init     
0     0000aee2  MEP_SF                           
0     0000aee1  MEP_ScaleFactor                  
0     0000aec8  OUT3                             
0     00008d28  PinMux_init                      
0     0000ae1a  Pos1_to_regul                    
0     0000ae1c  Pos2_to_regul                    
0     0000ae1e  Pos3_to_regul                    
0     0000ae20  Pos4_to_regul                    
0     0000ad92  Position1                        
0     0000ad94  Position2                        
0     0000ae3e  Position2_c3                     
0     0000ae40  Position2_c4                     
0     0000ad96  Position3                        
0     0000ad98  Position4                        
0     0000ada2  PositionInit1                    
0     0000ada4  PositionInit2                    
0     0000ada6  PositionInit3                    
0     0000ada8  PositionInit4                    
0     0000ae08  Position_c1                      
0     0000ae0a  Position_c2                      
0     0000ae0c  Position_c3                      
0     0000ae0e  Position_c4                      
0     0000ad9a  Position_inter_1                 
0     0000ad9c  Position_inter_2                 
0     0000ad9e  Position_inter_3                 
0     0000ada0  Position_inter_4                 
0     0000a5a1  Push_Button_Start_XINT_init      
0     0000a49a  Push_Button_Start_init           
0     0000ad36  SAVITZKY                         
0     00008b37  SFO                              
0     0000aeeb  SFO_CAL                          
0     0000a5fc  SYNC_init                        
0     00000128  SysCtl_delay                     
0     00009616  SysCtl_getClock                  
0     0000a0bb  SysCtl_getLowSpeedClock          
0     00008e8f  SysCtl_isPLLValid                
0     000096cd  SysCtl_selectOscSource           
0     0000975c  SysCtl_selectXTAL                
0     00009cf0  SysCtl_selectXTALSingleEnded     
0     000086d3  SysCtl_setClock                  
0     0000add4  Ti_i                             
0     0000a674  XINT_init                        
0     00000196  __TI_CINIT_Base                  
0     0000019e  __TI_CINIT_Limit                 
0     0000019e  __TI_CINIT_Warm                  
0     0000018c  __TI_Handler_Table_Base          
0     00000192  __TI_Handler_Table_Limit         
0     00000600  __TI_STACK_END                   
abs   00000200  __TI_STACK_SIZE                  
0     00009b7e  __TI_auto_init_nobinit_nopinit   
0     0000aec4  __TI_cleanup_ptr                 
0     00009a6f  __TI_decompress_lzss             
0     0000a621  __TI_decompress_none             
0     0000aec6  __TI_dtors_ptr                   
0     0000aec2  __TI_enable_exit_profile_output  
abs   ffffffff  __TI_pprof_out_hndl              
abs   ffffffff  __TI_prof_data_size              
abs   ffffffff  __TI_prof_data_start             
0     0000a594  __TI_zero_init_nomemset          
0     000091ac  __c28xabi_addd                   
0     00009c27  __c28xabi_cmpd                   
0     00009248  __c28xabi_divf                   
0     00009da5  __c28xabi_dtof                   
0     0000a0d5  __c28xabi_dtou                   
0     0000a000  __c28xabi_ftod                   
0     000092d0  __c28xabi_mpyd                   
0     0000a55f  __c28xabi_subd                   
0     0000a27e  __c28xabi_utod                   
n/a   UNDEFED   __c_args__                       
0     0000a64d  __error__                        
0     00000400  __stack                          
0     0000a5c5  _args_main                       
0     0000a267  _c_int00                         
0     0000ad7e  _lock                            
0     0000a620  _nop                             
0     0000a61c  _register_lock                   
0     0000a618  _register_unlock                 
0     0000a67c  _system_post_cinit               
0     0000a67a  _system_pre_init                 
0     0000aed0  _unlock                          
0     0000aecc  a                                
0     00009c51  abort                            
0     00008000  adcA1ISR                         
0     0000ade0  antiwindup                       
0     0000ae18  antiwindup_pos                   
0     0000aebc  b                                
0     0000ad88  blinking                         
0     0000ad87  calibration                      
0     00000000  code_start                       
0     0000ad89  compt                            
0     0000ad8e  count_ext_int                    
0     0000ad80  dt_mean                          
0     0000ae8a  duty                             
0     0000adba  dutyCycle1                       
0     0000adbc  dutyCycle2                       
0     0000adbe  dutyCycle3                       
0     0000adc0  dutyCycle4                       
0     0000ae88  dutyFine                         
0     0000ae8c  duty_int                         
0     0000aeb2  ePWM                             
0     0000ad82  endReg                           
0     0000ae06  ep1                              
0     0000ae34  ep2                              
0     0000ae50  ep3                              
0     0000ae68  ep4                              
0     0000aed3  errno                            
0     0000a677  error                            
0     00009c53  exit                             
0     0000ade6  fc1                              
0     0000ae16  fc1_prim                         
0     0000ae78  fc1f                             
0     0000ae30  fc2                              
0     0000ae3c  fc2_prim                         
0     0000ae7a  fc2f                             
0     0000ae4c  fc3                              
0     0000ae58  fc3_prim                         
0     0000ae7c  fc3f                             
0     0000ae64  fc4                              
0     0000ae70  fc4_prim                         
0     0000ae7e  fc4f                             
0     0000ae12  fce1                             
0     0000ae38  fce2                             
0     0000ae54  fce3                             
0     0000ae6c  fce4                             
0     0000ade4  fperturb1                        
0     0000ae80  i01                              
0     0000ae82  i02                              
0     0000ae84  i03                              
0     0000ae86  i04                              
0     0000ad8a  i_intern                         
0     0000ad8b  i_send                           
0     0000ae74  i_store                          
0     0000ae24  i_store_2e_decollage             
0     0000ae22  i_store_change_poles_placement   
0     0000ae76  i_test                           
0     0000add8  ic1                              
0     0000ae26  ic2                              
0     0000ae42  ic3                              
0     0000ae5a  ic4                              
0     0000adda  ie1                              
0     0000ae28  ie2                              
0     0000ae44  ie3                              
0     0000ae5c  ie4                              
0     0000ade2  integral_i1                      
0     0000ae2e  integral_i2                      
0     0000ae4a  integral_i3                      
0     0000ae62  integral_i4                      
0     000093d3  main                             
0     0000adca  mean1                            
0     0000adcc  mean2                            
0     0000adce  mean3                            
0     0000add0  mean4                            
0     00009f99  memcpy                           
0     0000944d  myADC0_init                      
0     000094c6  myADC1_init                      
0     00009d15  myCPUTIMER0_init                 
0     0000a654  myINPUTXBARINPUT0_init           
0     0000a65b  myINPUTXBARINPUT1_init           
0     0000a5b9  myINPUTXBARINPUT2_init           
0     0000a4ae  myLED_D1_init                    
0     0000a4c2  myLED_D2_init                    
0     0000ad85  phase1                           
0     0000ad54  pos1Buff                         
0     0000ad66  pos2Buff                         
0     0000ae8e  pos3Buff                         
0     0000aea0  pos4Buff                         
0     0000aedd  pos_1                            
0     0000aede  pos_2                            
0     0000aedf  pos_3                            
0     0000aee0  pos_4                            
0     0000953a  savitzky_Filter                  
0     00009000  sqrt                             
0     00009000  sqrtl                            
0     0000ad86  startPrg                         
0     0000ad81  startReg                         
0     0000ad8c  start_ISOZ                       
0     0000ad90  state_PIN                        
0     0000aed4  status                           
0     0000ad8d  stop_ISOZ                        
0     0000ae14  sum_vp1                          
0     0000ae3a  sum_vp2                          
0     0000ae56  sum_vp3                          
0     0000ae6e  sum_vp4                          
0     0000ad83  takeOff                          
0     0000ad84  takeOff2                         
0     0000ae72  theta                            
0     0000adc2  uc1                              
0     0000adde  uc1_prim                         
0     0000adc4  uc2                              
0     0000ae2c  uc2_prim                         
0     0000adc6  uc3                              
0     0000ae48  uc3_prim                         
0     0000adc8  uc4                              
0     0000ae60  uc4_prim                         
0     0000addc  ue1                              
0     0000ae2a  ue2                              
0     0000ae46  ue3                              
0     0000ae5e  ue4                              
0     0000ade8  v1                               
0     0000ae32  v2                               
0     0000ae4e  v3                               
0     0000ae66  v4                               
0     0000ae10  xr1                              
0     0000ae36  xr2                              
0     0000ae52  xr3                              
0     0000ae6a  xr4                              


GLOBAL SYMBOLS: SORTED BY Symbol Address 

page  address   name                             
----  -------   ----                             
0     00000000  code_start                       
0     00000128  SysCtl_delay                     
0     0000018c  __TI_Handler_Table_Base          
0     00000192  __TI_Handler_Table_Limit         
0     00000196  __TI_CINIT_Base                  
0     0000019e  __TI_CINIT_Limit                 
0     0000019e  __TI_CINIT_Warm                  
0     00000400  __stack                          
0     00000600  __TI_STACK_END                   
0     00008000  adcA1ISR                         
0     000086d3  SysCtl_setClock                  
0     000087f6  Interrupt_illegalOperationHandler
0     00008800  EPWM_init                        
0     00008b37  SFO                              
0     00008d28  PinMux_init                      
0     00008e8f  SysCtl_isPLLValid                
0     00009000  sqrt                             
0     00009000  sqrtl                            
0     000090de  Device_enableAllPeripherals      
0     000091ac  __c28xabi_addd                   
0     00009248  __c28xabi_divf                   
0     000092d0  __c28xabi_mpyd                   
0     00009353  IIR_Filter                       
0     000093d3  main                             
0     0000944d  myADC0_init                      
0     000094c6  myADC1_init                      
0     0000953a  savitzky_Filter                  
0     000095ac  GPIO_setAnalogMode               
0     00009616  SysCtl_getClock                  
0     0000967b  GPIO_setPadConfig                
0     000096cd  SysCtl_selectOscSource           
0     0000975c  SysCtl_selectXTAL                
0     000097e7  INTERRUPT_init                   
0     00009840  Device_init                      
0     000098bc  Interrupt_initModule             
0     000098f9  GPIO_setControllerCore           
0     00009930  GPIO_setInterruptPin             
0     00009967  GPIO_setPinConfig                
0     0000999e  GPIO_setQualificationMode        
0     000099d5  Interrupt_enable                 
0     00009a0c  INT_Push_Button_Start_XINT_ISR   
0     00009a3e  GPIO_setDirectionMode            
0     00009a6f  __TI_decompress_lzss             
0     00009b7e  __TI_auto_init_nobinit_nopinit   
0     00009c27  __c28xabi_cmpd                   
0     00009c51  C$$EXIT                          
0     00009c51  abort                            
0     00009c53  exit                             
0     00009c7a  ADC_setOffsetTrimAll             
0     00009ca2  ADC_setVREF                      
0     00009cf0  SysCtl_selectXTALSingleEnded     
0     00009d15  myCPUTIMER0_init                 
0     00009da5  __c28xabi_dtof                   
0     00009f24  Interrupt_initVectorTable        
0     00009f99  memcpy                           
0     0000a000  __c28xabi_ftod                   
0     0000a0bb  SysCtl_getLowSpeedClock          
0     0000a0d5  __c28xabi_dtou                   
0     0000a1c6  Board_init                       
0     0000a267  _c_int00                         
0     0000a27e  __c28xabi_utod                   
0     0000a2d7  EPWM_setEmulationMode            
0     0000a2ed  Interrupt_defaultHandler         
0     0000a472  LED_D5_carte_principale_init     
0     0000a486  LED_D6_carte_principale_init     
0     0000a49a  Push_Button_Start_init           
0     0000a4ae  myLED_D1_init                    
0     0000a4c2  myLED_D2_init                    
0     0000a4e9  CPUTimer_setEmulationMode        
0     0000a530  Device_initGPIO                  
0     0000a55f  __c28xabi_subd                   
0     0000a594  __TI_zero_init_nomemset          
0     0000a5a1  Push_Button_Start_XINT_init      
0     0000a5b9  myINPUTXBARINPUT2_init           
0     0000a5c5  _args_main                       
0     0000a5d1  GPIO_init                        
0     0000a5f2  Interrupt_nmiHandler             
0     0000a5fc  SYNC_init                        
0     0000a606  ASYSCTL_init                     
0     0000a618  _register_unlock                 
0     0000a61c  _register_lock                   
0     0000a620  _nop                             
0     0000a621  __TI_decompress_none             
0     0000a63f  INPUTXBAR_init                   
0     0000a64d  __error__                        
0     0000a654  myINPUTXBARINPUT0_init           
0     0000a65b  myINPUTXBARINPUT1_init           
0     0000a668  ADC_init                         
0     0000a671  CPUTIMER_init                    
0     0000a674  XINT_init                        
0     0000a677  error                            
0     0000a67a  _system_pre_init                 
0     0000a67c  _system_post_cinit               
0     0000ad36  SAVITZKY                         
0     0000ad54  pos1Buff                         
0     0000ad66  pos2Buff                         
0     0000ad78  IN3                              
0     0000ad7e  _lock                            
0     0000ad80  dt_mean                          
0     0000ad81  startReg                         
0     0000ad82  endReg                           
0     0000ad83  takeOff                          
0     0000ad84  takeOff2                         
0     0000ad85  phase1                           
0     0000ad86  startPrg                         
0     0000ad87  calibration                      
0     0000ad88  blinking                         
0     0000ad89  compt                            
0     0000ad8a  i_intern                         
0     0000ad8b  i_send                           
0     0000ad8c  start_ISOZ                       
0     0000ad8d  stop_ISOZ                        
0     0000ad8e  count_ext_int                    
0     0000ad8f  Ext_Int_Flag                     
0     0000ad90  state_PIN                        
0     0000ad92  Position1                        
0     0000ad94  Position2                        
0     0000ad96  Position3                        
0     0000ad98  Position4                        
0     0000ad9a  Position_inter_1                 
0     0000ad9c  Position_inter_2                 
0     0000ad9e  Position_inter_3                 
0     0000ada0  Position_inter_4                 
0     0000ada2  PositionInit1                    
0     0000ada4  PositionInit2                    
0     0000ada6  PositionInit3                    
0     0000ada8  PositionInit4                    
0     0000adaa  Current1                         
0     0000adac  Current2                         
0     0000adae  Current3                         
0     0000adb0  Current4                         
0     0000adb2  CurrentInit1                     
0     0000adb4  CurrentInit2                     
0     0000adb6  CurrentInit3                     
0     0000adb8  CurrentInit4                     
0     0000adba  dutyCycle1                       
0     0000adbc  dutyCycle2                       
0     0000adbe  dutyCycle3                       
0     0000adc0  dutyCycle4                       
0     0000adc2  uc1                              
0     0000adc4  uc2                              
0     0000adc6  uc3                              
0     0000adc8  uc4                              
0     0000adca  mean1                            
0     0000adcc  mean2                            
0     0000adce  mean3                            
0     0000add0  mean4                            
0     0000add2  Kp_i                             
0     0000add4  Ti_i                             
0     0000add6  Gi_i                             
0     0000add8  ic1                              
0     0000adda  ie1                              
0     0000addc  ue1                              
0     0000adde  uc1_prim                         
0     0000ade0  antiwindup                       
0     0000ade2  integral_i1                      
0     0000ade4  fperturb1                        
0     0000ade6  fc1                              
0     0000ade8  v1                               
0     0000adea  I                                
0     0000adec  Kw                               
0     0000adee  Kd                               
0     0000adf0  Kddot                            
0     0000adf2  Kr                               
0     0000adf4  K_antiwindup                     
0     0000adf6  Kw_change                        
0     0000adf8  Kd_change                        
0     0000adfa  Kddot_change                     
0     0000adfc  Kr_change                        
0     0000adfe  Kw_sans_int                      
0     0000ae00  Kd_sans_int                      
0     0000ae02  Kddot_sans_int                   
0     0000ae04  Kr_sans_int                      
0     0000ae06  ep1                              
0     0000ae08  Position_c1                      
0     0000ae0a  Position_c2                      
0     0000ae0c  Position_c3                      
0     0000ae0e  Position_c4                      
0     0000ae10  xr1                              
0     0000ae12  fce1                             
0     0000ae14  sum_vp1                          
0     0000ae16  fc1_prim                         
0     0000ae18  antiwindup_pos                   
0     0000ae1a  Pos1_to_regul                    
0     0000ae1c  Pos2_to_regul                    
0     0000ae1e  Pos3_to_regul                    
0     0000ae20  Pos4_to_regul                    
0     0000ae22  i_store_change_poles_placement   
0     0000ae24  i_store_2e_decollage             
0     0000ae26  ic2                              
0     0000ae28  ie2                              
0     0000ae2a  ue2                              
0     0000ae2c  uc2_prim                         
0     0000ae2e  integral_i2                      
0     0000ae30  fc2                              
0     0000ae32  v2                               
0     0000ae34  ep2                              
0     0000ae36  xr2                              
0     0000ae38  fce2                             
0     0000ae3a  sum_vp2                          
0     0000ae3c  fc2_prim                         
0     0000ae3e  Position2_c3                     
0     0000ae40  Position2_c4                     
0     0000ae42  ic3                              
0     0000ae44  ie3                              
0     0000ae46  ue3                              
0     0000ae48  uc3_prim                         
0     0000ae4a  integral_i3                      
0     0000ae4c  fc3                              
0     0000ae4e  v3                               
0     0000ae50  ep3                              
0     0000ae52  xr3                              
0     0000ae54  fce3                             
0     0000ae56  sum_vp3                          
0     0000ae58  fc3_prim                         
0     0000ae5a  ic4                              
0     0000ae5c  ie4                              
0     0000ae5e  ue4                              
0     0000ae60  uc4_prim                         
0     0000ae62  integral_i4                      
0     0000ae64  fc4                              
0     0000ae66  v4                               
0     0000ae68  ep4                              
0     0000ae6a  xr4                              
0     0000ae6c  fce4                             
0     0000ae6e  sum_vp4                          
0     0000ae70  fc4_prim                         
0     0000ae72  theta                            
0     0000ae74  i_store                          
0     0000ae76  i_test                           
0     0000ae78  fc1f                             
0     0000ae7a  fc2f                             
0     0000ae7c  fc3f                             
0     0000ae7e  fc4f                             
0     0000ae80  i01                              
0     0000ae82  i02                              
0     0000ae84  i03                              
0     0000ae86  i04                              
0     0000ae88  dutyFine                         
0     0000ae8a  duty                             
0     0000ae8c  duty_int                         
0     0000ae8e  pos3Buff                         
0     0000aea0  pos4Buff                         
0     0000aeb2  ePWM                             
0     0000aebc  b                                
0     0000aec2  __TI_enable_exit_profile_output  
0     0000aec4  __TI_cleanup_ptr                 
0     0000aec6  __TI_dtors_ptr                   
0     0000aec8  OUT3                             
0     0000aecc  a                                
0     0000aed0  _unlock                          
0     0000aed3  errno                            
0     0000aed4  status                           
0     0000aed5  ADC_pos_1                        
0     0000aed6  ADC_pos_2                        
0     0000aed7  ADC_pos_3                        
0     0000aed8  ADC_pos_4                        
0     0000aed9  ADC_cur_1                        
0     0000aeda  ADC_cur_2                        
0     0000aedb  ADC_cur_3                        
0     0000aedc  ADC_cur_4                        
0     0000aedd  pos_1                            
0     0000aede  pos_2                            
0     0000aedf  pos_3                            
0     0000aee0  pos_4                            
0     0000aee1  MEP_ScaleFactor                  
0     0000aee2  MEP_SF                           
0     0000aeeb  SFO_CAL                          
abs   00000200  __TI_STACK_SIZE                  
abs   ffffffff  __TI_pprof_out_hndl              
abs   ffffffff  __TI_prof_data_size              
abs   ffffffff  __TI_prof_data_start             
n/a   UNDEFED   __c_args__                       

[273 symbols]
