******************************************************************************
             TMS320C2000 Linker PC v22.6.1                     
******************************************************************************
>> Linked Tue Jun 16 12:35:36 2026

OUTPUT FILE NAME:   <Test_pour_carte_principale_4_inducteurs.out>
ENTRY POINT SYMBOL: "code_start"  address: 00080000


MEMORY CONFIGURATION

         name            origin    length      used     unused   attr    fill
----------------------  --------  ---------  --------  --------  ----  --------
  BOOT_RSVD             00000002   00000126  00000000  00000126  RWIX
  RAMM0                 00000128   000002d8  00000000  000002d8  RWIX
  RAMM1                 00000400   000003f8  00000200  000001f8  RWIX
  RAMLS0                00008000   00000800  0000012e  000006d2  RWIX
  RAMLS1                00008800   00000800  00000000  00000800  RWIX
  RAMLS2                00009000   00000800  00000000  00000800  RWIX
  RAMLS3                00009800   00000800  00000000  00000800  RWIX
  RAMLS4                0000a000   00000800  00000000  00000800  RWIX
  RAMLS5                0000a800   00000800  00000622  000001de  RWIX
  RAMLS6                0000b000   00000800  00000000  00000800  RWIX
  RAMLS7                0000b800   00000800  00000000  00000800  RWIX
  RAMGS0                0000c000   00001000  00000fa0  00000060  RWIX
  RAMGS1                0000d000   00001000  00000fa0  00000060  RWIX
  RAMGS2                0000e000   00001000  000003e8  00000c18  RWIX
  RAMGS3                0000f000   00000ff8  00000000  00000ff8  RWIX
  BEGIN                 00080000   00000002  00000002  00000000  RWIX
  FLASH_BANK0_SEC0      00080002   00000ffe  00000000  00000ffe  RWIX
  FLASH_BANK0_SEC1      00081000   00001000  00000194  00000e6c  RWIX
  FLASH_BANK0_SEC2      00082000   00001000  00001000  00000000  RWIX
  FLASH_BANK0_SEC3      00083000   00001000  00001000  00000000  RWIX
  FLASH_BANK0_SEC4      00084000   00001000  00000d73  0000028d  RWIX
  FLASH_BANK0_SEC5      00085000   00001000  00000000  00001000  RWIX
  FLASH_BANK0_SEC6      00086000   00001000  00000000  00001000  RWIX
  FLASH_BANK0_SEC7      00087000   00001000  00000000  00001000  RWIX
  FLASH_BANK0_SEC8      00088000   00001000  00000000  00001000  RWIX
  FLASH_BANK0_SEC9      00089000   00001000  00000000  00001000  RWIX
  FLASH_BANK0_SEC10     0008a000   00001000  00000000  00001000  RWIX
  FLASH_BANK0_SEC11     0008b000   00001000  00000000  00001000  RWIX
  FLASH_BANK0_SEC12     0008c000   00001000  00000000  00001000  RWIX
  FLASH_BANK0_SEC13     0008d000   00001000  00000000  00001000  RWIX
  FLASH_BANK0_SEC14     0008e000   00001000  00000000  00001000  RWIX
  FLASH_BANK0_SEC15     0008f000   00001000  00000000  00001000  RWIX
  FLASH_BANK1_SEC0      00090000   00001000  00000000  00001000  RWIX
  FLASH_BANK1_SEC1      00091000   00001000  00000000  00001000  RWIX
  FLASH_BANK1_SEC2      00092000   00001000  00000000  00001000  RWIX
  FLASH_BANK1_SEC3      00093000   00001000  00000000  00001000  RWIX
  FLASH_BANK1_SEC4      00094000   00001000  00000000  00001000  RWIX
  FLASH_BANK1_SEC5      00095000   00001000  00000000  00001000  RWIX
  FLASH_BANK1_SEC6      00096000   00001000  00000000  00001000  RWIX
  FLASH_BANK1_SEC7      00097000   00001000  00000000  00001000  RWIX
  FLASH_BANK1_SEC8      00098000   00001000  00000000  00001000  RWIX
  FLASH_BANK1_SEC9      00099000   00001000  00000000  00001000  RWIX
  FLASH_BANK1_SEC10     0009a000   00001000  00000000  00001000  RWIX
  FLASH_BANK1_SEC11     0009b000   00001000  00000000  00001000  RWIX
  FLASH_BANK1_SEC12     0009c000   00001000  00000000  00001000  RWIX
  FLASH_BANK1_SEC13     0009d000   00001000  00000000  00001000  RWIX
  FLASH_BANK1_SEC14     0009e000   00001000  00000000  00001000  RWIX
  FLASH_BANK1_SEC15     0009f000   00001000  00000000  00001000  RWIX
  FLASH_BANK2_SEC0      000a0000   00001000  00000000  00001000  RWIX
  FLASH_BANK2_SEC1      000a1000   00001000  00000000  00001000  RWIX
  FLASH_BANK2_SEC2      000a2000   00001000  00000000  00001000  RWIX
  FLASH_BANK2_SEC3      000a3000   00001000  00000000  00001000  RWIX
  FLASH_BANK2_SEC4      000a4000   00001000  00000000  00001000  RWIX
  FLASH_BANK2_SEC5      000a5000   00001000  00000000  00001000  RWIX
  FLASH_BANK2_SEC6      000a6000   00001000  00000000  00001000  RWIX
  FLASH_BANK2_SEC7      000a7000   00001000  00000000  00001000  RWIX
  FLASH_BANK2_SEC8      000a8000   00001000  00000000  00001000  RWIX
  FLASH_BANK2_SEC9      000a9000   00001000  00000000  00001000  RWIX
  FLASH_BANK2_SEC10     000aa000   00001000  00000000  00001000  RWIX
  FLASH_BANK2_SEC11     000ab000   00001000  00000000  00001000  RWIX
  FLASH_BANK2_SEC12     000ac000   00001000  00000000  00001000  RWIX
  FLASH_BANK2_SEC13     000ad000   00001000  00000000  00001000  RWIX
  FLASH_BANK2_SEC14     000ae000   00001000  00000000  00001000  RWIX
  FLASH_BANK2_SEC15     000af000   00000ff0  00000000  00000ff0  RWIX
  SECURE_ROM            003f2000   00006000  00000000  00006000  RWIX
  BOOTROM               003f8000   00007fc0  00000000  00007fc0  RWIX
  RESET                 003fffc0   00000002  00000000  00000002  RWIX


SECTION ALLOCATION MAP

 output                                  attributes/
section   page    origin      length       input sections
--------  ----  ----------  ----------   ----------------
codestart 
*          0    00080000    00000002     
                  00080000    00000002     f28003x_codestartbranch.obj (codestart)

.cinit     0    00081130    00000066     
                  00081130    0000003c     (.cinit..data.load) [load image, compression = lzss]
                  0008116c    00000006     (__TI_handler_table)
                  00081172    00000004     (.cinit..bss.1.load) [load image, compression = zero_init]
                  00081176    00000004     (.cinit..bss.2.load) [load image, compression = zero_init]
                  0008117a    00000004     (.cinit..bss.3.load) [load image, compression = zero_init]
                  0008117e    00000004     (.cinit..bss.4.load) [load image, compression = zero_init]
                  00081182    00000014     (__TI_cinit_table)

.reset     0    003fffc0    00000000     DSECT

.stack     0    00000400    00000200     UNINITIALIZED
                  00000400    00000200     --HOLE--

.init_array 
*          0    00081000    00000000     UNINITIALIZED

.data      0    0000a800    00000162     UNINITIALIZED
                  0000a800    000000d4     MesureParInducteur.obj (.data)
                  0000a8d4    00000012     MesureParInducteur.obj (.data:pos1Buff)
                  0000a8e6    00000012     MesureParInducteur.obj (.data:pos2Buff)
                  0000a8f8    00000012     MesureParInducteur.obj (.data:pos3Buff)
                  0000a90a    00000012     MesureParInducteur.obj (.data:pos4Buff)
                  0000a91c    00000008     MesureParInducteur.obj (.data:duty_table)
                  0000a924    00000006     MesureParInducteur.obj (.data:IN1)
                  0000a92a    00000006     MesureParInducteur.obj (.data:IN2)
                  0000a930    00000006     MesureParInducteur.obj (.data:IN3)
                  0000a936    00000006     MesureParInducteur.obj (.data:IN4)
                  0000a93c    00000006     FunctionHeader2.obj (.data:b)
                  0000a942    00000006     rts2800_fpu32_eabi.lib : exit.c.obj (.data)
                  0000a948    00000004     MesureParInducteur.obj (.data:OUT1)
                  0000a94c    00000004     MesureParInducteur.obj (.data:OUT2)
                  0000a950    00000004     MesureParInducteur.obj (.data:OUT3)
                  0000a954    00000004     MesureParInducteur.obj (.data:OUT4)
                  0000a958    00000004     FunctionHeader2.obj (.data:a)
                  0000a95c    00000002     rts2800_fpu32_eabi.lib : _lock.c.obj (.data:_lock)
                  0000a95e    00000002                            : _lock.c.obj (.data:_unlock)
                  0000a960    00000001     SFO_v8_fpu_lib_build_c28_driverlib_eabi.lib : SFO_v8_fpu_lib_build_c28_driverlib.obj (.data)
                  0000a961    00000001     rts2800_fpu32_eabi.lib : errno.c.obj (.data)

.const     0    00084000    00000452     
                  00084000    0000009b     driverlib.lib : flash.obj (.const:.string)
                  0008409b    00000001     --HOLE-- [fill = 0]
                  0008409c    0000009a                   : sysctl.obj (.const:.string)
                  00084136    00000098                   : epwm.obj (.const:.string)
                  000841ce    00000098                   : gpio.obj (.const:.string)
                  00084266    00000097                   : sci.obj (.const:.string)
                  000842fd    00000001     --HOLE-- [fill = 0]
                  000842fe    00000050                   : cputimer.obj (.const:.string)
                  0008434e    0000004b                   : adc.obj (.const:.string)
                  00084399    00000001     --HOLE-- [fill = 0]
                  0008439a    00000045     MesureParInducteur.obj (.const:.string)
                  000843df    00000001     --HOLE-- [fill = 0]
                  000843e0    00000044     board.obj (.const:.string)
                  00084424    00000012     FunctionHeader2.obj (.const:SAVITZKY)
                  00084436    00000008     MesureParInducteur.obj (.const:duty_cycle_table)
                  0008443e    00000008     MesureParInducteur.obj (.const:ePWM)
                  00084446    00000004     rts2800_fpu32_eabi.lib : e_powf.c.obj (.const:bp)
                  0008444a    00000004                            : e_powf.c.obj (.const:dp_h)
                  0008444e    00000004                            : e_powf.c.obj (.const:dp_l)

.bss.1     0    0000a962    000004c0     UNINITIALIZED
                  0000a962    000003e8     MesureParInducteur.obj (.bss:log_curC)
                  0000ad4a    00000080     MesureParInducteur.obj (.bss:txBuffer)
                  0000adca    00000040     MesureParInducteur.obj (.bss:rxBuffer)
                  0000ae0a    0000000a     MesureParInducteur.obj (.bss)
                  0000ae14    00000009     SFO_v8_fpu_lib_build_c28_driverlib_eabi.lib : SFO_v8_fpu_lib_build_c28_driverlib.obj (.bss:MEP_SF)
                  0000ae1d    00000005                                                 : SFO_v8_fpu_lib_build_c28_driverlib.obj (.bss)

.bss.2     0    0000c000    00000fa0     UNINITIALIZED
                  0000c000    000003e8     MesureParInducteur.obj (.bss:log_curM)
                  0000c3e8    000003e8     MesureParInducteur.obj (.bss:log_fc)
                  0000c7d0    000003e8     MesureParInducteur.obj (.bss:log_int)
                  0000cbb8    000003e8     MesureParInducteur.obj (.bss:log_posC)

.bss.3     0    0000d000    00000fa0     UNINITIALIZED
                  0000d000    000003e8     MesureParInducteur.obj (.bss:log_posM)
                  0000d3e8    000003e8     MesureParInducteur.obj (.bss:log_state)
                  0000d7d0    000003e8     MesureParInducteur.obj (.bss:log_uc)
                  0000dbb8    000003e8     MesureParInducteur.obj (.bss:log_v)

.bss.4     0    0000e000    000003e8     UNINITIALIZED
                  0000e000    000003e8     MesureParInducteur.obj (.bss:log_xr)

.TI.ramfunc 
*          0    00081000    0000012e     RUN ADDR = 00008000
                  00081000    00000049     driverlib.lib : flash.obj (.TI.ramfunc:Flash_initModule)
                  00081049    0000002c                   : flash.obj (.TI.ramfunc:Flash_setBankPowerMode)
                  00081075    00000024                   : flash.obj (.TI.ramfunc:Flash_setWaitstates)
                  00081099    0000001d                   : flash.obj (.TI.ramfunc:Flash_setPumpPowerMode)
                  000810b6    00000018                   : flash.obj (.TI.ramfunc:Flash_disableCache)
                  000810ce    00000018                   : flash.obj (.TI.ramfunc:Flash_disablePrefetch)
                  000810e6    00000017                   : flash.obj (.TI.ramfunc:Flash_enableCache)
                  000810fd    00000017                   : flash.obj (.TI.ramfunc:Flash_enablePrefetch)
                  00081114    00000016                   : flash.obj (.TI.ramfunc:Flash_enableECC)
                  0008112a    00000004                   : sysctl.obj (.TI.ramfunc)

.text.1    0    00082000    00001000     
                  00082000    00000a1b     MesureParInducteur.obj (.text:adcA1ISR)
                  00082a1b    0000038c     rts2800_fpu32_eabi.lib : e_powf.c.obj (.text)
                  00082da7    000001f1     SFO_v8_fpu_lib_build_c28_driverlib_eabi.lib : SFO_v8_fpu_lib_build_c28_driverlib.obj (.text)
                  00082f98    00000067     MesureParInducteur.obj (.text:INT_mySCI0_TX_ISR)
                  00082fff    00000001     rts2800_fpu32_eabi.lib : startup.c.obj (.text)

.text.2    0    00083000    00001000     
                  00083000    00000337     board.obj (.text:EPWM_init)
                  00083337    00000183     board.obj (.text:PinMux_init)
                  000834ba    00000123     driverlib.lib : sysctl.obj (.text:SysCtl_setClock)
                  000835dd    0000010f     FunctionHeader2.obj (.text:SendFloatAsText)
                  000836ec    000000fe     driverlib.lib : sysctl.obj (.text:SysCtl_isPLLValid)
                  000837ea    000000e3     MesureParInducteur.obj (.text:init)
                  000838cd    000000d3     device.obj (.text:Device_enableAllPeripherals)
                  000839a0    00000088     rts2800_fpu32_eabi.lib : fs_div28.asm.obj (.text)
                  00083a28    00000085     board.obj (.text:myADC0_init)
                  00083aad    00000081     board.obj (.text:myADC1_init)
                  00083b2e    0000007e     MesureParInducteur.obj (.text:INT_mySCI0_RX_ISR)
                  00083bac    00000076     board.obj (.text:mySCI0_init)
                  00083c22    00000073     driverlib.lib : sysctl.obj (.text:DCC_setCounterSeeds)
                  00083c95    0000006a                   : gpio.obj (.text:GPIO_setAnalogMode)
                  00083cff    00000065                   : sysctl.obj (.text:SysCtl_getClock)
                  00083d64    0000005d     device.obj (.text:Device_init)
                  00083dc1    0000005d     FunctionHeader2.obj (.text:ftoa)
                  00083e1e    00000058     board.obj (.text:GPIO_init)
                  00083e76    00000058     rts2800_fpu32_eabi.lib : s_scalbnf.c.obj (.text)
                  00083ece    00000052     driverlib.lib : gpio.obj (.text:GPIO_setPadConfig)
                  00083f20    00000049                   : sysctl.obj (.text:SysCtl_selectOscSource)
                  00083f69    00000046                   : sysctl.obj (.text:SysCtl_selectXTAL)
                  00083faf    00000045                   : sci.obj (.text:SCI_clearInterruptStatus)
                  00083ff4    0000000c     rts2800_fpu32_eabi.lib : args_main.c.obj (.text)

.text.3    0    00084458    00000921     
                  00084458    00000045     driverlib.lib : sci.obj (.text:SCI_disableInterrupt)
                  0008449d    00000045                   : sysctl.obj (.text:SysCtl_pollX1Counter)
                  000844e2    00000044                   : sci.obj (.text:SCI_enableInterrupt)
                  00084526    0000003e                   : sci.obj (.text:SCI_setConfig)
                  00084564    0000003d                   : interrupt.obj (.text:Interrupt_initModule)
                  000845a1    0000003b     FunctionHeader2.obj (.text:IIR_Filter)
                  000845dc    00000039     FunctionHeader2.obj (.text:PI_current_regulator)
                  00084615    00000038     FunctionHeader2.obj (.text:ConvertIntToStr)
                  0008464d    00000037     driverlib.lib : gpio.obj (.text:GPIO_setControllerCore)
                  00084684    00000037                   : gpio.obj (.text:GPIO_setInterruptPin)
                  000846bb    00000037                   : gpio.obj (.text:GPIO_setPinConfig)
                  000846f2    00000037                   : gpio.obj (.text:GPIO_setQualificationMode)
                  00084729    00000037                   : interrupt.obj (.text:Interrupt_enable)
                  00084760    00000034     board.obj (.text:myCPUTIMER0_init)
                  00084794    00000033     board.obj (.text:EPWM_setActionQualifierAction)
                  000847c7    00000031     driverlib.lib : gpio.obj (.text:GPIO_setDirectionMode)
                  000847f8    00000030     rts2800_fpu32_eabi.lib : copy_decompress_lzss.c.obj (.text:decompress:lzss)
                  00084828    0000002d     board.obj (.text:INTERRUPT_init)
                  00084855    0000002b     driverlib.lib : epwm.obj (.text:EPWM_isBaseValid)
                  00084880    0000002b     rts2800_fpu32_eabi.lib : autoinit.c.obj (.text:__TI_auto_init_nobinit_nopinit)
                  000848ab    0000002a     driverlib.lib : gpio.obj (.text:XBAR_setInputPin)
                  000848d5    00000029     rts2800_fpu32_eabi.lib : exit.c.obj (.text)
                  000848fe    00000028     driverlib.lib : adc.obj (.text:ADC_setOffsetTrimAll)
                  00084926    00000027                   : adc.obj (.text:ADC_setVREF)
                  0008494d    00000001     --HOLE-- [fill = 0]
                  0008494e    00000027     rts2800_fpu32_eabi.lib : e_sqrtf.c.obj (.text)
                  00084975    00000025     driverlib.lib : sysctl.obj (.text:SysCtl_selectXTALSingleEnded)
                  0008499a    00000024                   : sysctl.obj (.text:DCC_enableSingleShotMode)
                  000849be    00000022     FunctionHeader2.obj (.text:savitzky_Filter)
                  000849e0    0000001f     board.obj (.text:Board_init)
                  000849ff    0000001e     driverlib.lib : sysctl.obj (.text:DCC_setCounter0ClkSource)
                  00084a1d    0000001e                   : sysctl.obj (.text:DCC_setCounter1ClkSource)
                  00084a3b    0000001e                   : interrupt.obj (.text:Interrupt_initVectorTable)
                  00084a59    0000001d     rts2800_fpu32_eabi.lib : memcpy.c.obj (.text)
                  00084a76    0000001b     driverlib.lib : gpio.obj (.text:XBAR_isBaseValid)
                  00084a91    0000001a                   : sysctl.obj (.text:SysCtl_getLowSpeedClock)
                  00084aab    00000019                   : sysctl.obj (.text:SysCtl_setPLLSysClk)
                  00084ac4    00000018                   : sci.obj (.text:SCI_disableModule)
                  00084adc    00000018                   : sci.obj (.text:SCI_performSoftwareReset)
                  00084af4    00000017                   : adc.obj (.text:ADC_isBaseValid)
                  00084b0b    00000017                   : cputimer.obj (.text:CPUTimer_isBaseValid)
                  00084b22    00000017                   : sysctl.obj (.text:SysCtl_enablePeripheral)
                  00084b39    00000017     rts2800_fpu32_eabi.lib : boot28.asm.obj (.text)
                  00084b50    00000016     driverlib.lib : sysctl.obj (.text:DCC_disableDoneSignal)
                  00084b66    00000016                   : epwm.obj (.text:EPWM_setEmulationMode)
                  00084b7c    00000016                   : interrupt.obj (.text:Interrupt_defaultHandler)
                  00084b92    00000015                   : sysctl.obj (.text:DCC_clearDoneFlag)
                  00084ba7    00000015                   : sysctl.obj (.text:DCC_clearErrorFlag)
                  00084bbc    00000015                   : sysctl.obj (.text:DCC_disableErrorSignal)
                  00084bd1    00000015                   : sysctl.obj (.text:DCC_isBaseValid)
                  00084be6    00000015     FunctionHeader2.obj (.text:reverse)
                  00084bfb    00000014     driverlib.lib : sysctl.obj (.text:DCC_disableModule)
                  00084c0f    00000014                   : sysctl.obj (.text:DCC_enableModule)
                  00084c23    00000014                   : gpio.obj (.text:GPIO_isPinValid)
                  00084c37    00000014     MesureParInducteur.obj (.text:INT_Push_Button_Start_XINT_ISR)
                  00084c4b    00000013     driverlib.lib : cputimer.obj (.text:CPUTimer_setEmulationMode)
                  00084c5e    00000013                   : sci.obj (.text:SCI_enableModule)
                  00084c71    00000013                   : sci.obj (.text:SCI_isBaseValid)
                  00084c84    00000011     board.obj (.text:SYNC_init)
                  00084c95    00000011     rts2800_fpu32_eabi.lib : s_copysignf.c.obj (.text)
                  00084ca6    00000010     device.obj (.text:Device_initGPIO)
                  00084cb6    00000010     driverlib.lib : flash.obj (.text:Flash_isCtrlBaseValid)
                  00084cc6    00000010                   : flash.obj (.text:Flash_isECCBaseValid)
                  00084cd6    00000010     board.obj (.text:Push_Button_Start_XINT_init)
                  00084ce6    0000000d     board.obj (.text:ASYSCTL_init)
                  00084cf3    0000000d     driverlib.lib : interrupt.obj (.text:Interrupt_disableGlobal)
                  00084d00    0000000d                   : interrupt.obj (.text:Interrupt_enableGlobal)
                  00084d0d    0000000b                   : sysctl.obj (.text:SysCtl_isMCDClockFailureDetected)
                  00084d18    0000000a                   : interrupt.obj (.text:Interrupt_illegalOperationHandler)
                  00084d22    0000000a                   : interrupt.obj (.text:Interrupt_nmiHandler)
                  00084d2c    00000009     board.obj (.text:myINPUTXBARINPUT2_init)
                  00084d35    00000009     rts2800_fpu32_eabi.lib : _lock.c.obj (.text)
                  00084d3e    00000008                            : copy_decompress_none.c.obj (.text:decompress:none)
                  00084d46    00000008     f28003x_codestartbranch.obj (.text)
                  00084d4e    00000007     driverlib.lib : sysctl.obj (.text:SysCtl_resetMCD)
                  00084d55    00000007     rts2800_fpu32_eabi.lib : memset.c.obj (.text)
                  00084d5c    00000006                            : copy_zero_init.c.obj (.text:decompress:ZI)
                  00084d62    00000006     board.obj (.text:myINPUTXBARINPUT0_init)
                  00084d68    00000006     board.obj (.text:myINPUTXBARINPUT1_init)
                  00084d6e    00000003     device.obj (.text:__error__)
                  00084d71    00000003     MesureParInducteur.obj (.text:error)
                  00084d74    00000003     MesureParInducteur.obj (.text:main)
                  00084d77    00000002     rts2800_fpu32_eabi.lib : pre_init.c.obj (.text)

MODULE SUMMARY

       Module                                   code    ro data   rw data
       ------                                   ----    -------   -------
    .\
       MesureParInducteur.obj                   3069    85        10534  
       FunctionHeader2.obj                      591     18        10     
    +--+----------------------------------------+-------+---------+---------+
       Total:                                   3660    103       10544  
                                                                         
    .\device\
       device.obj                               323     0         0      
       f28003x_codestartbranch.obj              10      0         0      
    +--+----------------------------------------+-------+---------+---------+
       Total:                                   333     0         0      
                                                                         
    .\syscfg\
       board.obj                                1924    68        0      
    +--+----------------------------------------+-------+---------+---------+
       Total:                                   1924    68        0      
                                                                         
    C:/ti/c2000/C2000Ware_5_02_00_00/driverlib/f28003x/driverlib/ccs/Debug/driverlib.lib
       sysctl.obj                               1352    154       0      
       flash.obj                                628     155       0      
       gpio.obj                                 546     152       0      
       sci.obj                                  354     151       0      
       epwm.obj                                 65      152       0      
       interrupt.obj                            214     0         0      
       adc.obj                                  102     75        0      
       cputimer.obj                             42      80        0      
    +--+----------------------------------------+-------+---------+---------+
       Total:                                   3303    919       0      
                                                                         
    C:\ti\c2000\C2000Ware_5_02_00_00\libraries\calibration\hrpwm\f28003x\lib\SFO_v8_fpu_lib_build_c28_driverlib_eabi.lib
       SFO_v8_fpu_lib_build_c28_driverlib.obj   497     0         15     
    +--+----------------------------------------+-------+---------+---------+
       Total:                                   497     0         15     
                                                                         
    C:\ti\ccs1260\ccs\tools\compiler\ti-cgt-c2000_22.6.1.LTS\lib\rts2800_fpu32_eabi.lib
       e_powf.c.obj                             908     12        0      
       fs_div28.asm.obj                         136     0         0      
       s_scalbnf.c.obj                          88      0         0      
       copy_decompress_lzss.c.obj               48      0         0      
       exit.c.obj                               41      0         6      
       autoinit.c.obj                           43      0         0      
       e_sqrtf.c.obj                            39      0         0      
       memcpy.c.obj                             29      0         0      
       boot28.asm.obj                           23      0         0      
       s_copysignf.c.obj                        17      0         0      
       _lock.c.obj                              9       0         4      
       args_main.c.obj                          12      0         0      
       copy_decompress_none.c.obj               8       0         0      
       memset.c.obj                             7       0         0      
       copy_zero_init.c.obj                     6       0         0      
       pre_init.c.obj                           2       0         0      
       errno.c.obj                              0       0         1      
       startup.c.obj                            1       0         0      
    +--+----------------------------------------+-------+---------+---------+
       Total:                                   1417    12        11     
                                                                         
       Stack:                                   0       0         512    
       Linker Generated:                        0       102       0      
    +--+----------------------------------------+-------+---------+---------+
       Grand Total:                             11134   1204      11082  


LINKER GENERATED COPY TABLES

__TI_cinit_table @ 00081182 records: 5, size/record: 4, table size: 20
	.data: load addr=00081130, load size=0000003c bytes, run addr=0000a800, run size=00000162 bytes, compression=lzss
	.bss.1: load addr=00081172, load size=00000004 bytes, run addr=0000a962, run size=000004c0 bytes, compression=zero_init
	.bss.2: load addr=00081176, load size=00000004 bytes, run addr=0000c000, run size=00000fa0 bytes, compression=zero_init
	.bss.3: load addr=0008117a, load size=00000004 bytes, run addr=0000d000, run size=00000fa0 bytes, compression=zero_init
	.bss.4: load addr=0008117e, load size=00000004 bytes, run addr=0000e000, run size=000003e8 bytes, compression=zero_init


LINKER GENERATED HANDLER TABLE

__TI_handler_table @ 0008116c records: 3, size/record: 2, table size: 6
	index: 0, handler: __TI_zero_init
	index: 1, handler: __TI_decompress_lzss
	index: 2, handler: __TI_decompress_none


GLOBAL DATA SYMBOLS: SORTED BY DATA PAGE

address     data page           name
--------    ----------------    ----
00000400      10 (00000400)     __stack

0000a800     2a0 (0000a800)     log_index
0000a801     2a0 (0000a800)     log_subsample_count
0000a802     2a0 (0000a800)     log_enable
0000a803     2a0 (0000a800)     log_done
0000a804     2a0 (0000a800)     Offset_stop
0000a805     2a0 (0000a800)     dt_mean
0000a806     2a0 (0000a800)     takeOff
0000a807     2a0 (0000a800)     takeOff2
0000a808     2a0 (0000a800)     phase1
0000a809     2a0 (0000a800)     i
0000a80a     2a0 (0000a800)     ButtonS2
0000a80b     2a0 (0000a800)     Ext_Int_Flag
0000a80c     2a0 (0000a800)     state_PIN
0000a80d     2a0 (0000a800)     count_ext_int
0000a80e     2a0 (0000a800)     UartCounter
0000a80f     2a0 (0000a800)     txIndex
0000a810     2a0 (0000a800)     txLength
0000a811     2a0 (0000a800)     rxIndex
0000a813     2a0 (0000a800)     state
0000a814     2a0 (0000a800)     PosRegFlag1
0000a815     2a0 (0000a800)     PosRegFlag3
0000a816     2a0 (0000a800)     Offset_count
0000a818     2a0 (0000a800)     Offset_ADC1
0000a81a     2a0 (0000a800)     Offset_ADC2
0000a81c     2a0 (0000a800)     Offset_ADC3
0000a81e     2a0 (0000a800)     Offset_ADC4
0000a820     2a0 (0000a800)     Position1
0000a822     2a0 (0000a800)     Position2
0000a824     2a0 (0000a800)     Position3
0000a826     2a0 (0000a800)     Position4
0000a828     2a0 (0000a800)     Current1
0000a82a     2a0 (0000a800)     Current2
0000a82c     2a0 (0000a800)     Current3
0000a82e     2a0 (0000a800)     Current4
0000a830     2a0 (0000a800)     dutyCycle1
0000a832     2a0 (0000a800)     dutyCycle2
0000a834     2a0 (0000a800)     dutyCycle3
0000a836     2a0 (0000a800)     dutyCycle4
0000a838     2a0 (0000a800)     uc1
0000a83a     2a0 (0000a800)     uc2
0000a83c     2a0 (0000a800)     uc3
0000a83e     2a0 (0000a800)     uc4

0000a840     2a1 (0000a840)     mean1
0000a842     2a1 (0000a840)     mean2
0000a844     2a1 (0000a840)     mean3
0000a846     2a1 (0000a840)     mean4
0000a848     2a1 (0000a840)     I
0000a84a     2a1 (0000a840)     Kw
0000a84c     2a1 (0000a840)     Kd
0000a84e     2a1 (0000a840)     Kddot
0000a850     2a1 (0000a840)     Kr
0000a852     2a1 (0000a840)     Kr_sans_int
0000a854     2a1 (0000a840)     i_store
0000a856     2a1 (0000a840)     ic1
0000a858     2a1 (0000a840)     ue1
0000a85a     2a1 (0000a840)     integral_i1
0000a85c     2a1 (0000a840)     fc1
0000a85e     2a1 (0000a840)     v1
0000a860     2a1 (0000a840)     ep1
0000a862     2a1 (0000a840)     xr1
0000a864     2a1 (0000a840)     fce1
0000a866     2a1 (0000a840)     sum_vp1
0000a868     2a1 (0000a840)     fc1_prim
0000a86a     2a1 (0000a840)     Position_c1
0000a86c     2a1 (0000a840)     Position_c1_dec
0000a86e     2a1 (0000a840)     ic2
0000a870     2a1 (0000a840)     ue2
0000a872     2a1 (0000a840)     integral_i2
0000a874     2a1 (0000a840)     fc2
0000a876     2a1 (0000a840)     v2
0000a878     2a1 (0000a840)     ep2
0000a87a     2a1 (0000a840)     xr2
0000a87c     2a1 (0000a840)     fce2
0000a87e     2a1 (0000a840)     sum_vp2

0000a880     2a2 (0000a880)     fc2_prim
0000a882     2a2 (0000a880)     Position_c2
0000a884     2a2 (0000a880)     Position_c2_dec
0000a886     2a2 (0000a880)     ic3
0000a888     2a2 (0000a880)     ue3
0000a88a     2a2 (0000a880)     integral_i3
0000a88c     2a2 (0000a880)     fc3
0000a88e     2a2 (0000a880)     v3
0000a890     2a2 (0000a880)     ep3
0000a892     2a2 (0000a880)     xr3
0000a894     2a2 (0000a880)     fce3
0000a896     2a2 (0000a880)     sum_vp3
0000a898     2a2 (0000a880)     fc3_prim
0000a89a     2a2 (0000a880)     Position_c3_dec
0000a89c     2a2 (0000a880)     Position2_c3
0000a89e     2a2 (0000a880)     ic4
0000a8a0     2a2 (0000a880)     ue4
0000a8a2     2a2 (0000a880)     integral_i4
0000a8a4     2a2 (0000a880)     fc4
0000a8a6     2a2 (0000a880)     v4
0000a8a8     2a2 (0000a880)     ep4
0000a8aa     2a2 (0000a880)     xr4
0000a8ac     2a2 (0000a880)     fce4
0000a8ae     2a2 (0000a880)     sum_vp4
0000a8b0     2a2 (0000a880)     fc4_prim
0000a8b2     2a2 (0000a880)     Position_c4_dec
0000a8b4     2a2 (0000a880)     Position2_c4
0000a8b6     2a2 (0000a880)     fc1f
0000a8b8     2a2 (0000a880)     fc2f
0000a8ba     2a2 (0000a880)     fc3f
0000a8bc     2a2 (0000a880)     fc4f
0000a8be     2a2 (0000a880)     dutyFine

0000a8c0     2a3 (0000a8c0)     count
0000a8c2     2a3 (0000a8c0)     compCount
0000a8c4     2a3 (0000a8c0)     Pos1_filt
0000a8c6     2a3 (0000a8c0)     Pos2_filt
0000a8c8     2a3 (0000a8c0)     Pos3_filt
0000a8ca     2a3 (0000a8c0)     Pos4_filt
0000a8cc     2a3 (0000a8c0)     Cur1_filt
0000a8ce     2a3 (0000a8c0)     Cur2_filt
0000a8d0     2a3 (0000a8c0)     Cur3_filt
0000a8d2     2a3 (0000a8c0)     Cur4_filt
0000a8d4     2a3 (0000a8c0)     pos1Buff
0000a8e6     2a3 (0000a8c0)     pos2Buff
0000a8f8     2a3 (0000a8c0)     pos3Buff

0000a90a     2a4 (0000a900)     pos4Buff
0000a91c     2a4 (0000a900)     duty_table
0000a924     2a4 (0000a900)     IN1
0000a92a     2a4 (0000a900)     IN2
0000a930     2a4 (0000a900)     IN3
0000a936     2a4 (0000a900)     IN4
0000a93c     2a4 (0000a900)     b

0000a942     2a5 (0000a940)     __TI_enable_exit_profile_output
0000a944     2a5 (0000a940)     __TI_cleanup_ptr
0000a946     2a5 (0000a940)     __TI_dtors_ptr
0000a948     2a5 (0000a940)     OUT1
0000a94c     2a5 (0000a940)     OUT2
0000a950     2a5 (0000a940)     OUT3
0000a954     2a5 (0000a940)     OUT4
0000a958     2a5 (0000a940)     a
0000a95c     2a5 (0000a940)     _lock
0000a95e     2a5 (0000a940)     _unlock
0000a961     2a5 (0000a940)     errno
0000a962     2a5 (0000a940)     log_curC

0000ad4a     2b5 (0000ad40)     txBuffer

0000adca     2b7 (0000adc0)     rxBuffer

0000ae0a     2b8 (0000ae00)     MEP_ScaleFactor
0000ae0b     2b8 (0000ae00)     ADC_pos_1
0000ae0c     2b8 (0000ae00)     ADC_pos_2
0000ae0d     2b8 (0000ae00)     ADC_pos_3
0000ae0e     2b8 (0000ae00)     ADC_pos_4
0000ae0f     2b8 (0000ae00)     ADC_cur_1
0000ae10     2b8 (0000ae00)     ADC_cur_2
0000ae11     2b8 (0000ae00)     ADC_cur_3
0000ae12     2b8 (0000ae00)     ADC_cur_4
0000ae13     2b8 (0000ae00)     status
0000ae14     2b8 (0000ae00)     MEP_SF
0000ae1d     2b8 (0000ae00)     SFO_CAL

0000c000     300 (0000c000)     log_curM

0000c3e8     30f (0000c3c0)     log_fc

0000c7d0     31f (0000c7c0)     log_int

0000cbb8     32e (0000cb80)     log_posC

0000d000     340 (0000d000)     log_posM

0000d3e8     34f (0000d3c0)     log_state

0000d7d0     35f (0000d7c0)     log_uc

0000dbb8     36e (0000db80)     log_v

0000e000     380 (0000e000)     log_xr

00084424    2110 (00084400)     SAVITZKY
00084436    2110 (00084400)     duty_cycle_table
0008443e    2110 (00084400)     ePWM


GLOBAL SYMBOLS: SORTED ALPHABETICALLY BY Name 

page  address   name                             
----  -------   ----                             
0     0000ae0f  ADC_cur_1                        
0     0000ae10  ADC_cur_2                        
0     0000ae11  ADC_cur_3                        
0     0000ae12  ADC_cur_4                        
0     0000ae0b  ADC_pos_1                        
0     0000ae0c  ADC_pos_2                        
0     0000ae0d  ADC_pos_3                        
0     0000ae0e  ADC_pos_4                        
0     000848fe  ADC_setOffsetTrimAll             
0     00084926  ADC_setVREF                      
0     00084ce6  ASYSCTL_init                     
0     000849e0  Board_init                       
0     0000a80a  ButtonS2                         
0     000848d5  C$$EXIT                          
0     00084760  CPUTIMER_init                    
0     00084c4b  CPUTimer_setEmulationMode        
0     00084615  ConvertIntToStr                  
0     0000a8cc  Cur1_filt                        
0     0000a8ce  Cur2_filt                        
0     0000a8d0  Cur3_filt                        
0     0000a8d2  Cur4_filt                        
0     0000a828  Current1                         
0     0000a82a  Current2                         
0     0000a82c  Current3                         
0     0000a82e  Current4                         
0     000838cd  Device_enableAllPeripherals      
0     00083d64  Device_init                      
0     00084ca6  Device_initGPIO                  
0     00083000  EPWM_init                        
0     00084b66  EPWM_setEmulationMode            
0     0000a80b  Ext_Int_Flag                     
0     00008000  Flash_initModule                 
0     00083e1e  GPIO_init                        
0     00083c95  GPIO_setAnalogMode               
0     0008464d  GPIO_setControllerCore           
0     000847c7  GPIO_setDirectionMode            
0     00084684  GPIO_setInterruptPin             
0     00083ece  GPIO_setPadConfig                
0     000846bb  GPIO_setPinConfig                
0     000846f2  GPIO_setQualificationMode        
0     0000a848  I                                
0     000845a1  IIR_Filter                       
0     0000a924  IN1                              
0     0000a92a  IN2                              
0     0000a930  IN3                              
0     0000a936  IN4                              
0     00084828  INTERRUPT_init                   
0     00084c37  INT_Push_Button_Start_XINT_ISR   
0     00083b2e  INT_mySCI0_RX_ISR                
0     00082f98  INT_mySCI0_TX_ISR                
0     00084b7c  Interrupt_defaultHandler         
0     00084729  Interrupt_enable                 
0     00084d18  Interrupt_illegalOperationHandler
0     00084564  Interrupt_initModule             
0     00084a3b  Interrupt_initVectorTable        
0     00084d22  Interrupt_nmiHandler             
0     0000a84c  Kd                               
0     0000a84e  Kddot                            
0     0000a850  Kr                               
0     0000a852  Kr_sans_int                      
0     0000a84a  Kw                               
0     0000ae14  MEP_SF                           
0     0000ae0a  MEP_ScaleFactor                  
0     0000a948  OUT1                             
0     0000a94c  OUT2                             
0     0000a950  OUT3                             
0     0000a954  OUT4                             
0     0000a818  Offset_ADC1                      
0     0000a81a  Offset_ADC2                      
0     0000a81c  Offset_ADC3                      
0     0000a81e  Offset_ADC4                      
0     0000a816  Offset_count                     
0     0000a804  Offset_stop                      
0     000845dc  PI_current_regulator             
0     00083337  PinMux_init                      
0     0000a8c4  Pos1_filt                        
0     0000a8c6  Pos2_filt                        
0     0000a8c8  Pos3_filt                        
0     0000a8ca  Pos4_filt                        
0     0000a814  PosRegFlag1                      
0     0000a815  PosRegFlag3                      
0     0000a820  Position1                        
0     0000a822  Position2                        
0     0000a89c  Position2_c3                     
0     0000a8b4  Position2_c4                     
0     0000a824  Position3                        
0     0000a826  Position4                        
0     0000a86a  Position_c1                      
0     0000a86c  Position_c1_dec                  
0     0000a882  Position_c2                      
0     0000a884  Position_c2_dec                  
0     0000a89a  Position_c3_dec                  
0     0000a8b2  Position_c4_dec                  
0     00084cd6  Push_Button_Start_XINT_init      
0     0008112e  RamfuncsLoadEnd                  
abs   0000012e  RamfuncsLoadSize                 
0     00081000  RamfuncsLoadStart                
0     0000812e  RamfuncsRunEnd                   
abs   0000012e  RamfuncsRunSize                  
0     00008000  RamfuncsRunStart                 
0     00084424  SAVITZKY                         
0     00083faf  SCI_clearInterruptStatus         
0     00084458  SCI_disableInterrupt             
0     000844e2  SCI_enableInterrupt              
0     00083bac  SCI_init                         
0     00084526  SCI_setConfig                    
0     00082da7  SFO                              
0     0000ae1d  SFO_CAL                          
0     00084c84  SYNC_init                        
0     000835dd  SendFloatAsText                  
0     0000812a  SysCtl_delay                     
0     00083cff  SysCtl_getClock                  
0     00084a91  SysCtl_getLowSpeedClock          
0     000836ec  SysCtl_isPLLValid                
0     00083f20  SysCtl_selectOscSource           
0     00083f69  SysCtl_selectXTAL                
0     00084975  SysCtl_selectXTALSingleEnded     
0     000834ba  SysCtl_setClock                  
0     0000a80e  UartCounter                      
0     00084cd6  XINT_init                        
0     00081182  __TI_CINIT_Base                  
0     00081196  __TI_CINIT_Limit                 
0     00081196  __TI_CINIT_Warm                  
0     0008116c  __TI_Handler_Table_Base          
0     00081172  __TI_Handler_Table_Limit         
0     00000600  __TI_STACK_END                   
abs   00000200  __TI_STACK_SIZE                  
0     00084880  __TI_auto_init_nobinit_nopinit   
0     0000a944  __TI_cleanup_ptr                 
0     000847f8  __TI_decompress_lzss             
0     00084d3e  __TI_decompress_none             
0     0000a946  __TI_dtors_ptr                   
0     0000a942  __TI_enable_exit_profile_output  
abs   ffffffff  __TI_pprof_out_hndl              
abs   ffffffff  __TI_prof_data_size              
abs   ffffffff  __TI_prof_data_start             
0     00084d5c  __TI_zero_init                   
0     000839a0  __c28xabi_divf                   
n/a   UNDEFED   __c_args__                       
0     00084d6e  __error__                        
0     00000400  __stack                          
0     00083ff4  _args_main                       
0     00084b39  _c_int00                         
0     0000a95c  _lock                            
0     00084d3d  _nop                             
0     00084d39  _register_lock                   
0     00084d35  _register_unlock                 
0     00082fff  _system_post_cinit               
0     00084d77  _system_pre_init                 
0     0000a95e  _unlock                          
0     0000a958  a                                
0     000848d5  abort                            
0     00082000  adcA1ISR                         
0     0000a93c  b                                
0     00080000  code_start                       
0     0000a8c2  compCount                        
0     00084c95  copysignf                        
0     0000a8c0  count                            
0     0000a80d  count_ext_int                    
0     0000a805  dt_mean                          
0     0000a830  dutyCycle1                       
0     0000a832  dutyCycle2                       
0     0000a834  dutyCycle3                       
0     0000a836  dutyCycle4                       
0     0000a8be  dutyFine                         
0     00084436  duty_cycle_table                 
0     0000a91c  duty_table                       
0     0008443e  ePWM                             
0     0000a860  ep1                              
0     0000a878  ep2                              
0     0000a890  ep3                              
0     0000a8a8  ep4                              
0     0000a961  errno                            
0     00084d71  error                            
0     000848d7  exit                             
0     0000a85c  fc1                              
0     0000a868  fc1_prim                         
0     0000a8b6  fc1f                             
0     0000a874  fc2                              
0     0000a880  fc2_prim                         
0     0000a8b8  fc2f                             
0     0000a88c  fc3                              
0     0000a898  fc3_prim                         
0     0000a8ba  fc3f                             
0     0000a8a4  fc4                              
0     0000a8b0  fc4_prim                         
0     0000a8bc  fc4f                             
0     0000a864  fce1                             
0     0000a87c  fce2                             
0     0000a894  fce3                             
0     0000a8ac  fce4                             
0     00083dc1  ftoa                             
0     0000a809  i                                
0     0000a854  i_store                          
0     0000a856  ic1                              
0     0000a86e  ic2                              
0     0000a886  ic3                              
0     0000a89e  ic4                              
0     000837ea  init                             
0     0000a85a  integral_i1                      
0     0000a872  integral_i2                      
0     0000a88a  integral_i3                      
0     0000a8a2  integral_i4                      
0     00083e76  ldexpf                           
0     0000a962  log_curC                         
0     0000c000  log_curM                         
0     0000a803  log_done                         
0     0000a802  log_enable                       
0     0000c3e8  log_fc                           
0     0000a800  log_index                        
0     0000c7d0  log_int                          
0     0000cbb8  log_posC                         
0     0000d000  log_posM                         
0     0000d3e8  log_state                        
0     0000a801  log_subsample_count              
0     0000d7d0  log_uc                           
0     0000dbb8  log_v                            
0     0000e000  log_xr                           
0     00084d74  main                             
0     0000a840  mean1                            
0     0000a842  mean2                            
0     0000a844  mean3                            
0     0000a846  mean4                            
0     00084a59  memcpy                           
0     00084d55  memset                           
0     00083a28  myADC0_init                      
0     00083aad  myADC1_init                      
0     00084760  myCPUTIMER0_init                 
0     00084d62  myINPUTXBARINPUT0_init           
0     00084d68  myINPUTXBARINPUT1_init           
0     00084d2c  myINPUTXBARINPUT2_init           
0     00083bac  mySCI0_init                      
0     0000a808  phase1                           
0     0000a8d4  pos1Buff                         
0     0000a8e6  pos2Buff                         
0     0000a8f8  pos3Buff                         
0     0000a90a  pos4Buff                         
0     00082a1b  powf                             
0     00084be6  reverse                          
0     0000adca  rxBuffer                         
0     0000a811  rxIndex                          
0     000849be  savitzky_Filter                  
0     00083e76  scalbnf                          
0     0008494e  sqrtf                            
0     0000a813  state                            
0     0000a80c  state_PIN                        
0     0000ae13  status                           
0     0000a866  sum_vp1                          
0     0000a87e  sum_vp2                          
0     0000a896  sum_vp3                          
0     0000a8ae  sum_vp4                          
0     0000a806  takeOff                          
0     0000a807  takeOff2                         
0     0000ad4a  txBuffer                         
0     0000a80f  txIndex                          
0     0000a810  txLength                         
0     0000a838  uc1                              
0     0000a83a  uc2                              
0     0000a83c  uc3                              
0     0000a83e  uc4                              
0     0000a858  ue1                              
0     0000a870  ue2                              
0     0000a888  ue3                              
0     0000a8a0  ue4                              
0     0000a85e  v1                               
0     0000a876  v2                               
0     0000a88e  v3                               
0     0000a8a6  v4                               
0     0000a862  xr1                              
0     0000a87a  xr2                              
0     0000a892  xr3                              
0     0000a8aa  xr4                              


GLOBAL SYMBOLS: SORTED BY Symbol Address 

page  address   name                             
----  -------   ----                             
0     00000400  __stack                          
0     00000600  __TI_STACK_END                   
0     00008000  Flash_initModule                 
0     00008000  RamfuncsRunStart                 
0     0000812a  SysCtl_delay                     
0     0000812e  RamfuncsRunEnd                   
0     0000a800  log_index                        
0     0000a801  log_subsample_count              
0     0000a802  log_enable                       
0     0000a803  log_done                         
0     0000a804  Offset_stop                      
0     0000a805  dt_mean                          
0     0000a806  takeOff                          
0     0000a807  takeOff2                         
0     0000a808  phase1                           
0     0000a809  i                                
0     0000a80a  ButtonS2                         
0     0000a80b  Ext_Int_Flag                     
0     0000a80c  state_PIN                        
0     0000a80d  count_ext_int                    
0     0000a80e  UartCounter                      
0     0000a80f  txIndex                          
0     0000a810  txLength                         
0     0000a811  rxIndex                          
0     0000a813  state                            
0     0000a814  PosRegFlag1                      
0     0000a815  PosRegFlag3                      
0     0000a816  Offset_count                     
0     0000a818  Offset_ADC1                      
0     0000a81a  Offset_ADC2                      
0     0000a81c  Offset_ADC3                      
0     0000a81e  Offset_ADC4                      
0     0000a820  Position1                        
0     0000a822  Position2                        
0     0000a824  Position3                        
0     0000a826  Position4                        
0     0000a828  Current1                         
0     0000a82a  Current2                         
0     0000a82c  Current3                         
0     0000a82e  Current4                         
0     0000a830  dutyCycle1                       
0     0000a832  dutyCycle2                       
0     0000a834  dutyCycle3                       
0     0000a836  dutyCycle4                       
0     0000a838  uc1                              
0     0000a83a  uc2                              
0     0000a83c  uc3                              
0     0000a83e  uc4                              
0     0000a840  mean1                            
0     0000a842  mean2                            
0     0000a844  mean3                            
0     0000a846  mean4                            
0     0000a848  I                                
0     0000a84a  Kw                               
0     0000a84c  Kd                               
0     0000a84e  Kddot                            
0     0000a850  Kr                               
0     0000a852  Kr_sans_int                      
0     0000a854  i_store                          
0     0000a856  ic1                              
0     0000a858  ue1                              
0     0000a85a  integral_i1                      
0     0000a85c  fc1                              
0     0000a85e  v1                               
0     0000a860  ep1                              
0     0000a862  xr1                              
0     0000a864  fce1                             
0     0000a866  sum_vp1                          
0     0000a868  fc1_prim                         
0     0000a86a  Position_c1                      
0     0000a86c  Position_c1_dec                  
0     0000a86e  ic2                              
0     0000a870  ue2                              
0     0000a872  integral_i2                      
0     0000a874  fc2                              
0     0000a876  v2                               
0     0000a878  ep2                              
0     0000a87a  xr2                              
0     0000a87c  fce2                             
0     0000a87e  sum_vp2                          
0     0000a880  fc2_prim                         
0     0000a882  Position_c2                      
0     0000a884  Position_c2_dec                  
0     0000a886  ic3                              
0     0000a888  ue3                              
0     0000a88a  integral_i3                      
0     0000a88c  fc3                              
0     0000a88e  v3                               
0     0000a890  ep3                              
0     0000a892  xr3                              
0     0000a894  fce3                             
0     0000a896  sum_vp3                          
0     0000a898  fc3_prim                         
0     0000a89a  Position_c3_dec                  
0     0000a89c  Position2_c3                     
0     0000a89e  ic4                              
0     0000a8a0  ue4                              
0     0000a8a2  integral_i4                      
0     0000a8a4  fc4                              
0     0000a8a6  v4                               
0     0000a8a8  ep4                              
0     0000a8aa  xr4                              
0     0000a8ac  fce4                             
0     0000a8ae  sum_vp4                          
0     0000a8b0  fc4_prim                         
0     0000a8b2  Position_c4_dec                  
0     0000a8b4  Position2_c4                     
0     0000a8b6  fc1f                             
0     0000a8b8  fc2f                             
0     0000a8ba  fc3f                             
0     0000a8bc  fc4f                             
0     0000a8be  dutyFine                         
0     0000a8c0  count                            
0     0000a8c2  compCount                        
0     0000a8c4  Pos1_filt                        
0     0000a8c6  Pos2_filt                        
0     0000a8c8  Pos3_filt                        
0     0000a8ca  Pos4_filt                        
0     0000a8cc  Cur1_filt                        
0     0000a8ce  Cur2_filt                        
0     0000a8d0  Cur3_filt                        
0     0000a8d2  Cur4_filt                        
0     0000a8d4  pos1Buff                         
0     0000a8e6  pos2Buff                         
0     0000a8f8  pos3Buff                         
0     0000a90a  pos4Buff                         
0     0000a91c  duty_table                       
0     0000a924  IN1                              
0     0000a92a  IN2                              
0     0000a930  IN3                              
0     0000a936  IN4                              
0     0000a93c  b                                
0     0000a942  __TI_enable_exit_profile_output  
0     0000a944  __TI_cleanup_ptr                 
0     0000a946  __TI_dtors_ptr                   
0     0000a948  OUT1                             
0     0000a94c  OUT2                             
0     0000a950  OUT3                             
0     0000a954  OUT4                             
0     0000a958  a                                
0     0000a95c  _lock                            
0     0000a95e  _unlock                          
0     0000a961  errno                            
0     0000a962  log_curC                         
0     0000ad4a  txBuffer                         
0     0000adca  rxBuffer                         
0     0000ae0a  MEP_ScaleFactor                  
0     0000ae0b  ADC_pos_1                        
0     0000ae0c  ADC_pos_2                        
0     0000ae0d  ADC_pos_3                        
0     0000ae0e  ADC_pos_4                        
0     0000ae0f  ADC_cur_1                        
0     0000ae10  ADC_cur_2                        
0     0000ae11  ADC_cur_3                        
0     0000ae12  ADC_cur_4                        
0     0000ae13  status                           
0     0000ae14  MEP_SF                           
0     0000ae1d  SFO_CAL                          
0     0000c000  log_curM                         
0     0000c3e8  log_fc                           
0     0000c7d0  log_int                          
0     0000cbb8  log_posC                         
0     0000d000  log_posM                         
0     0000d3e8  log_state                        
0     0000d7d0  log_uc                           
0     0000dbb8  log_v                            
0     0000e000  log_xr                           
0     00080000  code_start                       
0     00081000  RamfuncsLoadStart                
0     0008112e  RamfuncsLoadEnd                  
0     0008116c  __TI_Handler_Table_Base          
0     00081172  __TI_Handler_Table_Limit         
0     00081182  __TI_CINIT_Base                  
0     00081196  __TI_CINIT_Limit                 
0     00081196  __TI_CINIT_Warm                  
0     00082000  adcA1ISR                         
0     00082a1b  powf                             
0     00082da7  SFO                              
0     00082f98  INT_mySCI0_TX_ISR                
0     00082fff  _system_post_cinit               
0     00083000  EPWM_init                        
0     00083337  PinMux_init                      
0     000834ba  SysCtl_setClock                  
0     000835dd  SendFloatAsText                  
0     000836ec  SysCtl_isPLLValid                
0     000837ea  init                             
0     000838cd  Device_enableAllPeripherals      
0     000839a0  __c28xabi_divf                   
0     00083a28  myADC0_init                      
0     00083aad  myADC1_init                      
0     00083b2e  INT_mySCI0_RX_ISR                
0     00083bac  SCI_init                         
0     00083bac  mySCI0_init                      
0     00083c95  GPIO_setAnalogMode               
0     00083cff  SysCtl_getClock                  
0     00083d64  Device_init                      
0     00083dc1  ftoa                             
0     00083e1e  GPIO_init                        
0     00083e76  ldexpf                           
0     00083e76  scalbnf                          
0     00083ece  GPIO_setPadConfig                
0     00083f20  SysCtl_selectOscSource           
0     00083f69  SysCtl_selectXTAL                
0     00083faf  SCI_clearInterruptStatus         
0     00083ff4  _args_main                       
0     00084424  SAVITZKY                         
0     00084436  duty_cycle_table                 
0     0008443e  ePWM                             
0     00084458  SCI_disableInterrupt             
0     000844e2  SCI_enableInterrupt              
0     00084526  SCI_setConfig                    
0     00084564  Interrupt_initModule             
0     000845a1  IIR_Filter                       
0     000845dc  PI_current_regulator             
0     00084615  ConvertIntToStr                  
0     0008464d  GPIO_setControllerCore           
0     00084684  GPIO_setInterruptPin             
0     000846bb  GPIO_setPinConfig                
0     000846f2  GPIO_setQualificationMode        
0     00084729  Interrupt_enable                 
0     00084760  CPUTIMER_init                    
0     00084760  myCPUTIMER0_init                 
0     000847c7  GPIO_setDirectionMode            
0     000847f8  __TI_decompress_lzss             
0     00084828  INTERRUPT_init                   
0     00084880  __TI_auto_init_nobinit_nopinit   
0     000848d5  C$$EXIT                          
0     000848d5  abort                            
0     000848d7  exit                             
0     000848fe  ADC_setOffsetTrimAll             
0     00084926  ADC_setVREF                      
0     0008494e  sqrtf                            
0     00084975  SysCtl_selectXTALSingleEnded     
0     000849be  savitzky_Filter                  
0     000849e0  Board_init                       
0     00084a3b  Interrupt_initVectorTable        
0     00084a59  memcpy                           
0     00084a91  SysCtl_getLowSpeedClock          
0     00084b39  _c_int00                         
0     00084b66  EPWM_setEmulationMode            
0     00084b7c  Interrupt_defaultHandler         
0     00084be6  reverse                          
0     00084c37  INT_Push_Button_Start_XINT_ISR   
0     00084c4b  CPUTimer_setEmulationMode        
0     00084c84  SYNC_init                        
0     00084c95  copysignf                        
0     00084ca6  Device_initGPIO                  
0     00084cd6  Push_Button_Start_XINT_init      
0     00084cd6  XINT_init                        
0     00084ce6  ASYSCTL_init                     
0     00084d18  Interrupt_illegalOperationHandler
0     00084d22  Interrupt_nmiHandler             
0     00084d2c  myINPUTXBARINPUT2_init           
0     00084d35  _register_unlock                 
0     00084d39  _register_lock                   
0     00084d3d  _nop                             
0     00084d3e  __TI_decompress_none             
0     00084d55  memset                           
0     00084d5c  __TI_zero_init                   
0     00084d62  myINPUTXBARINPUT0_init           
0     00084d68  myINPUTXBARINPUT1_init           
0     00084d6e  __error__                        
0     00084d71  error                            
0     00084d74  main                             
0     00084d77  _system_pre_init                 
abs   0000012e  RamfuncsLoadSize                 
abs   0000012e  RamfuncsRunSize                  
abs   00000200  __TI_STACK_SIZE                  
abs   ffffffff  __TI_pprof_out_hndl              
abs   ffffffff  __TI_prof_data_size              
abs   ffffffff  __TI_prof_data_start             
n/a   UNDEFED   __c_args__                       

[272 symbols]
