<?xml version="1.0" encoding="ISO-8859-1" ?>
<link_info>
   <banner>TMS320C2000 Linker PC v22.6.1.LTS</banner>
   <copyright>Copyright (c) 1996-2018 Texas Instruments Incorporated</copyright>
   <link_time>0x6a3126f8</link_time>
   <link_errors>0x0</link_errors>
   <output_file>Test_pour_carte_principale_4_inducteurs.out</output_file>
   <entry_point>
      <name>code_start</name>
      <address>0x80000</address>
   </entry_point>
   <input_file_list>
      <input_file id="fl-2">
         <path>.\</path>
         <kind>object</kind>
         <file>FunctionHeader2.obj</file>
         <name>FunctionHeader2.obj</name>
      </input_file>
      <input_file id="fl-3">
         <path>.\</path>
         <kind>object</kind>
         <file>MesureParInducteur.obj</file>
         <name>MesureParInducteur.obj</name>
      </input_file>
      <input_file id="fl-4">
         <path>.\syscfg\</path>
         <kind>object</kind>
         <file>board.obj</file>
         <name>board.obj</name>
      </input_file>
      <input_file id="fl-5">
         <path>.\syscfg\</path>
         <kind>object</kind>
         <file>c2000ware_libraries.obj</file>
         <name>c2000ware_libraries.obj</name>
      </input_file>
      <input_file id="fl-6">
         <path>.\device\</path>
         <kind>object</kind>
         <file>device.obj</file>
         <name>device.obj</name>
      </input_file>
      <input_file id="fl-7">
         <path>.\device\</path>
         <kind>object</kind>
         <file>f28003x_codestartbranch.obj</file>
         <name>f28003x_codestartbranch.obj</name>
      </input_file>
      <input_file id="fl-e">
         <kind>object</kind>
         <file>&lt;internal&gt;</file>
         <name>&lt;internal&gt;</name>
      </input_file>
      <input_file id="fl-12">
         <path>C:\ti\c2000\C2000Ware_5_02_00_00\libraries\calibration\hrpwm\f28003x\lib\</path>
         <kind>archive</kind>
         <file>SFO_v8_fpu_lib_build_c28_driverlib_eabi.lib</file>
         <name>SFO_v8_fpu_lib_build_c28_driverlib.obj</name>
      </input_file>
      <input_file id="fl-13">
         <path>C:\ti\c2000\C2000Ware_5_02_00_00\driverlib\f28003x\driverlib\ccs\Debug\</path>
         <kind>archive</kind>
         <file>driverlib.lib</file>
         <name>adc.obj</name>
      </input_file>
      <input_file id="fl-14">
         <path>C:\ti\c2000\C2000Ware_5_02_00_00\driverlib\f28003x\driverlib\ccs\Debug\</path>
         <kind>archive</kind>
         <file>driverlib.lib</file>
         <name>cputimer.obj</name>
      </input_file>
      <input_file id="fl-15">
         <path>C:\ti\c2000\C2000Ware_5_02_00_00\driverlib\f28003x\driverlib\ccs\Debug\</path>
         <kind>archive</kind>
         <file>driverlib.lib</file>
         <name>dcc.obj</name>
      </input_file>
      <input_file id="fl-16">
         <path>C:\ti\c2000\C2000Ware_5_02_00_00\driverlib\f28003x\driverlib\ccs\Debug\</path>
         <kind>archive</kind>
         <file>driverlib.lib</file>
         <name>epwm.obj</name>
      </input_file>
      <input_file id="fl-17">
         <path>C:\ti\c2000\C2000Ware_5_02_00_00\driverlib\f28003x\driverlib\ccs\Debug\</path>
         <kind>archive</kind>
         <file>driverlib.lib</file>
         <name>flash.obj</name>
      </input_file>
      <input_file id="fl-18">
         <path>C:\ti\c2000\C2000Ware_5_02_00_00\driverlib\f28003x\driverlib\ccs\Debug\</path>
         <kind>archive</kind>
         <file>driverlib.lib</file>
         <name>gpio.obj</name>
      </input_file>
      <input_file id="fl-19">
         <path>C:\ti\c2000\C2000Ware_5_02_00_00\driverlib\f28003x\driverlib\ccs\Debug\</path>
         <kind>archive</kind>
         <file>driverlib.lib</file>
         <name>interrupt.obj</name>
      </input_file>
      <input_file id="fl-1a">
         <path>C:\ti\c2000\C2000Ware_5_02_00_00\driverlib\f28003x\driverlib\ccs\Debug\</path>
         <kind>archive</kind>
         <file>driverlib.lib</file>
         <name>sci.obj</name>
      </input_file>
      <input_file id="fl-1b">
         <path>C:\ti\c2000\C2000Ware_5_02_00_00\driverlib\f28003x\driverlib\ccs\Debug\</path>
         <kind>archive</kind>
         <file>driverlib.lib</file>
         <name>sysctl.obj</name>
      </input_file>
      <input_file id="fl-27">
         <path>C:\ti\ccs1260\ccs\tools\compiler\ti-cgt-c2000_22.6.1.LTS\lib\</path>
         <kind>archive</kind>
         <file>rts2800_fpu32_eabi.lib</file>
         <name>e_powf.c.obj</name>
      </input_file>
      <input_file id="fl-28">
         <path>C:\ti\ccs1260\ccs\tools\compiler\ti-cgt-c2000_22.6.1.LTS\lib\</path>
         <kind>archive</kind>
         <file>rts2800_fpu32_eabi.lib</file>
         <name>e_sqrtf.c.obj</name>
      </input_file>
      <input_file id="fl-29">
         <path>C:\ti\ccs1260\ccs\tools\compiler\ti-cgt-c2000_22.6.1.LTS\lib\</path>
         <kind>archive</kind>
         <file>rts2800_fpu32_eabi.lib</file>
         <name>s_scalbnf.c.obj</name>
      </input_file>
      <input_file id="fl-2a">
         <path>C:\ti\ccs1260\ccs\tools\compiler\ti-cgt-c2000_22.6.1.LTS\lib\</path>
         <kind>archive</kind>
         <file>rts2800_fpu32_eabi.lib</file>
         <name>s_copysignf.c.obj</name>
      </input_file>
      <input_file id="fl-2b">
         <path>C:\ti\ccs1260\ccs\tools\compiler\ti-cgt-c2000_22.6.1.LTS\lib\</path>
         <kind>archive</kind>
         <file>rts2800_fpu32_eabi.lib</file>
         <name>boot28.asm.obj</name>
      </input_file>
      <input_file id="fl-2c">
         <path>C:\ti\ccs1260\ccs\tools\compiler\ti-cgt-c2000_22.6.1.LTS\lib\</path>
         <kind>archive</kind>
         <file>rts2800_fpu32_eabi.lib</file>
         <name>fs_div28.asm.obj</name>
      </input_file>
      <input_file id="fl-2d">
         <path>C:\ti\ccs1260\ccs\tools\compiler\ti-cgt-c2000_22.6.1.LTS\lib\</path>
         <kind>archive</kind>
         <file>rts2800_fpu32_eabi.lib</file>
         <name>ll_cmp28.asm.obj</name>
      </input_file>
      <input_file id="fl-2e">
         <path>C:\ti\ccs1260\ccs\tools\compiler\ti-cgt-c2000_22.6.1.LTS\lib\</path>
         <kind>archive</kind>
         <file>rts2800_fpu32_eabi.lib</file>
         <name>memcpy.c.obj</name>
      </input_file>
      <input_file id="fl-2f">
         <path>C:\ti\ccs1260\ccs\tools\compiler\ti-cgt-c2000_22.6.1.LTS\lib\</path>
         <kind>archive</kind>
         <file>rts2800_fpu32_eabi.lib</file>
         <name>pre_init.c.obj</name>
      </input_file>
      <input_file id="fl-30">
         <path>C:\ti\ccs1260\ccs\tools\compiler\ti-cgt-c2000_22.6.1.LTS\lib\</path>
         <kind>archive</kind>
         <file>rts2800_fpu32_eabi.lib</file>
         <name>autoinit.c.obj</name>
      </input_file>
      <input_file id="fl-31">
         <path>C:\ti\ccs1260\ccs\tools\compiler\ti-cgt-c2000_22.6.1.LTS\lib\</path>
         <kind>archive</kind>
         <file>rts2800_fpu32_eabi.lib</file>
         <name>copy_zero_init.c.obj</name>
      </input_file>
      <input_file id="fl-32">
         <path>C:\ti\ccs1260\ccs\tools\compiler\ti-cgt-c2000_22.6.1.LTS\lib\</path>
         <kind>archive</kind>
         <file>rts2800_fpu32_eabi.lib</file>
         <name>copy_decompress_none.c.obj</name>
      </input_file>
      <input_file id="fl-33">
         <path>C:\ti\ccs1260\ccs\tools\compiler\ti-cgt-c2000_22.6.1.LTS\lib\</path>
         <kind>archive</kind>
         <file>rts2800_fpu32_eabi.lib</file>
         <name>copy_decompress_lzss.c.obj</name>
      </input_file>
      <input_file id="fl-34">
         <path>C:\ti\ccs1260\ccs\tools\compiler\ti-cgt-c2000_22.6.1.LTS\lib\</path>
         <kind>archive</kind>
         <file>rts2800_fpu32_eabi.lib</file>
         <name>exit.c.obj</name>
      </input_file>
      <input_file id="fl-35">
         <path>C:\ti\ccs1260\ccs\tools\compiler\ti-cgt-c2000_22.6.1.LTS\lib\</path>
         <kind>archive</kind>
         <file>rts2800_fpu32_eabi.lib</file>
         <name>_lock.c.obj</name>
      </input_file>
      <input_file id="fl-36">
         <path>C:\ti\ccs1260\ccs\tools\compiler\ti-cgt-c2000_22.6.1.LTS\lib\</path>
         <kind>archive</kind>
         <file>rts2800_fpu32_eabi.lib</file>
         <name>args_main.c.obj</name>
      </input_file>
      <input_file id="fl-37">
         <path>C:\ti\ccs1260\ccs\tools\compiler\ti-cgt-c2000_22.6.1.LTS\lib\</path>
         <kind>archive</kind>
         <file>rts2800_fpu32_eabi.lib</file>
         <name>memset.c.obj</name>
      </input_file>
      <input_file id="fl-38">
         <path>C:\ti\ccs1260\ccs\tools\compiler\ti-cgt-c2000_22.6.1.LTS\lib\</path>
         <kind>archive</kind>
         <file>rts2800_fpu32_eabi.lib</file>
         <name>errno.c.obj</name>
      </input_file>
      <input_file id="fl-39">
         <path>C:\ti\ccs1260\ccs\tools\compiler\ti-cgt-c2000_22.6.1.LTS\lib\</path>
         <kind>archive</kind>
         <file>rts2800_fpu32_eabi.lib</file>
         <name>cpy_tbl.c.obj</name>
      </input_file>
      <input_file id="fl-3a">
         <path>C:\ti\ccs1260\ccs\tools\compiler\ti-cgt-c2000_22.6.1.LTS\lib\</path>
         <kind>archive</kind>
         <file>rts2800_fpu32_eabi.lib</file>
         <name>startup.c.obj</name>
      </input_file>
   </input_file_list>
   <object_component_list>
      <object_component id="oc-22">
         <name>codestart</name>
         <load_address>0x80000</load_address>
         <run_address>0x80000</run_address>
         <size>0x2</size>
         <input_file_ref idref="fl-7"/>
      </object_component>
      <object_component id="oc-2d">
         <name>.text:adcA1ISR</name>
         <load_address>0x82000</load_address>
         <run_address>0x82000</run_address>
         <size>0xa1b</size>
         <input_file_ref idref="fl-3"/>
      </object_component>
      <object_component id="oc-1df">
         <name>.text</name>
         <load_address>0x82a1b</load_address>
         <run_address>0x82a1b</run_address>
         <size>0x38c</size>
         <input_file_ref idref="fl-27"/>
      </object_component>
      <object_component id="oc-99">
         <name>.text</name>
         <load_address>0x82da7</load_address>
         <run_address>0x82da7</run_address>
         <size>0x1f1</size>
         <input_file_ref idref="fl-12"/>
      </object_component>
      <object_component id="oc-39">
         <name>.text:INT_mySCI0_TX_ISR</name>
         <load_address>0x82f98</load_address>
         <run_address>0x82f98</run_address>
         <size>0x67</size>
         <input_file_ref idref="fl-3"/>
      </object_component>
      <object_component id="oc-26f">
         <name>.text</name>
         <load_address>0x82fff</load_address>
         <run_address>0x82fff</run_address>
         <size>0x1</size>
         <input_file_ref idref="fl-3a"/>
      </object_component>
      <object_component id="oc-349">
         <name>.text:EPWM_init</name>
         <load_address>0x83000</load_address>
         <run_address>0x83000</run_address>
         <size>0x337</size>
         <input_file_ref idref="fl-4"/>
      </object_component>
      <object_component id="oc-313">
         <name>.text:PinMux_init</name>
         <load_address>0x83337</load_address>
         <run_address>0x83337</run_address>
         <size>0x183</size>
         <input_file_ref idref="fl-4"/>
      </object_component>
      <object_component id="oc-2f2">
         <name>.text:SysCtl_setClock</name>
         <load_address>0x834ba</load_address>
         <run_address>0x834ba</run_address>
         <size>0x123</size>
         <input_file_ref idref="fl-1b"/>
      </object_component>
      <object_component id="oc-86">
         <name>.text:SendFloatAsText</name>
         <load_address>0x835dd</load_address>
         <run_address>0x835dd</run_address>
         <size>0x10f</size>
         <input_file_ref idref="fl-2"/>
      </object_component>
      <object_component id="oc-3ba">
         <name>.text:SysCtl_isPLLValid</name>
         <load_address>0x836ec</load_address>
         <run_address>0x836ec</run_address>
         <size>0xfe</size>
         <input_file_ref idref="fl-1b"/>
      </object_component>
      <object_component id="oc-284">
         <name>.text:init</name>
         <load_address>0x837ea</load_address>
         <run_address>0x837ea</run_address>
         <size>0xe3</size>
         <input_file_ref idref="fl-3"/>
      </object_component>
      <object_component id="oc-304">
         <name>.text:Device_enableAllPeripherals</name>
         <load_address>0x838cd</load_address>
         <run_address>0x838cd</run_address>
         <size>0xd3</size>
         <input_file_ref idref="fl-6"/>
      </object_component>
      <object_component id="oc-24d">
         <name>.text</name>
         <load_address>0x839a0</load_address>
         <run_address>0x839a0</run_address>
         <size>0x88</size>
         <input_file_ref idref="fl-2c"/>
      </object_component>
      <object_component id="oc-337">
         <name>.text:myADC0_init</name>
         <load_address>0x83a28</load_address>
         <run_address>0x83a28</run_address>
         <size>0x85</size>
         <input_file_ref idref="fl-4"/>
      </object_component>
      <object_component id="oc-33d">
         <name>.text:myADC1_init</name>
         <load_address>0x83aad</load_address>
         <run_address>0x83aad</run_address>
         <size>0x81</size>
         <input_file_ref idref="fl-4"/>
      </object_component>
      <object_component id="oc-3f">
         <name>.text:INT_mySCI0_RX_ISR</name>
         <load_address>0x83b2e</load_address>
         <run_address>0x83b2e</run_address>
         <size>0x7e</size>
         <input_file_ref idref="fl-3"/>
      </object_component>
      <object_component id="oc-355">
         <name>.text:mySCI0_init</name>
         <load_address>0x83bac</load_address>
         <run_address>0x83bac</run_address>
         <size>0x76</size>
         <input_file_ref idref="fl-4"/>
      </object_component>
      <object_component id="oc-463">
         <name>.text:DCC_setCounterSeeds</name>
         <load_address>0x83c22</load_address>
         <run_address>0x83c22</run_address>
         <size>0x73</size>
         <input_file_ref idref="fl-1b"/>
      </object_component>
      <object_component id="oc-30a">
         <name>.text:GPIO_setAnalogMode</name>
         <load_address>0x83c95</load_address>
         <run_address>0x83c95</run_address>
         <size>0x6a</size>
         <input_file_ref idref="fl-18"/>
      </object_component>
      <object_component id="oc-2f8">
         <name>.text:SysCtl_getClock</name>
         <load_address>0x83cff</load_address>
         <run_address>0x83cff</run_address>
         <size>0x65</size>
         <input_file_ref idref="fl-1b"/>
      </object_component>
      <object_component id="oc-2bb">
         <name>.text:Device_init</name>
         <load_address>0x83d64</load_address>
         <run_address>0x83d64</run_address>
         <size>0x5d</size>
         <input_file_ref idref="fl-6"/>
      </object_component>
      <object_component id="oc-13b">
         <name>.text:ftoa</name>
         <load_address>0x83dc1</load_address>
         <run_address>0x83dc1</run_address>
         <size>0x5d</size>
         <input_file_ref idref="fl-2"/>
      </object_component>
      <object_component id="oc-34f">
         <name>.text:GPIO_init</name>
         <load_address>0x83e1e</load_address>
         <run_address>0x83e1e</run_address>
         <size>0x58</size>
         <input_file_ref idref="fl-4"/>
      </object_component>
      <object_component id="oc-261">
         <name>.text</name>
         <load_address>0x83e76</load_address>
         <run_address>0x83e76</run_address>
         <size>0x58</size>
         <input_file_ref idref="fl-29"/>
      </object_component>
      <object_component id="oc-3ce">
         <name>.text:GPIO_setPadConfig</name>
         <load_address>0x83ece</load_address>
         <run_address>0x83ece</run_address>
         <size>0x52</size>
         <input_file_ref idref="fl-18"/>
      </object_component>
      <object_component id="oc-3ae">
         <name>.text:SysCtl_selectOscSource</name>
         <load_address>0x83f20</load_address>
         <run_address>0x83f20</run_address>
         <size>0x49</size>
         <input_file_ref idref="fl-1b"/>
      </object_component>
      <object_component id="oc-425">
         <name>.text:SysCtl_selectXTAL</name>
         <load_address>0x83f69</load_address>
         <run_address>0x83f69</run_address>
         <size>0x46</size>
         <input_file_ref idref="fl-1b"/>
      </object_component>
      <object_component id="oc-10f">
         <name>.text:SCI_clearInterruptStatus</name>
         <load_address>0x83faf</load_address>
         <run_address>0x83faf</run_address>
         <size>0x45</size>
         <input_file_ref idref="fl-1a"/>
      </object_component>
      <object_component id="oc-1cc">
         <name>.text</name>
         <load_address>0x83ff4</load_address>
         <run_address>0x83ff4</run_address>
         <size>0xc</size>
         <input_file_ref idref="fl-36"/>
      </object_component>
      <object_component id="oc-109">
         <name>.text:SCI_disableInterrupt</name>
         <load_address>0x84458</load_address>
         <run_address>0x84458</run_address>
         <size>0x45</size>
         <input_file_ref idref="fl-1a"/>
      </object_component>
      <object_component id="oc-4be">
         <name>.text:SysCtl_pollX1Counter</name>
         <load_address>0x8449d</load_address>
         <run_address>0x8449d</run_address>
         <size>0x45</size>
         <input_file_ref idref="fl-1b"/>
      </object_component>
      <object_component id="oc-141">
         <name>.text:SCI_enableInterrupt</name>
         <load_address>0x844e2</load_address>
         <run_address>0x844e2</run_address>
         <size>0x44</size>
         <input_file_ref idref="fl-1a"/>
      </object_component>
      <object_component id="oc-409">
         <name>.text:SCI_setConfig</name>
         <load_address>0x84526</load_address>
         <run_address>0x84526</run_address>
         <size>0x3e</size>
         <input_file_ref idref="fl-1a"/>
      </object_component>
      <object_component id="oc-2c7">
         <name>.text:Interrupt_initModule</name>
         <load_address>0x84564</load_address>
         <run_address>0x84564</run_address>
         <size>0x3d</size>
         <input_file_ref idref="fl-19"/>
      </object_component>
      <object_component id="oc-bd">
         <name>.text:IIR_Filter</name>
         <load_address>0x845a1</load_address>
         <run_address>0x845a1</run_address>
         <size>0x3b</size>
         <input_file_ref idref="fl-2"/>
      </object_component>
      <object_component id="oc-d5">
         <name>.text:PI_current_regulator</name>
         <load_address>0x845dc</load_address>
         <run_address>0x845dc</run_address>
         <size>0x39</size>
         <input_file_ref idref="fl-2"/>
      </object_component>
      <object_component id="oc-1d9">
         <name>.text:ConvertIntToStr</name>
         <load_address>0x84615</load_address>
         <run_address>0x84615</run_address>
         <size>0x38</size>
         <input_file_ref idref="fl-2"/>
      </object_component>
      <object_component id="oc-402">
         <name>.text:GPIO_setControllerCore</name>
         <load_address>0x8464d</load_address>
         <run_address>0x8464d</run_address>
         <size>0x37</size>
         <input_file_ref idref="fl-18"/>
      </object_component>
      <object_component id="oc-410">
         <name>.text:GPIO_setInterruptPin</name>
         <load_address>0x84684</load_address>
         <run_address>0x84684</run_address>
         <size>0x37</size>
         <input_file_ref idref="fl-18"/>
      </object_component>
      <object_component id="oc-3c8">
         <name>.text:GPIO_setPinConfig</name>
         <load_address>0x846bb</load_address>
         <run_address>0x846bb</run_address>
         <size>0x37</size>
         <input_file_ref idref="fl-18"/>
      </object_component>
      <object_component id="oc-3d4">
         <name>.text:GPIO_setQualificationMode</name>
         <load_address>0x846f2</load_address>
         <run_address>0x846f2</run_address>
         <size>0x37</size>
         <input_file_ref idref="fl-18"/>
      </object_component>
      <object_component id="oc-fe">
         <name>.text:Interrupt_enable</name>
         <load_address>0x84729</load_address>
         <run_address>0x84729</run_address>
         <size>0x37</size>
         <input_file_ref idref="fl-19"/>
      </object_component>
      <object_component id="oc-343">
         <name>.text:myCPUTIMER0_init</name>
         <load_address>0x84760</load_address>
         <run_address>0x84760</run_address>
         <size>0x34</size>
         <input_file_ref idref="fl-4"/>
      </object_component>
      <object_component id="oc-3f5">
         <name>.text:EPWM_setActionQualifierAction</name>
         <load_address>0x84794</load_address>
         <run_address>0x84794</run_address>
         <size>0x33</size>
         <input_file_ref idref="fl-4"/>
      </object_component>
      <object_component id="oc-3fc">
         <name>.text:GPIO_setDirectionMode</name>
         <load_address>0x847c7</load_address>
         <run_address>0x847c7</run_address>
         <size>0x31</size>
         <input_file_ref idref="fl-18"/>
      </object_component>
      <object_component id="oc-15">
         <name>.text:decompress:lzss</name>
         <load_address>0x847f8</load_address>
         <run_address>0x847f8</run_address>
         <size>0x30</size>
         <input_file_ref idref="fl-33"/>
      </object_component>
      <object_component id="oc-33">
         <name>.text:INTERRUPT_init</name>
         <load_address>0x84828</load_address>
         <run_address>0x84828</run_address>
         <size>0x2d</size>
         <input_file_ref idref="fl-4"/>
      </object_component>
      <object_component id="oc-49d">
         <name>.text:EPWM_isBaseValid</name>
         <load_address>0x84855</load_address>
         <run_address>0x84855</run_address>
         <size>0x2b</size>
         <input_file_ref idref="fl-16"/>
      </object_component>
      <object_component id="oc-206">
         <name>.text:__TI_auto_init_nobinit_nopinit</name>
         <load_address>0x84880</load_address>
         <run_address>0x84880</run_address>
         <size>0x2b</size>
         <input_file_ref idref="fl-30"/>
      </object_component>
      <object_component id="oc-4b7">
         <name>.text:XBAR_setInputPin</name>
         <load_address>0x848ab</load_address>
         <run_address>0x848ab</run_address>
         <size>0x2a</size>
         <input_file_ref idref="fl-18"/>
      </object_component>
      <object_component id="oc-1d2">
         <name>.text</name>
         <load_address>0x848d5</load_address>
         <run_address>0x848d5</run_address>
         <size>0x29</size>
         <input_file_ref idref="fl-34"/>
      </object_component>
      <object_component id="oc-48c">
         <name>.text:ADC_setOffsetTrimAll</name>
         <load_address>0x848fe</load_address>
         <run_address>0x848fe</run_address>
         <size>0x28</size>
         <input_file_ref idref="fl-13"/>
      </object_component>
      <object_component id="oc-3e0">
         <name>.text:ADC_setVREF</name>
         <load_address>0x84926</load_address>
         <run_address>0x84926</run_address>
         <size>0x27</size>
         <input_file_ref idref="fl-13"/>
      </object_component>
      <object_component id="oc-252">
         <name>.text</name>
         <load_address>0x8494e</load_address>
         <run_address>0x8494e</run_address>
         <size>0x27</size>
         <input_file_ref idref="fl-28"/>
      </object_component>
      <object_component id="oc-42b">
         <name>.text:SysCtl_selectXTALSingleEnded</name>
         <load_address>0x84975</load_address>
         <run_address>0x84975</run_address>
         <size>0x25</size>
         <input_file_ref idref="fl-1b"/>
      </object_component>
      <object_component id="oc-469">
         <name>.text:DCC_enableSingleShotMode</name>
         <load_address>0x8499a</load_address>
         <run_address>0x8499a</run_address>
         <size>0x24</size>
         <input_file_ref idref="fl-1b"/>
      </object_component>
      <object_component id="oc-a8">
         <name>.text:savitzky_Filter</name>
         <load_address>0x849be</load_address>
         <run_address>0x849be</run_address>
         <size>0x22</size>
         <input_file_ref idref="fl-2"/>
      </object_component>
      <object_component id="oc-2cd">
         <name>.text:Board_init</name>
         <load_address>0x849e0</load_address>
         <run_address>0x849e0</run_address>
         <size>0x1f</size>
         <input_file_ref idref="fl-4"/>
      </object_component>
      <object_component id="oc-457">
         <name>.text:DCC_setCounter0ClkSource</name>
         <load_address>0x849ff</load_address>
         <run_address>0x849ff</run_address>
         <size>0x1e</size>
         <input_file_ref idref="fl-1b"/>
      </object_component>
      <object_component id="oc-45d">
         <name>.text:DCC_setCounter1ClkSource</name>
         <load_address>0x84a1d</load_address>
         <run_address>0x84a1d</run_address>
         <size>0x1e</size>
         <input_file_ref idref="fl-1b"/>
      </object_component>
      <object_component id="oc-4d">
         <name>.text:Interrupt_initVectorTable</name>
         <load_address>0x84a3b</load_address>
         <run_address>0x84a3b</run_address>
         <size>0x1e</size>
         <input_file_ref idref="fl-19"/>
      </object_component>
      <object_component id="oc-66">
         <name>.text</name>
         <load_address>0x84a59</load_address>
         <run_address>0x84a59</run_address>
         <size>0x1d</size>
         <input_file_ref idref="fl-2e"/>
      </object_component>
      <object_component id="oc-4ed">
         <name>.text:XBAR_isBaseValid</name>
         <load_address>0x84a76</load_address>
         <run_address>0x84a76</run_address>
         <size>0x1b</size>
         <input_file_ref idref="fl-18"/>
      </object_component>
      <object_component id="oc-2fe">
         <name>.text:SysCtl_getLowSpeedClock</name>
         <load_address>0x84a91</load_address>
         <run_address>0x84a91</run_address>
         <size>0x1a</size>
         <input_file_ref idref="fl-1b"/>
      </object_component>
      <object_component id="oc-3b4">
         <name>.text:SysCtl_setPLLSysClk</name>
         <load_address>0x84aab</load_address>
         <run_address>0x84aab</run_address>
         <size>0x19</size>
         <input_file_ref idref="fl-1b"/>
      </object_component>
      <object_component id="oc-4aa">
         <name>.text:SCI_disableModule</name>
         <load_address>0x84ac4</load_address>
         <run_address>0x84ac4</run_address>
         <size>0x18</size>
         <input_file_ref idref="fl-1a"/>
      </object_component>
      <object_component id="oc-1b1">
         <name>.text:SCI_performSoftwareReset</name>
         <load_address>0x84adc</load_address>
         <run_address>0x84adc</run_address>
         <size>0x18</size>
         <input_file_ref idref="fl-1a"/>
      </object_component>
      <object_component id="oc-485">
         <name>.text:ADC_isBaseValid</name>
         <load_address>0x84af4</load_address>
         <run_address>0x84af4</run_address>
         <size>0x17</size>
         <input_file_ref idref="fl-13"/>
      </object_component>
      <object_component id="oc-494">
         <name>.text:CPUTimer_isBaseValid</name>
         <load_address>0x84b0b</load_address>
         <run_address>0x84b0b</run_address>
         <size>0x17</size>
         <input_file_ref idref="fl-14"/>
      </object_component>
      <object_component id="oc-433">
         <name>.text:SysCtl_enablePeripheral</name>
         <load_address>0x84b22</load_address>
         <run_address>0x84b22</run_address>
         <size>0x17</size>
         <input_file_ref idref="fl-1b"/>
      </object_component>
      <object_component id="oc-131">
         <name>.text</name>
         <load_address>0x84b39</load_address>
         <run_address>0x84b39</run_address>
         <size>0x17</size>
         <input_file_ref idref="fl-2b"/>
      </object_component>
      <object_component id="oc-451">
         <name>.text:DCC_disableDoneSignal</name>
         <load_address>0x84b50</load_address>
         <run_address>0x84b50</run_address>
         <size>0x16</size>
         <input_file_ref idref="fl-1b"/>
      </object_component>
      <object_component id="oc-3ef">
         <name>.text:EPWM_setEmulationMode</name>
         <load_address>0x84b66</load_address>
         <run_address>0x84b66</run_address>
         <size>0x16</size>
         <input_file_ref idref="fl-16"/>
      </object_component>
      <object_component id="oc-4b">
         <name>.text:Interrupt_defaultHandler</name>
         <load_address>0x84b7c</load_address>
         <run_address>0x84b7c</run_address>
         <size>0x16</size>
         <input_file_ref idref="fl-19"/>
      </object_component>
      <object_component id="oc-43f">
         <name>.text:DCC_clearDoneFlag</name>
         <load_address>0x84b92</load_address>
         <run_address>0x84b92</run_address>
         <size>0x15</size>
         <input_file_ref idref="fl-1b"/>
      </object_component>
      <object_component id="oc-439">
         <name>.text:DCC_clearErrorFlag</name>
         <load_address>0x84ba7</load_address>
         <run_address>0x84ba7</run_address>
         <size>0x15</size>
         <input_file_ref idref="fl-1b"/>
      </object_component>
      <object_component id="oc-44b">
         <name>.text:DCC_disableErrorSignal</name>
         <load_address>0x84bbc</load_address>
         <run_address>0x84bbc</run_address>
         <size>0x15</size>
         <input_file_ref idref="fl-1b"/>
      </object_component>
      <object_component id="oc-4cd">
         <name>.text:DCC_isBaseValid</name>
         <load_address>0x84bd1</load_address>
         <run_address>0x84bd1</run_address>
         <size>0x15</size>
         <input_file_ref idref="fl-1b"/>
      </object_component>
      <object_component id="oc-246">
         <name>.text:reverse</name>
         <load_address>0x84be6</load_address>
         <run_address>0x84be6</run_address>
         <size>0x15</size>
         <input_file_ref idref="fl-2"/>
      </object_component>
      <object_component id="oc-445">
         <name>.text:DCC_disableModule</name>
         <load_address>0x84bfb</load_address>
         <run_address>0x84bfb</run_address>
         <size>0x14</size>
         <input_file_ref idref="fl-1b"/>
      </object_component>
      <object_component id="oc-46f">
         <name>.text:DCC_enableModule</name>
         <load_address>0x84c0f</load_address>
         <run_address>0x84c0f</run_address>
         <size>0x14</size>
         <input_file_ref idref="fl-1b"/>
      </object_component>
      <object_component id="oc-47d">
         <name>.text:GPIO_isPinValid</name>
         <load_address>0x84c23</load_address>
         <run_address>0x84c23</run_address>
         <size>0x14</size>
         <input_file_ref idref="fl-18"/>
      </object_component>
      <object_component id="oc-45">
         <name>.text:INT_Push_Button_Start_XINT_ISR</name>
         <load_address>0x84c37</load_address>
         <run_address>0x84c37</run_address>
         <size>0x14</size>
         <input_file_ref idref="fl-3"/>
      </object_component>
      <object_component id="oc-3e8">
         <name>.text:CPUTimer_setEmulationMode</name>
         <load_address>0x84c4b</load_address>
         <run_address>0x84c4b</run_address>
         <size>0x13</size>
         <input_file_ref idref="fl-14"/>
      </object_component>
      <object_component id="oc-4b0">
         <name>.text:SCI_enableModule</name>
         <load_address>0x84c5e</load_address>
         <run_address>0x84c5e</run_address>
         <size>0x13</size>
         <input_file_ref idref="fl-1a"/>
      </object_component>
      <object_component id="oc-1a8">
         <name>.text:SCI_isBaseValid</name>
         <load_address>0x84c71</load_address>
         <run_address>0x84c71</run_address>
         <size>0x13</size>
         <input_file_ref idref="fl-1a"/>
      </object_component>
      <object_component id="oc-32b">
         <name>.text:SYNC_init</name>
         <load_address>0x84c84</load_address>
         <run_address>0x84c84</run_address>
         <size>0x11</size>
         <input_file_ref idref="fl-4"/>
      </object_component>
      <object_component id="oc-2a6">
         <name>.text</name>
         <load_address>0x84c95</load_address>
         <run_address>0x84c95</run_address>
         <size>0x11</size>
         <input_file_ref idref="fl-2a"/>
      </object_component>
      <object_component id="oc-2c1">
         <name>.text:Device_initGPIO</name>
         <load_address>0x84ca6</load_address>
         <run_address>0x84ca6</run_address>
         <size>0x10</size>
         <input_file_ref idref="fl-6"/>
      </object_component>
      <object_component id="oc-367">
         <name>.text:Flash_isCtrlBaseValid</name>
         <load_address>0x84cb6</load_address>
         <run_address>0x84cb6</run_address>
         <size>0x10</size>
         <input_file_ref idref="fl-17"/>
      </object_component>
      <object_component id="oc-36e">
         <name>.text:Flash_isECCBaseValid</name>
         <load_address>0x84cc6</load_address>
         <run_address>0x84cc6</run_address>
         <size>0x10</size>
         <input_file_ref idref="fl-17"/>
      </object_component>
      <object_component id="oc-35b">
         <name>.text:Push_Button_Start_XINT_init</name>
         <load_address>0x84cd6</load_address>
         <run_address>0x84cd6</run_address>
         <size>0x10</size>
         <input_file_ref idref="fl-4"/>
      </object_component>
      <object_component id="oc-331">
         <name>.text:ASYSCTL_init</name>
         <load_address>0x84ce6</load_address>
         <run_address>0x84ce6</run_address>
         <size>0xd</size>
         <input_file_ref idref="fl-4"/>
      </object_component>
      <object_component id="oc-196">
         <name>.text:Interrupt_disableGlobal</name>
         <load_address>0x84cf3</load_address>
         <run_address>0x84cf3</run_address>
         <size>0xd</size>
         <input_file_ref idref="fl-19"/>
      </object_component>
      <object_component id="oc-19c">
         <name>.text:Interrupt_enableGlobal</name>
         <load_address>0x84d00</load_address>
         <run_address>0x84d00</run_address>
         <size>0xd</size>
         <input_file_ref idref="fl-19"/>
      </object_component>
      <object_component id="oc-3a7">
         <name>.text:SysCtl_isMCDClockFailureDetected</name>
         <load_address>0x84d0d</load_address>
         <run_address>0x84d0d</run_address>
         <size>0xb</size>
         <input_file_ref idref="fl-1b"/>
      </object_component>
      <object_component id="oc-57">
         <name>.text:Interrupt_illegalOperationHandler</name>
         <load_address>0x84d18</load_address>
         <run_address>0x84d18</run_address>
         <size>0xa</size>
         <input_file_ref idref="fl-19"/>
      </object_component>
      <object_component id="oc-5d">
         <name>.text:Interrupt_nmiHandler</name>
         <load_address>0x84d22</load_address>
         <run_address>0x84d22</run_address>
         <size>0xa</size>
         <input_file_ref idref="fl-19"/>
      </object_component>
      <object_component id="oc-325">
         <name>.text:myINPUTXBARINPUT2_init</name>
         <load_address>0x84d2c</load_address>
         <run_address>0x84d2c</run_address>
         <size>0x9</size>
         <input_file_ref idref="fl-4"/>
      </object_component>
      <object_component id="oc-290">
         <name>.text</name>
         <load_address>0x84d35</load_address>
         <run_address>0x84d35</run_address>
         <size>0x9</size>
         <input_file_ref idref="fl-35"/>
      </object_component>
      <object_component id="oc-1b">
         <name>.text:decompress:none</name>
         <load_address>0x84d3e</load_address>
         <run_address>0x84d3e</run_address>
         <size>0x8</size>
         <input_file_ref idref="fl-32"/>
      </object_component>
      <object_component id="oc-7a">
         <name>.text</name>
         <load_address>0x84d46</load_address>
         <run_address>0x84d46</run_address>
         <size>0x8</size>
         <input_file_ref idref="fl-7"/>
      </object_component>
      <object_component id="oc-4c4">
         <name>.text:SysCtl_resetMCD</name>
         <load_address>0x84d4e</load_address>
         <run_address>0x84d4e</run_address>
         <size>0x7</size>
         <input_file_ref idref="fl-1b"/>
      </object_component>
      <object_component id="oc-12a">
         <name>.text</name>
         <load_address>0x84d55</load_address>
         <run_address>0x84d55</run_address>
         <size>0x7</size>
         <input_file_ref idref="fl-37"/>
      </object_component>
      <object_component id="oc-74">
         <name>.text:decompress:ZI</name>
         <load_address>0x84d5c</load_address>
         <run_address>0x84d5c</run_address>
         <size>0x6</size>
         <input_file_ref idref="fl-31"/>
      </object_component>
      <object_component id="oc-319">
         <name>.text:myINPUTXBARINPUT0_init</name>
         <load_address>0x84d62</load_address>
         <run_address>0x84d62</run_address>
         <size>0x6</size>
         <input_file_ref idref="fl-4"/>
      </object_component>
      <object_component id="oc-31f">
         <name>.text:myINPUTXBARINPUT1_init</name>
         <load_address>0x84d68</load_address>
         <run_address>0x84d68</run_address>
         <size>0x6</size>
         <input_file_ref idref="fl-4"/>
      </object_component>
      <object_component id="oc-93">
         <name>.text:__error__</name>
         <load_address>0x84d6e</load_address>
         <run_address>0x84d6e</run_address>
         <size>0x3</size>
         <input_file_ref idref="fl-6"/>
      </object_component>
      <object_component id="oc-9f">
         <name>.text:error</name>
         <load_address>0x84d71</load_address>
         <run_address>0x84d71</run_address>
         <size>0x3</size>
         <input_file_ref idref="fl-3"/>
      </object_component>
      <object_component id="oc-236">
         <name>.text:main</name>
         <load_address>0x84d74</load_address>
         <run_address>0x84d74</run_address>
         <size>0x3</size>
         <input_file_ref idref="fl-3"/>
      </object_component>
      <object_component id="oc-1c5">
         <name>.text</name>
         <load_address>0x84d77</load_address>
         <run_address>0x84d77</run_address>
         <size>0x2</size>
         <input_file_ref idref="fl-2f"/>
      </object_component>
      <object_component id="oc-521">
         <name>.cinit..data.load</name>
         <load_address>0x81130</load_address>
         <run_address>0x81130</run_address>
         <size>0x3c</size>
      </object_component>
      <object_component id="oc-51e">
         <name>__TI_handler_table</name>
         <load_address>0x8116c</load_address>
         <run_address>0x8116c</run_address>
         <size>0x6</size>
      </object_component>
      <object_component id="oc-52a">
         <name>.cinit..bss.1.load</name>
         <load_address>0x81172</load_address>
         <run_address>0x81172</run_address>
         <size>0x4</size>
      </object_component>
      <object_component id="oc-52b">
         <name>.cinit..bss.2.load</name>
         <load_address>0x81176</load_address>
         <run_address>0x81176</run_address>
         <size>0x4</size>
      </object_component>
      <object_component id="oc-52c">
         <name>.cinit..bss.3.load</name>
         <load_address>0x8117a</load_address>
         <run_address>0x8117a</run_address>
         <size>0x4</size>
      </object_component>
      <object_component id="oc-52d">
         <name>.cinit..bss.4.load</name>
         <load_address>0x8117e</load_address>
         <run_address>0x8117e</run_address>
         <size>0x4</size>
      </object_component>
      <object_component id="oc-51f">
         <name>__TI_cinit_table</name>
         <load_address>0x81182</load_address>
         <run_address>0x81182</run_address>
         <size>0x14</size>
      </object_component>
      <object_component id="oc-63">
         <name>.stack</name>
         <uninitialized>true</uninitialized>
         <run_address>0x400</run_address>
         <size>0x0</size>
         <input_file_ref idref="fl-2b"/>
      </object_component>
      <object_component id="oc-522">
         <name>.stack</name>
         <uninitialized>true</uninitialized>
         <run_address>0x400</run_address>
         <size>0x0</size>
      </object_component>
      <object_component id="oc-e4">
         <name>.bss:log_curC</name>
         <uninitialized>true</uninitialized>
         <run_address>0xa962</run_address>
         <size>0x3e8</size>
         <input_file_ref idref="fl-3"/>
      </object_component>
      <object_component id="oc-106">
         <name>.bss:txBuffer</name>
         <uninitialized>true</uninitialized>
         <run_address>0xad4a</run_address>
         <size>0x80</size>
         <input_file_ref idref="fl-3"/>
      </object_component>
      <object_component id="oc-116">
         <name>.bss:rxBuffer</name>
         <uninitialized>true</uninitialized>
         <run_address>0xadca</run_address>
         <size>0x40</size>
         <input_file_ref idref="fl-3"/>
      </object_component>
      <object_component id="oc-80">
         <name>.bss</name>
         <uninitialized>true</uninitialized>
         <run_address>0xae0a</run_address>
         <size>0xa</size>
         <input_file_ref idref="fl-3"/>
      </object_component>
      <object_component id="oc-153">
         <name>.bss:MEP_SF</name>
         <uninitialized>true</uninitialized>
         <run_address>0xae14</run_address>
         <size>0x9</size>
         <input_file_ref idref="fl-12"/>
      </object_component>
      <object_component id="oc-14f">
         <name>.bss</name>
         <uninitialized>true</uninitialized>
         <run_address>0xae1d</run_address>
         <size>0x5</size>
         <input_file_ref idref="fl-12"/>
      </object_component>
      <object_component id="oc-e7">
         <name>.bss:log_curM</name>
         <uninitialized>true</uninitialized>
         <run_address>0xc000</run_address>
         <size>0x3e8</size>
         <input_file_ref idref="fl-3"/>
      </object_component>
      <object_component id="oc-ed">
         <name>.bss:log_fc</name>
         <uninitialized>true</uninitialized>
         <run_address>0xc3e8</run_address>
         <size>0x3e8</size>
         <input_file_ref idref="fl-3"/>
      </object_component>
      <object_component id="oc-f6">
         <name>.bss:log_int</name>
         <uninitialized>true</uninitialized>
         <run_address>0xc7d0</run_address>
         <size>0x3e8</size>
         <input_file_ref idref="fl-3"/>
      </object_component>
      <object_component id="oc-de">
         <name>.bss:log_posC</name>
         <uninitialized>true</uninitialized>
         <run_address>0xcbb8</run_address>
         <size>0x3e8</size>
         <input_file_ref idref="fl-3"/>
      </object_component>
      <object_component id="oc-e1">
         <name>.bss:log_posM</name>
         <uninitialized>true</uninitialized>
         <run_address>0xd000</run_address>
         <size>0x3e8</size>
         <input_file_ref idref="fl-3"/>
      </object_component>
      <object_component id="oc-f0">
         <name>.bss:log_state</name>
         <uninitialized>true</uninitialized>
         <run_address>0xd3e8</run_address>
         <size>0x3e8</size>
         <input_file_ref idref="fl-3"/>
      </object_component>
      <object_component id="oc-ea">
         <name>.bss:log_uc</name>
         <uninitialized>true</uninitialized>
         <run_address>0xd7d0</run_address>
         <size>0x3e8</size>
         <input_file_ref idref="fl-3"/>
      </object_component>
      <object_component id="oc-f9">
         <name>.bss:log_v</name>
         <uninitialized>true</uninitialized>
         <run_address>0xdbb8</run_address>
         <size>0x3e8</size>
         <input_file_ref idref="fl-3"/>
      </object_component>
      <object_component id="oc-f3">
         <name>.bss:log_xr</name>
         <uninitialized>true</uninitialized>
         <run_address>0xe000</run_address>
         <size>0x3e8</size>
         <input_file_ref idref="fl-3"/>
      </object_component>
      <object_component id="oc-169">
         <name>.data:a</name>
         <load_address>0xa958</load_address>
         <run_address>0xa958</run_address>
         <size>0x4</size>
         <input_file_ref idref="fl-2"/>
      </object_component>
      <object_component id="oc-16c">
         <name>.data:b</name>
         <load_address>0xa93c</load_address>
         <run_address>0xa93c</run_address>
         <size>0x6</size>
         <input_file_ref idref="fl-2"/>
      </object_component>
      <object_component id="oc-83">
         <name>.data</name>
         <load_address>0xa800</load_address>
         <run_address>0xa800</run_address>
         <size>0xd4</size>
         <input_file_ref idref="fl-3"/>
      </object_component>
      <object_component id="oc-ba">
         <name>.data:OUT1</name>
         <load_address>0xa948</load_address>
         <run_address>0xa948</run_address>
         <size>0x4</size>
         <input_file_ref idref="fl-3"/>
      </object_component>
      <object_component id="oc-c6">
         <name>.data:OUT2</name>
         <load_address>0xa94c</load_address>
         <run_address>0xa94c</run_address>
         <size>0x4</size>
         <input_file_ref idref="fl-3"/>
      </object_component>
      <object_component id="oc-cc">
         <name>.data:OUT3</name>
         <load_address>0xa950</load_address>
         <run_address>0xa950</run_address>
         <size>0x4</size>
         <input_file_ref idref="fl-3"/>
      </object_component>
      <object_component id="oc-d2">
         <name>.data:OUT4</name>
         <load_address>0xa954</load_address>
         <run_address>0xa954</run_address>
         <size>0x4</size>
         <input_file_ref idref="fl-3"/>
      </object_component>
      <object_component id="oc-b7">
         <name>.data:IN1</name>
         <load_address>0xa924</load_address>
         <run_address>0xa924</run_address>
         <size>0x6</size>
         <input_file_ref idref="fl-3"/>
      </object_component>
      <object_component id="oc-c3">
         <name>.data:IN2</name>
         <load_address>0xa92a</load_address>
         <run_address>0xa92a</run_address>
         <size>0x6</size>
         <input_file_ref idref="fl-3"/>
      </object_component>
      <object_component id="oc-c9">
         <name>.data:IN3</name>
         <load_address>0xa930</load_address>
         <run_address>0xa930</run_address>
         <size>0x6</size>
         <input_file_ref idref="fl-3"/>
      </object_component>
      <object_component id="oc-cf">
         <name>.data:IN4</name>
         <load_address>0xa936</load_address>
         <run_address>0xa936</run_address>
         <size>0x6</size>
         <input_file_ref idref="fl-3"/>
      </object_component>
      <object_component id="oc-db">
         <name>.data:duty_table</name>
         <load_address>0xa91c</load_address>
         <run_address>0xa91c</run_address>
         <size>0x8</size>
         <input_file_ref idref="fl-3"/>
      </object_component>
      <object_component id="oc-a5">
         <name>.data:pos1Buff</name>
         <load_address>0xa8d4</load_address>
         <run_address>0xa8d4</run_address>
         <size>0x12</size>
         <input_file_ref idref="fl-3"/>
      </object_component>
      <object_component id="oc-ae">
         <name>.data:pos2Buff</name>
         <load_address>0xa8e6</load_address>
         <run_address>0xa8e6</run_address>
         <size>0x12</size>
         <input_file_ref idref="fl-3"/>
      </object_component>
      <object_component id="oc-b1">
         <name>.data:pos3Buff</name>
         <load_address>0xa8f8</load_address>
         <run_address>0xa8f8</run_address>
         <size>0x12</size>
         <input_file_ref idref="fl-3"/>
      </object_component>
      <object_component id="oc-b4">
         <name>.data:pos4Buff</name>
         <load_address>0xa90a</load_address>
         <run_address>0xa90a</run_address>
         <size>0x12</size>
         <input_file_ref idref="fl-3"/>
      </object_component>
      <object_component id="oc-152">
         <name>.data</name>
         <load_address>0xa960</load_address>
         <run_address>0xa960</run_address>
         <size>0x1</size>
         <input_file_ref idref="fl-12"/>
      </object_component>
      <object_component id="oc-23e">
         <name>.data</name>
         <load_address>0xa942</load_address>
         <run_address>0xa942</run_address>
         <size>0x6</size>
         <input_file_ref idref="fl-34"/>
      </object_component>
      <object_component id="oc-241">
         <name>.data:_lock</name>
         <load_address>0xa95c</load_address>
         <run_address>0xa95c</run_address>
         <size>0x2</size>
         <input_file_ref idref="fl-35"/>
      </object_component>
      <object_component id="oc-2d4">
         <name>.data:_unlock</name>
         <load_address>0xa95e</load_address>
         <run_address>0xa95e</run_address>
         <size>0x2</size>
         <input_file_ref idref="fl-35"/>
      </object_component>
      <object_component id="oc-267">
         <name>.data</name>
         <load_address>0xa961</load_address>
         <run_address>0xa961</run_address>
         <size>0x1</size>
         <input_file_ref idref="fl-38"/>
      </object_component>
      <object_component id="oc-36d">
         <name>.const:.string</name>
         <load_address>0x84000</load_address>
         <run_address>0x84000</run_address>
         <size>0x9b</size>
         <input_file_ref idref="fl-17"/>
      </object_component>
      <object_component id="oc-3a6">
         <name>.const:.string</name>
         <load_address>0x8409c</load_address>
         <run_address>0x8409c</run_address>
         <size>0x9a</size>
         <input_file_ref idref="fl-1b"/>
      </object_component>
      <object_component id="oc-4a3">
         <name>.const:.string</name>
         <load_address>0x84136</load_address>
         <run_address>0x84136</run_address>
         <size>0x98</size>
         <input_file_ref idref="fl-16"/>
      </object_component>
      <object_component id="oc-3c5">
         <name>.const:.string</name>
         <load_address>0x841ce</load_address>
         <run_address>0x841ce</run_address>
         <size>0x98</size>
         <input_file_ref idref="fl-18"/>
      </object_component>
      <object_component id="oc-1ae">
         <name>.const:.string</name>
         <load_address>0x84266</load_address>
         <run_address>0x84266</run_address>
         <size>0x97</size>
         <input_file_ref idref="fl-1a"/>
      </object_component>
      <object_component id="oc-49a">
         <name>.const:.string</name>
         <load_address>0x842fe</load_address>
         <run_address>0x842fe</run_address>
         <size>0x50</size>
         <input_file_ref idref="fl-14"/>
      </object_component>
      <object_component id="oc-48b">
         <name>.const:.string</name>
         <load_address>0x8434e</load_address>
         <run_address>0x8434e</run_address>
         <size>0x4b</size>
         <input_file_ref idref="fl-13"/>
      </object_component>
      <object_component id="oc-92">
         <name>.const:.string</name>
         <load_address>0x8439a</load_address>
         <run_address>0x8439a</run_address>
         <size>0x45</size>
         <input_file_ref idref="fl-3"/>
      </object_component>
      <object_component id="oc-4a6">
         <name>.const:.string</name>
         <load_address>0x843e0</load_address>
         <run_address>0x843e0</run_address>
         <size>0x44</size>
         <input_file_ref idref="fl-4"/>
      </object_component>
      <object_component id="oc-15b">
         <name>.const:SAVITZKY</name>
         <load_address>0x84424</load_address>
         <run_address>0x84424</run_address>
         <size>0x12</size>
         <input_file_ref idref="fl-2"/>
      </object_component>
      <object_component id="oc-8f">
         <name>.const:duty_cycle_table</name>
         <load_address>0x84436</load_address>
         <run_address>0x84436</run_address>
         <size>0x8</size>
         <input_file_ref idref="fl-3"/>
      </object_component>
      <object_component id="oc-8c">
         <name>.const:ePWM</name>
         <load_address>0x8443e</load_address>
         <run_address>0x8443e</run_address>
         <size>0x8</size>
         <input_file_ref idref="fl-3"/>
      </object_component>
      <object_component id="oc-258">
         <name>.const:bp</name>
         <load_address>0x84446</load_address>
         <run_address>0x84446</run_address>
         <size>0x4</size>
         <input_file_ref idref="fl-27"/>
      </object_component>
      <object_component id="oc-25e">
         <name>.const:dp_h</name>
         <load_address>0x8444a</load_address>
         <run_address>0x8444a</run_address>
         <size>0x4</size>
         <input_file_ref idref="fl-27"/>
      </object_component>
      <object_component id="oc-25b">
         <name>.const:dp_l</name>
         <load_address>0x8444e</load_address>
         <run_address>0x8444e</run_address>
         <size>0x4</size>
         <input_file_ref idref="fl-27"/>
      </object_component>
      <object_component id="oc-2ec">
         <name>.TI.ramfunc:Flash_initModule</name>
         <load_address>0x81000</load_address>
         <run_address>0x8000</run_address>
         <size>0x49</size>
         <input_file_ref idref="fl-17"/>
      </object_component>
      <object_component id="oc-374">
         <name>.TI.ramfunc:Flash_setBankPowerMode</name>
         <load_address>0x81049</load_address>
         <run_address>0x8049</run_address>
         <size>0x2c</size>
         <input_file_ref idref="fl-17"/>
      </object_component>
      <object_component id="oc-38c">
         <name>.TI.ramfunc:Flash_setWaitstates</name>
         <load_address>0x81075</load_address>
         <run_address>0x8075</run_address>
         <size>0x24</size>
         <input_file_ref idref="fl-17"/>
      </object_component>
      <object_component id="oc-37a">
         <name>.TI.ramfunc:Flash_setPumpPowerMode</name>
         <load_address>0x81099</load_address>
         <run_address>0x8099</run_address>
         <size>0x1d</size>
         <input_file_ref idref="fl-17"/>
      </object_component>
      <object_component id="oc-380">
         <name>.TI.ramfunc:Flash_disableCache</name>
         <load_address>0x810b6</load_address>
         <run_address>0x80b6</run_address>
         <size>0x18</size>
         <input_file_ref idref="fl-17"/>
      </object_component>
      <object_component id="oc-386">
         <name>.TI.ramfunc:Flash_disablePrefetch</name>
         <load_address>0x810ce</load_address>
         <run_address>0x80ce</run_address>
         <size>0x18</size>
         <input_file_ref idref="fl-17"/>
      </object_component>
      <object_component id="oc-392">
         <name>.TI.ramfunc:Flash_enableCache</name>
         <load_address>0x810e6</load_address>
         <run_address>0x80e6</run_address>
         <size>0x17</size>
         <input_file_ref idref="fl-17"/>
      </object_component>
      <object_component id="oc-398">
         <name>.TI.ramfunc:Flash_enablePrefetch</name>
         <load_address>0x810fd</load_address>
         <run_address>0x80fd</run_address>
         <size>0x17</size>
         <input_file_ref idref="fl-17"/>
      </object_component>
      <object_component id="oc-39e">
         <name>.TI.ramfunc:Flash_enableECC</name>
         <load_address>0x81114</load_address>
         <run_address>0x8114</run_address>
         <size>0x16</size>
         <input_file_ref idref="fl-17"/>
      </object_component>
      <object_component id="oc-3ad">
         <name>.TI.ramfunc</name>
         <load_address>0x8112a</load_address>
         <run_address>0x812a</run_address>
         <size>0x4</size>
         <input_file_ref idref="fl-1b"/>
      </object_component>
      <object_component id="oc-148">
         <name>.debug_types</name>
         <load_address>0x0</load_address>
         <run_address>0x0</run_address>
         <size>0x794</size>
         <input_file_ref idref="fl-2"/>
      </object_component>
      <object_component id="oc-fd">
         <name>.debug_types</name>
         <load_address>0x794</load_address>
         <run_address>0x794</run_address>
         <size>0xf4d</size>
         <input_file_ref idref="fl-3"/>
      </object_component>
      <object_component id="oc-105">
         <name>.debug_types</name>
         <load_address>0x16e1</load_address>
         <run_address>0x16e1</run_address>
         <size>0x213a</size>
         <input_file_ref idref="fl-4"/>
      </object_component>
      <object_component id="oc-14e">
         <name>.debug_types</name>
         <load_address>0x381b</load_address>
         <run_address>0x381b</run_address>
         <size>0x49f</size>
         <input_file_ref idref="fl-6"/>
      </object_component>
      <object_component id="oc-157">
         <name>.debug_types</name>
         <load_address>0x3cba</load_address>
         <run_address>0x3cba</run_address>
         <size>0xce</size>
         <input_file_ref idref="fl-12"/>
      </object_component>
      <object_component id="oc-493">
         <name>.debug_types</name>
         <load_address>0x3d88</load_address>
         <run_address>0x3d88</run_address>
         <size>0x17c</size>
         <input_file_ref idref="fl-13"/>
      </object_component>
      <object_component id="oc-49c">
         <name>.debug_types</name>
         <load_address>0x0</load_address>
         <run_address>0x0</run_address>
         <size>0x0</size>
         <input_file_ref idref="fl-14"/>
      </object_component>
      <object_component id="oc-4a5">
         <name>.debug_types</name>
         <load_address>0x3f04</load_address>
         <run_address>0x3f04</run_address>
         <size>0x19d</size>
         <input_file_ref idref="fl-16"/>
      </object_component>
      <object_component id="oc-3a5">
         <name>.debug_types</name>
         <load_address>0x40a1</load_address>
         <run_address>0x40a1</run_address>
         <size>0x1fa</size>
         <input_file_ref idref="fl-17"/>
      </object_component>
      <object_component id="oc-3c7">
         <name>.debug_types</name>
         <load_address>0x429b</load_address>
         <run_address>0x429b</run_address>
         <size>0x5a</size>
         <input_file_ref idref="fl-18"/>
      </object_component>
      <object_component id="oc-11c">
         <name>.debug_types</name>
         <load_address>0x0</load_address>
         <run_address>0x0</run_address>
         <size>0x0</size>
         <input_file_ref idref="fl-19"/>
      </object_component>
      <object_component id="oc-1b0">
         <name>.debug_types</name>
         <load_address>0x42f5</load_address>
         <run_address>0x42f5</run_address>
         <size>0xb8</size>
         <input_file_ref idref="fl-1a"/>
      </object_component>
      <object_component id="oc-3c1">
         <name>.debug_types</name>
         <load_address>0x43ad</load_address>
         <run_address>0x43ad</run_address>
         <size>0x768</size>
         <input_file_ref idref="fl-1b"/>
      </object_component>
      <object_component id="oc-26b">
         <name>.debug_types</name>
         <load_address>0x4b15</load_address>
         <run_address>0x4b15</run_address>
         <size>0x32</size>
         <input_file_ref idref="fl-27"/>
      </object_component>
      <object_component id="oc-29f">
         <name>.debug_types</name>
         <load_address>0x0</load_address>
         <run_address>0x0</run_address>
         <size>0x0</size>
         <input_file_ref idref="fl-28"/>
      </object_component>
      <object_component id="oc-2ad">
         <name>.debug_types</name>
         <load_address>0x0</load_address>
         <run_address>0x0</run_address>
         <size>0x0</size>
         <input_file_ref idref="fl-29"/>
      </object_component>
      <object_component id="oc-2df">
         <name>.debug_types</name>
         <load_address>0x0</load_address>
         <run_address>0x0</run_address>
         <size>0x0</size>
         <input_file_ref idref="fl-2a"/>
      </object_component>
      <object_component id="oc-124">
         <name>.debug_types</name>
         <load_address>0x4b47</load_address>
         <run_address>0x4b47</run_address>
         <size>0x117</size>
         <input_file_ref idref="fl-2e"/>
      </object_component>
      <object_component id="oc-205">
         <name>.debug_types</name>
         <load_address>0x0</load_address>
         <run_address>0x0</run_address>
         <size>0x0</size>
         <input_file_ref idref="fl-2f"/>
      </object_component>
      <object_component id="oc-276">
         <name>.debug_types</name>
         <load_address>0x4c5e</load_address>
         <run_address>0x4c5e</run_address>
         <size>0x45f</size>
         <input_file_ref idref="fl-30"/>
      </object_component>
      <object_component id="oc-129">
         <name>.debug_types</name>
         <load_address>0x50bd</load_address>
         <run_address>0x50bd</run_address>
         <size>0x194</size>
         <input_file_ref idref="fl-31"/>
      </object_component>
      <object_component id="oc-6d">
         <name>.debug_types</name>
         <load_address>0x0</load_address>
         <run_address>0x0</run_address>
         <size>0x0</size>
         <input_file_ref idref="fl-32"/>
      </object_component>
      <object_component id="oc-65">
         <name>.debug_types</name>
         <load_address>0x5251</load_address>
         <run_address>0x5251</run_address>
         <size>0x191</size>
         <input_file_ref idref="fl-33"/>
      </object_component>
      <object_component id="oc-245">
         <name>.debug_types</name>
         <load_address>0x53e2</load_address>
         <run_address>0x53e2</run_address>
         <size>0x90</size>
         <input_file_ref idref="fl-34"/>
      </object_component>
      <object_component id="oc-298">
         <name>.debug_types</name>
         <load_address>0x5472</load_address>
         <run_address>0x5472</run_address>
         <size>0x2f</size>
         <input_file_ref idref="fl-35"/>
      </object_component>
      <object_component id="oc-23d">
         <name>.debug_types</name>
         <load_address>0x54a1</load_address>
         <run_address>0x54a1</run_address>
         <size>0xe1</size>
         <input_file_ref idref="fl-36"/>
      </object_component>
      <object_component id="oc-1c4">
         <name>.debug_types</name>
         <load_address>0x0</load_address>
         <run_address>0x0</run_address>
         <size>0x0</size>
         <input_file_ref idref="fl-37"/>
      </object_component>
      <object_component id="oc-2b0">
         <name>.debug_types</name>
         <load_address>0x0</load_address>
         <run_address>0x0</run_address>
         <size>0x0</size>
         <input_file_ref idref="fl-38"/>
      </object_component>
      <object_component id="oc-2b5">
         <name>.debug_types</name>
         <load_address>0x0</load_address>
         <run_address>0x0</run_address>
         <size>0x0</size>
         <input_file_ref idref="fl-3a"/>
      </object_component>
      <object_component id="oc-16a">
         <name>.debug_info</name>
         <load_address>0x0</load_address>
         <run_address>0x0</run_address>
         <size>0x107</size>
         <input_file_ref idref="fl-2"/>
      </object_component>
      <object_component id="oc-16d">
         <name>.debug_info</name>
         <load_address>0x107</load_address>
         <run_address>0x107</run_address>
         <size>0x107</size>
         <input_file_ref idref="fl-2"/>
      </object_component>
      <object_component id="oc-15c">
         <name>.debug_info</name>
         <load_address>0x20e</load_address>
         <run_address>0x20e</run_address>
         <size>0x115</size>
         <input_file_ref idref="fl-2"/>
      </object_component>
      <object_component id="oc-a9">
         <name>.debug_info</name>
         <load_address>0x323</load_address>
         <run_address>0x323</run_address>
         <size>0x181</size>
         <input_file_ref idref="fl-2"/>
      </object_component>
      <object_component id="oc-247">
         <name>.debug_info</name>
         <load_address>0x4a4</load_address>
         <run_address>0x4a4</run_address>
         <size>0x19d</size>
         <input_file_ref idref="fl-2"/>
      </object_component>
      <object_component id="oc-1da">
         <name>.debug_info</name>
         <load_address>0x641</load_address>
         <run_address>0x641</run_address>
         <size>0x1bb</size>
         <input_file_ref idref="fl-2"/>
      </object_component>
      <object_component id="oc-13c">
         <name>.debug_info</name>
         <load_address>0x7fc</load_address>
         <run_address>0x7fc</run_address>
         <size>0x1f2</size>
         <input_file_ref idref="fl-2"/>
      </object_component>
      <object_component id="oc-87">
         <name>.debug_info</name>
         <load_address>0x9ee</load_address>
         <run_address>0x9ee</run_address>
         <size>0x2c4</size>
         <input_file_ref idref="fl-2"/>
      </object_component>
      <object_component id="oc-d6">
         <name>.debug_info</name>
         <load_address>0xcb2</load_address>
         <run_address>0xcb2</run_address>
         <size>0x20c</size>
         <input_file_ref idref="fl-2"/>
      </object_component>
      <object_component id="oc-bf">
         <name>.debug_info</name>
         <load_address>0xebe</load_address>
         <run_address>0xebe</run_address>
         <size>0x1b2</size>
         <input_file_ref idref="fl-2"/>
      </object_component>
      <object_component id="oc-84">
         <name>.debug_info</name>
         <load_address>0x1070</load_address>
         <run_address>0x1070</run_address>
         <size>0x108e</size>
         <input_file_ref idref="fl-3"/>
      </object_component>
      <object_component id="oc-81">
         <name>.debug_info</name>
         <load_address>0x20fe</load_address>
         <run_address>0x20fe</run_address>
         <size>0x276</size>
         <input_file_ref idref="fl-3"/>
      </object_component>
      <object_component id="oc-bb">
         <name>.debug_info</name>
         <load_address>0x2374</load_address>
         <run_address>0x2374</run_address>
         <size>0x110</size>
         <input_file_ref idref="fl-3"/>
      </object_component>
      <object_component id="oc-c7">
         <name>.debug_info</name>
         <load_address>0x2484</load_address>
         <run_address>0x2484</run_address>
         <size>0x110</size>
         <input_file_ref idref="fl-3"/>
      </object_component>
      <object_component id="oc-cd">
         <name>.debug_info</name>
         <load_address>0x2594</load_address>
         <run_address>0x2594</run_address>
         <size>0x110</size>
         <input_file_ref idref="fl-3"/>
      </object_component>
      <object_component id="oc-d3">
         <name>.debug_info</name>
         <load_address>0x26a4</load_address>
         <run_address>0x26a4</run_address>
         <size>0x110</size>
         <input_file_ref idref="fl-3"/>
      </object_component>
      <object_component id="oc-b8">
         <name>.debug_info</name>
         <load_address>0x27b4</load_address>
         <run_address>0x27b4</run_address>
         <size>0x10e</size>
         <input_file_ref idref="fl-3"/>
      </object_component>
      <object_component id="oc-c4">
         <name>.debug_info</name>
         <load_address>0x28c2</load_address>
         <run_address>0x28c2</run_address>
         <size>0x10e</size>
         <input_file_ref idref="fl-3"/>
      </object_component>
      <object_component id="oc-ca">
         <name>.debug_info</name>
         <load_address>0x29d0</load_address>
         <run_address>0x29d0</run_address>
         <size>0x10e</size>
         <input_file_ref idref="fl-3"/>
      </object_component>
      <object_component id="oc-d0">
         <name>.debug_info</name>
         <load_address>0x2ade</load_address>
         <run_address>0x2ade</run_address>
         <size>0x10e</size>
         <input_file_ref idref="fl-3"/>
      </object_component>
      <object_component id="oc-dc">
         <name>.debug_info</name>
         <load_address>0x2bec</load_address>
         <run_address>0x2bec</run_address>
         <size>0x11c</size>
         <input_file_ref idref="fl-3"/>
      </object_component>
      <object_component id="oc-90">
         <name>.debug_info</name>
         <load_address>0x2d08</load_address>
         <run_address>0x2d08</run_address>
         <size>0x128</size>
         <input_file_ref idref="fl-3"/>
      </object_component>
      <object_component id="oc-8d">
         <name>.debug_info</name>
         <load_address>0x2e30</load_address>
         <run_address>0x2e30</run_address>
         <size>0x110</size>
         <input_file_ref idref="fl-3"/>
      </object_component>
      <object_component id="oc-a6">
         <name>.debug_info</name>
         <load_address>0x2f40</load_address>
         <run_address>0x2f40</run_address>
         <size>0x118</size>
         <input_file_ref idref="fl-3"/>
      </object_component>
      <object_component id="oc-af">
         <name>.debug_info</name>
         <load_address>0x3058</load_address>
         <run_address>0x3058</run_address>
         <size>0x118</size>
         <input_file_ref idref="fl-3"/>
      </object_component>
      <object_component id="oc-b2">
         <name>.debug_info</name>
         <load_address>0x3170</load_address>
         <run_address>0x3170</run_address>
         <size>0x118</size>
         <input_file_ref idref="fl-3"/>
      </object_component>
      <object_component id="oc-b5">
         <name>.debug_info</name>
         <load_address>0x3288</load_address>
         <run_address>0x3288</run_address>
         <size>0x118</size>
         <input_file_ref idref="fl-3"/>
      </object_component>
      <object_component id="oc-117">
         <name>.debug_info</name>
         <load_address>0x33a0</load_address>
         <run_address>0x33a0</run_address>
         <size>0x118</size>
         <input_file_ref idref="fl-3"/>
      </object_component>
      <object_component id="oc-107">
         <name>.debug_info</name>
         <load_address>0x34b8</load_address>
         <run_address>0x34b8</run_address>
         <size>0x118</size>
         <input_file_ref idref="fl-3"/>
      </object_component>
      <object_component id="oc-df">
         <name>.debug_info</name>
         <load_address>0x35d0</load_address>
         <run_address>0x35d0</run_address>
         <size>0x118</size>
         <input_file_ref idref="fl-3"/>
      </object_component>
      <object_component id="oc-e2">
         <name>.debug_info</name>
         <load_address>0x36e8</load_address>
         <run_address>0x36e8</run_address>
         <size>0x118</size>
         <input_file_ref idref="fl-3"/>
      </object_component>
      <object_component id="oc-e5">
         <name>.debug_info</name>
         <load_address>0x3800</load_address>
         <run_address>0x3800</run_address>
         <size>0x118</size>
         <input_file_ref idref="fl-3"/>
      </object_component>
      <object_component id="oc-e8">
         <name>.debug_info</name>
         <load_address>0x3918</load_address>
         <run_address>0x3918</run_address>
         <size>0x118</size>
         <input_file_ref idref="fl-3"/>
      </object_component>
      <object_component id="oc-ee">
         <name>.debug_info</name>
         <load_address>0x3a30</load_address>
         <run_address>0x3a30</run_address>
         <size>0x114</size>
         <input_file_ref idref="fl-3"/>
      </object_component>
      <object_component id="oc-f4">
         <name>.debug_info</name>
         <load_address>0x3b44</load_address>
         <run_address>0x3b44</run_address>
         <size>0x114</size>
         <input_file_ref idref="fl-3"/>
      </object_component>
      <object_component id="oc-eb">
         <name>.debug_info</name>
         <load_address>0x3c58</load_address>
         <run_address>0x3c58</run_address>
         <size>0x114</size>
         <input_file_ref idref="fl-3"/>
      </object_component>
      <object_component id="oc-f7">
         <name>.debug_info</name>
         <load_address>0x3d6c</load_address>
         <run_address>0x3d6c</run_address>
         <size>0x116</size>
         <input_file_ref idref="fl-3"/>
      </object_component>
      <object_component id="oc-f1">
         <name>.debug_info</name>
         <load_address>0x3e82</load_address>
         <run_address>0x3e82</run_address>
         <size>0x11a</size>
         <input_file_ref idref="fl-3"/>
      </object_component>
      <object_component id="oc-fa">
         <name>.debug_info</name>
         <load_address>0x3f9c</load_address>
         <run_address>0x3f9c</run_address>
         <size>0x112</size>
         <input_file_ref idref="fl-3"/>
      </object_component>
      <object_component id="oc-a0">
         <name>.debug_info</name>
         <load_address>0x40ae</load_address>
         <run_address>0x40ae</run_address>
         <size>0x13b</size>
         <input_file_ref idref="fl-3"/>
      </object_component>
      <object_component id="oc-285">
         <name>.debug_info</name>
         <load_address>0x41e9</load_address>
         <run_address>0x41e9</run_address>
         <size>0x25a</size>
         <input_file_ref idref="fl-3"/>
      </object_component>
      <object_component id="oc-237">
         <name>.debug_info</name>
         <load_address>0x4443</load_address>
         <run_address>0x4443</run_address>
         <size>0x13c</size>
         <input_file_ref idref="fl-3"/>
      </object_component>
      <object_component id="oc-2e">
         <name>.debug_info</name>
         <load_address>0x457f</load_address>
         <run_address>0x457f</run_address>
         <size>0x35c</size>
         <input_file_ref idref="fl-3"/>
      </object_component>
      <object_component id="oc-3a">
         <name>.debug_info</name>
         <load_address>0x48db</load_address>
         <run_address>0x48db</run_address>
         <size>0x19b</size>
         <input_file_ref idref="fl-3"/>
      </object_component>
      <object_component id="oc-40">
         <name>.debug_info</name>
         <load_address>0x4a76</load_address>
         <run_address>0x4a76</run_address>
         <size>0x18b</size>
         <input_file_ref idref="fl-3"/>
      </object_component>
      <object_component id="oc-46">
         <name>.debug_info</name>
         <load_address>0x4c01</load_address>
         <run_address>0x4c01</run_address>
         <size>0x16d</size>
         <input_file_ref idref="fl-3"/>
      </object_component>
      <object_component id="oc-357">
         <name>.debug_info</name>
         <load_address>0x4d6e</load_address>
         <run_address>0x4d6e</run_address>
         <size>0x166</size>
         <input_file_ref idref="fl-4"/>
      </object_component>
      <object_component id="oc-327">
         <name>.debug_info</name>
         <load_address>0x4ed4</load_address>
         <run_address>0x4ed4</run_address>
         <size>0x14b</size>
         <input_file_ref idref="fl-4"/>
      </object_component>
      <object_component id="oc-320">
         <name>.debug_info</name>
         <load_address>0x501f</load_address>
         <run_address>0x501f</run_address>
         <size>0x14b</size>
         <input_file_ref idref="fl-4"/>
      </object_component>
      <object_component id="oc-31c">
         <name>.debug_info</name>
         <load_address>0x516a</load_address>
         <run_address>0x516a</run_address>
         <size>0x14b</size>
         <input_file_ref idref="fl-4"/>
      </object_component>
      <object_component id="oc-345">
         <name>.debug_info</name>
         <load_address>0x52b5</load_address>
         <run_address>0x52b5</run_address>
         <size>0x1ae</size>
         <input_file_ref idref="fl-4"/>
      </object_component>
      <object_component id="oc-33e">
         <name>.debug_info</name>
         <load_address>0x5463</load_address>
         <run_address>0x5463</run_address>
         <size>0x158</size>
         <input_file_ref idref="fl-4"/>
      </object_component>
      <object_component id="oc-338">
         <name>.debug_info</name>
         <load_address>0x55bb</load_address>
         <run_address>0x55bb</run_address>
         <size>0x158</size>
         <input_file_ref idref="fl-4"/>
      </object_component>
      <object_component id="oc-35c">
         <name>.debug_info</name>
         <load_address>0x5713</load_address>
         <run_address>0x5713</run_address>
         <size>0x16f</size>
         <input_file_ref idref="fl-4"/>
      </object_component>
      <object_component id="oc-32c">
         <name>.debug_info</name>
         <load_address>0x5882</load_address>
         <run_address>0x5882</run_address>
         <size>0x131</size>
         <input_file_ref idref="fl-4"/>
      </object_component>
      <object_component id="oc-314">
         <name>.debug_info</name>
         <load_address>0x59b3</load_address>
         <run_address>0x59b3</run_address>
         <size>0x93f</size>
         <input_file_ref idref="fl-4"/>
      </object_component>
      <object_component id="oc-35">
         <name>.debug_info</name>
         <load_address>0x62f2</load_address>
         <run_address>0x62f2</run_address>
         <size>0x193</size>
         <input_file_ref idref="fl-4"/>
      </object_component>
      <object_component id="oc-351">
         <name>.debug_info</name>
         <load_address>0x6485</load_address>
         <run_address>0x6485</run_address>
         <size>0x352</size>
         <input_file_ref idref="fl-4"/>
      </object_component>
      <object_component id="oc-3f6">
         <name>.debug_info</name>
         <load_address>0x67d7</load_address>
         <run_address>0x67d7</run_address>
         <size>0x231</size>
         <input_file_ref idref="fl-4"/>
      </object_component>
      <object_component id="oc-34a">
         <name>.debug_info</name>
         <load_address>0x6a08</load_address>
         <run_address>0x6a08</run_address>
         <size>0x82d</size>
         <input_file_ref idref="fl-4"/>
      </object_component>
      <object_component id="oc-332">
         <name>.debug_info</name>
         <load_address>0x7235</load_address>
         <run_address>0x7235</run_address>
         <size>0x137</size>
         <input_file_ref idref="fl-4"/>
      </object_component>
      <object_component id="oc-2cf">
         <name>.debug_info</name>
         <load_address>0x736c</load_address>
         <run_address>0x736c</run_address>
         <size>0x253</size>
         <input_file_ref idref="fl-4"/>
      </object_component>
      <object_component id="oc-97">
         <name>.debug_info</name>
         <load_address>0x75bf</load_address>
         <run_address>0x75bf</run_address>
         <size>0x15d</size>
         <input_file_ref idref="fl-6"/>
      </object_component>
      <object_component id="oc-2c2">
         <name>.debug_info</name>
         <load_address>0x771c</load_address>
         <run_address>0x771c</run_address>
         <size>0x143</size>
         <input_file_ref idref="fl-6"/>
      </object_component>
      <object_component id="oc-308">
         <name>.debug_info</name>
         <load_address>0x785f</load_address>
[...]
      <symbol id="sm-235">
         <name>OUT3</name>
         <value>0xa950</value>
         <object_component_ref idref="oc-cc"/>
      </symbol>
      <symbol id="sm-236">
         <name>OUT2</name>
         <value>0xa94c</value>
         <object_component_ref idref="oc-c6"/>
      </symbol>
      <symbol id="sm-237">
         <name>OUT1</name>
         <value>0xa948</value>
         <object_component_ref idref="oc-ba"/>
      </symbol>
      <symbol id="sm-238">
         <name>dutyFine</name>
         <value>0xa8be</value>
         <object_component_ref idref="oc-83"/>
      </symbol>
      <symbol id="sm-239">
         <name>takeOff2</name>
         <value>0xa807</value>
         <object_component_ref idref="oc-83"/>
      </symbol>
      <symbol id="sm-23a">
         <name>ep4</name>
         <value>0xa8a8</value>
         <object_component_ref idref="oc-83"/>
      </symbol>
      <symbol id="sm-23b">
         <name>ep3</name>
         <value>0xa890</value>
         <object_component_ref idref="oc-83"/>
      </symbol>
      <symbol id="sm-23c">
         <name>ep2</name>
         <value>0xa878</value>
         <object_component_ref idref="oc-83"/>
      </symbol>
      <symbol id="sm-23d">
         <name>ep1</name>
         <value>0xa860</value>
         <object_component_ref idref="oc-83"/>
      </symbol>
      <symbol id="sm-23e">
         <name>Kr_sans_int</name>
         <value>0xa852</value>
         <object_component_ref idref="oc-83"/>
      </symbol>
      <symbol id="sm-23f">
         <name>Offset_count</name>
         <value>0xa816</value>
         <object_component_ref idref="oc-83"/>
      </symbol>
      <symbol id="sm-240">
         <name>fc4</name>
         <value>0xa8a4</value>
         <object_component_ref idref="oc-83"/>
      </symbol>
      <symbol id="sm-241">
         <name>fc3</name>
         <value>0xa88c</value>
         <object_component_ref idref="oc-83"/>
      </symbol>
      <symbol id="sm-242">
         <name>fc2</name>
         <value>0xa874</value>
         <object_component_ref idref="oc-83"/>
      </symbol>
      <symbol id="sm-243">
         <name>fc1</name>
         <value>0xa85c</value>
         <object_component_ref idref="oc-83"/>
      </symbol>
      <symbol id="sm-244">
         <name>sum_vp1</name>
         <value>0xa866</value>
         <object_component_ref idref="oc-83"/>
      </symbol>
      <symbol id="sm-245">
         <name>sum_vp3</name>
         <value>0xa896</value>
         <object_component_ref idref="oc-83"/>
      </symbol>
      <symbol id="sm-246">
         <name>sum_vp2</name>
         <value>0xa87e</value>
         <object_component_ref idref="oc-83"/>
      </symbol>
      <symbol id="sm-247">
         <name>sum_vp4</name>
         <value>0xa8ae</value>
         <object_component_ref idref="oc-83"/>
      </symbol>
      <symbol id="sm-248">
         <name>txBuffer</name>
         <value>0xad4a</value>
         <object_component_ref idref="oc-106"/>
      </symbol>
      <symbol id="sm-249">
         <name>count</name>
         <value>0xa8c0</value>
         <object_component_ref idref="oc-83"/>
      </symbol>
      <symbol id="sm-24a">
         <name>Current1</name>
         <value>0xa828</value>
         <object_component_ref idref="oc-83"/>
      </symbol>
      <symbol id="sm-24b">
         <name>Current2</name>
         <value>0xa82a</value>
         <object_component_ref idref="oc-83"/>
      </symbol>
      <symbol id="sm-24c">
         <name>Current3</name>
         <value>0xa82c</value>
         <object_component_ref idref="oc-83"/>
      </symbol>
      <symbol id="sm-24d">
         <name>Current4</name>
         <value>0xa82e</value>
         <object_component_ref idref="oc-83"/>
      </symbol>
      <symbol id="sm-24e">
         <name>pos1Buff</name>
         <value>0xa8d4</value>
         <object_component_ref idref="oc-a5"/>
      </symbol>
      <symbol id="sm-24f">
         <name>PosRegFlag1</name>
         <value>0xa814</value>
         <object_component_ref idref="oc-83"/>
      </symbol>
      <symbol id="sm-250">
         <name>PosRegFlag3</name>
         <value>0xa815</value>
         <object_component_ref idref="oc-83"/>
      </symbol>
      <symbol id="sm-251">
         <name>state_PIN</name>
         <value>0xa80c</value>
         <object_component_ref idref="oc-83"/>
      </symbol>
      <symbol id="sm-252">
         <name>duty_cycle_table</name>
         <value>0x84436</value>
         <object_component_ref idref="oc-8f"/>
      </symbol>
      <symbol id="sm-253">
         <name>log_fc</name>
         <value>0xc3e8</value>
         <object_component_ref idref="oc-ed"/>
      </symbol>
      <symbol id="sm-254">
         <name>duty_table</name>
         <value>0xa91c</value>
         <object_component_ref idref="oc-db"/>
      </symbol>
      <symbol id="sm-255">
         <name>log_posC</name>
         <value>0xcbb8</value>
         <object_component_ref idref="oc-de"/>
      </symbol>
      <symbol id="sm-256">
         <name>log_posM</name>
         <value>0xd000</value>
         <object_component_ref idref="oc-e1"/>
      </symbol>
      <symbol id="sm-257">
         <name>pos2Buff</name>
         <value>0xa8e6</value>
         <object_component_ref idref="oc-ae"/>
      </symbol>
      <symbol id="sm-258">
         <name>ic4</name>
         <value>0xa89e</value>
         <object_component_ref idref="oc-83"/>
      </symbol>
      <symbol id="sm-259">
         <name>ic3</name>
         <value>0xa886</value>
         <object_component_ref idref="oc-83"/>
      </symbol>
      <symbol id="sm-25a">
         <name>ic2</name>
         <value>0xa86e</value>
         <object_component_ref idref="oc-83"/>
      </symbol>
      <symbol id="sm-25b">
         <name>ic1</name>
         <value>0xa856</value>
         <object_component_ref idref="oc-83"/>
      </symbol>
      <symbol id="sm-25c">
         <name>log_v</name>
         <value>0xdbb8</value>
         <object_component_ref idref="oc-f9"/>
      </symbol>
      <symbol id="sm-25d">
         <name>takeOff</name>
         <value>0xa806</value>
         <object_component_ref idref="oc-83"/>
      </symbol>
      <symbol id="sm-2d9">
         <name>INTERRUPT_init</name>
         <value>0x84828</value>
         <object_component_ref idref="oc-33"/>
      </symbol>
      <symbol id="sm-2da">
         <name>Push_Button_Start_XINT_init</name>
         <value>0x84cd6</value>
         <object_component_ref idref="oc-35b"/>
      </symbol>
      <symbol id="sm-2db">
         <name>PinMux_init</name>
         <value>0x83337</value>
         <object_component_ref idref="oc-313"/>
      </symbol>
      <symbol id="sm-2dc">
         <name>myINPUTXBARINPUT2_init</name>
         <value>0x84d2c</value>
         <object_component_ref idref="oc-325"/>
      </symbol>
      <symbol id="sm-2dd">
         <name>myINPUTXBARINPUT1_init</name>
         <value>0x84d68</value>
         <object_component_ref idref="oc-31f"/>
      </symbol>
      <symbol id="sm-2de">
         <name>myINPUTXBARINPUT0_init</name>
         <value>0x84d62</value>
         <object_component_ref idref="oc-319"/>
      </symbol>
      <symbol id="sm-2df">
         <name>SCI_init</name>
         <value>0x83bac</value>
         <object_component_ref idref="oc-355"/>
      </symbol>
      <symbol id="sm-2e0">
         <name>Board_init</name>
         <value>0x849e0</value>
         <object_component_ref idref="oc-2cd"/>
      </symbol>
      <symbol id="sm-2e1">
         <name>XINT_init</name>
         <value>0x84cd6</value>
         <object_component_ref idref="oc-35b"/>
      </symbol>
      <symbol id="sm-2e2">
         <name>GPIO_init</name>
         <value>0x83e1e</value>
         <object_component_ref idref="oc-34f"/>
      </symbol>
      <symbol id="sm-2e3">
         <name>myADC0_init</name>
         <value>0x83a28</value>
         <object_component_ref idref="oc-337"/>
      </symbol>
      <symbol id="sm-2e4">
         <name>SYNC_init</name>
         <value>0x84c84</value>
         <object_component_ref idref="oc-32b"/>
      </symbol>
      <symbol id="sm-2e5">
         <name>myADC1_init</name>
         <value>0x83aad</value>
         <object_component_ref idref="oc-33d"/>
      </symbol>
      <symbol id="sm-2e6">
         <name>EPWM_init</name>
         <value>0x83000</value>
         <object_component_ref idref="oc-349"/>
      </symbol>
      <symbol id="sm-2e7">
         <name>mySCI0_init</name>
         <value>0x83bac</value>
         <object_component_ref idref="oc-355"/>
      </symbol>
      <symbol id="sm-2e8">
         <name>CPUTIMER_init</name>
         <value>0x84760</value>
         <object_component_ref idref="oc-343"/>
      </symbol>
      <symbol id="sm-2e9">
         <name>ASYSCTL_init</name>
         <value>0x84ce6</value>
         <object_component_ref idref="oc-331"/>
      </symbol>
      <symbol id="sm-2ea">
         <name>myCPUTIMER0_init</name>
         <value>0x84760</value>
         <object_component_ref idref="oc-343"/>
      </symbol>
      <symbol id="sm-30f">
         <name>Device_enableAllPeripherals</name>
         <value>0x838cd</value>
         <object_component_ref idref="oc-304"/>
      </symbol>
      <symbol id="sm-310">
         <name>Device_initGPIO</name>
         <value>0x84ca6</value>
         <object_component_ref idref="oc-2c1"/>
      </symbol>
      <symbol id="sm-311">
         <name>Device_init</name>
         <value>0x83d64</value>
         <object_component_ref idref="oc-2bb"/>
      </symbol>
      <symbol id="sm-312">
         <name>__error__</name>
         <value>0x84d6e</value>
         <object_component_ref idref="oc-93"/>
      </symbol>
      <symbol id="sm-321">
         <name>code_start</name>
         <value>0x80000</value>
         <object_component_ref idref="oc-22"/>
      </symbol>
      <symbol id="sm-34e">
         <name>MEP_SF</name>
         <value>0xae14</value>
         <object_component_ref idref="oc-153"/>
      </symbol>
      <symbol id="sm-34f">
         <name>SFO_CAL</name>
         <value>0xae1d</value>
         <object_component_ref idref="oc-14f"/>
      </symbol>
      <symbol id="sm-350">
         <name>SFO</name>
         <value>0x82da7</value>
         <object_component_ref idref="oc-99"/>
      </symbol>
      <symbol id="sm-377">
         <name>ADC_setOffsetTrimAll</name>
         <value>0x848fe</value>
         <object_component_ref idref="oc-48c"/>
      </symbol>
      <symbol id="sm-378">
         <name>ADC_setVREF</name>
         <value>0x84926</value>
         <object_component_ref idref="oc-3e0"/>
      </symbol>
      <symbol id="sm-392">
         <name>CPUTimer_setEmulationMode</name>
         <value>0x84c4b</value>
         <object_component_ref idref="oc-3e8"/>
      </symbol>
      <symbol id="sm-3ae">
         <name>EPWM_setEmulationMode</name>
         <value>0x84b66</value>
         <object_component_ref idref="oc-3ef"/>
      </symbol>
      <symbol id="sm-41e">
         <name>Flash_initModule</name>
         <value>0x8000</value>
         <object_component_ref idref="oc-2ec"/>
      </symbol>
      <symbol id="sm-495">
         <name>GPIO_setQualificationMode</name>
         <value>0x846f2</value>
         <object_component_ref idref="oc-3d4"/>
      </symbol>
      <symbol id="sm-496">
         <name>GPIO_setPadConfig</name>
         <value>0x83ece</value>
         <object_component_ref idref="oc-3ce"/>
      </symbol>
      <symbol id="sm-497">
         <name>GPIO_setInterruptPin</name>
         <value>0x84684</value>
         <object_component_ref idref="oc-410"/>
      </symbol>
      <symbol id="sm-498">
         <name>GPIO_setAnalogMode</name>
         <value>0x83c95</value>
         <object_component_ref idref="oc-30a"/>
      </symbol>
      <symbol id="sm-499">
         <name>GPIO_setDirectionMode</name>
         <value>0x847c7</value>
         <object_component_ref idref="oc-3fc"/>
      </symbol>
      <symbol id="sm-49a">
         <name>GPIO_setPinConfig</name>
         <value>0x846bb</value>
         <object_component_ref idref="oc-3c8"/>
      </symbol>
      <symbol id="sm-49b">
         <name>GPIO_setControllerCore</name>
         <value>0x8464d</value>
         <object_component_ref idref="oc-402"/>
      </symbol>
      <symbol id="sm-4ea">
         <name>Interrupt_defaultHandler</name>
         <value>0x84b7c</value>
         <object_component_ref idref="oc-4b"/>
      </symbol>
      <symbol id="sm-4eb">
         <name>Interrupt_initModule</name>
         <value>0x84564</value>
         <object_component_ref idref="oc-2c7"/>
      </symbol>
      <symbol id="sm-4ec">
         <name>Interrupt_nmiHandler</name>
         <value>0x84d22</value>
         <object_component_ref idref="oc-5d"/>
      </symbol>
      <symbol id="sm-4ed">
         <name>Interrupt_enable</name>
         <value>0x84729</value>
         <object_component_ref idref="oc-fe"/>
      </symbol>
      <symbol id="sm-4ee">
         <name>Interrupt_initVectorTable</name>
         <value>0x84a3b</value>
         <object_component_ref idref="oc-4d"/>
      </symbol>
      <symbol id="sm-4ef">
         <name>Interrupt_illegalOperationHandler</name>
         <value>0x84d18</value>
         <object_component_ref idref="oc-57"/>
      </symbol>
      <symbol id="sm-54d">
         <name>SCI_clearInterruptStatus</name>
         <value>0x83faf</value>
         <object_component_ref idref="oc-10f"/>
      </symbol>
      <symbol id="sm-54e">
         <name>SCI_disableInterrupt</name>
         <value>0x84458</value>
         <object_component_ref idref="oc-109"/>
      </symbol>
      <symbol id="sm-54f">
         <name>SCI_setConfig</name>
         <value>0x84526</value>
         <object_component_ref idref="oc-409"/>
      </symbol>
      <symbol id="sm-550">
         <name>SCI_enableInterrupt</name>
         <value>0x844e2</value>
         <object_component_ref idref="oc-141"/>
      </symbol>
      <symbol id="sm-662">
         <name>SysCtl_isPLLValid</name>
         <value>0x836ec</value>
         <object_component_ref idref="oc-3ba"/>
      </symbol>
      <symbol id="sm-663">
         <name>SysCtl_delay</name>
         <value>0x812a</value>
         <object_component_ref idref="oc-3ad"/>
      </symbol>
      <symbol id="sm-664">
         <name>SysCtl_selectXTALSingleEnded</name>
         <value>0x84975</value>
         <object_component_ref idref="oc-42b"/>
      </symbol>
      <symbol id="sm-665">
         <name>SysCtl_selectXTAL</name>
         <value>0x83f69</value>
         <object_component_ref idref="oc-425"/>
      </symbol>
      <symbol id="sm-666">
         <name>SysCtl_selectOscSource</name>
         <value>0x83f20</value>
         <object_component_ref idref="oc-3ae"/>
      </symbol>
      <symbol id="sm-667">
         <name>SysCtl_getLowSpeedClock</name>
         <value>0x84a91</value>
         <object_component_ref idref="oc-2fe"/>
      </symbol>
      <symbol id="sm-668">
         <name>SysCtl_setClock</name>
         <value>0x834ba</value>
         <object_component_ref idref="oc-2f2"/>
      </symbol>
      <symbol id="sm-669">
         <name>SysCtl_getClock</name>
         <value>0x83cff</value>
         <object_component_ref idref="oc-2f8"/>
      </symbol>
      <symbol id="sm-6b0">
         <name>powf</name>
         <value>0x82a1b</value>
         <object_component_ref idref="oc-1df"/>
      </symbol>
      <symbol id="sm-6c1">
         <name>sqrtf</name>
         <value>0x8494e</value>
         <object_component_ref idref="oc-252"/>
      </symbol>
      <symbol id="sm-6d5">
         <name>scalbnf</name>
         <value>0x83e76</value>
         <object_component_ref idref="oc-261"/>
      </symbol>
      <symbol id="sm-6d6">
         <name>ldexpf</name>
         <value>0x83e76</value>
         <object_component_ref idref="oc-261"/>
      </symbol>
      <symbol id="sm-6e3">
         <name>copysignf</name>
         <value>0x84c95</value>
         <object_component_ref idref="oc-2a6"/>
      </symbol>
      <symbol id="sm-6ed">
         <name>_c_int00</name>
         <value>0x84b39</value>
         <object_component_ref idref="oc-131"/>
      </symbol>
      <symbol id="sm-6ee">
         <name>__stack</name>
         <value>0x400</value>
         <object_component_ref idref="oc-63"/>
      </symbol>
      <symbol id="sm-6fb">
         <name>__c28xabi_divf</name>
         <value>0x839a0</value>
         <object_component_ref idref="oc-24d"/>
      </symbol>
      <symbol id="sm-70e">
         <name>memcpy</name>
         <value>0x84a59</value>
         <object_component_ref idref="oc-66"/>
      </symbol>
      <symbol id="sm-71b">
         <name>_system_pre_init</name>
         <value>0x84d77</value>
         <object_component_ref idref="oc-1c5"/>
      </symbol>
      <symbol id="sm-72a">
         <name>__TI_auto_init_nobinit_nopinit</name>
         <value>0x84880</value>
         <object_component_ref idref="oc-206"/>
      </symbol>
      <symbol id="sm-737">
         <name>__TI_zero_init</name>
         <value>0x84d5c</value>
         <object_component_ref idref="oc-74"/>
      </symbol>
      <symbol id="sm-744">
         <name>__TI_decompress_none</name>
         <value>0x84d3e</value>
         <object_component_ref idref="oc-1b"/>
      </symbol>
      <symbol id="sm-758">
         <name>__TI_decompress_lzss</name>
         <value>0x847f8</value>
         <object_component_ref idref="oc-15"/>
      </symbol>
      <symbol id="sm-76e">
         <name>C$$EXIT</name>
         <value>0x848d5</value>
         <object_component_ref idref="oc-1d2"/>
      </symbol>
      <symbol id="sm-76f">
         <name>abort</name>
         <value>0x848d5</value>
         <object_component_ref idref="oc-1d2"/>
      </symbol>
      <symbol id="sm-770">
         <name>exit</name>
         <value>0x848d7</value>
         <object_component_ref idref="oc-1d2"/>
      </symbol>
      <symbol id="sm-771">
         <name>__TI_dtors_ptr</name>
         <value>0xa946</value>
         <object_component_ref idref="oc-23e"/>
      </symbol>
      <symbol id="sm-772">
         <name>__TI_cleanup_ptr</name>
         <value>0xa944</value>
         <object_component_ref idref="oc-23e"/>
      </symbol>
      <symbol id="sm-773">
         <name>__TI_enable_exit_profile_output</name>
         <value>0xa942</value>
         <object_component_ref idref="oc-23e"/>
      </symbol>
      <symbol id="sm-78a">
         <name>_nop</name>
         <value>0x84d3d</value>
         <object_component_ref idref="oc-290"/>
      </symbol>
      <symbol id="sm-78b">
         <name>_lock</name>
         <value>0xa95c</value>
         <object_component_ref idref="oc-241"/>
      </symbol>
      <symbol id="sm-78c">
         <name>_unlock</name>
         <value>0xa95e</value>
         <object_component_ref idref="oc-2d4"/>
      </symbol>
      <symbol id="sm-78d">
         <name>_register_lock</name>
         <value>0x84d39</value>
         <object_component_ref idref="oc-290"/>
      </symbol>
      <symbol id="sm-78e">
         <name>_register_unlock</name>
         <value>0x84d35</value>
         <object_component_ref idref="oc-290"/>
      </symbol>
      <symbol id="sm-79d">
         <name>_args_main</name>
         <value>0x83ff4</value>
         <object_component_ref idref="oc-1cc"/>
      </symbol>
      <symbol id="sm-7ac">
         <name>memset</name>
         <value>0x84d55</value>
         <object_component_ref idref="oc-12a"/>
      </symbol>
      <symbol id="sm-7b7">
         <name>errno</name>
         <value>0xa961</value>
         <object_component_ref idref="oc-267"/>
      </symbol>
      <symbol id="sm-7c5">
         <name>_system_post_cinit</name>
         <value>0x82fff</value>
         <object_component_ref idref="oc-26f"/>
      </symbol>
      <symbol id="sm-7c7">
         <name>__c_args__</name>
         <value>0x0</value>
      </symbol>
   </symbol_table>
   <title>Link successful</title>
</link_info>
